/scratch/zaki/workspace/baobab/roachf_1024_bao/XPS_ROACH_base/implementation/system.ngc 1341286951
/scratch/zaki/workspace/baobab/roachf_1024_bao/XPS_ROACH_base/implementation/infrastructure_inst_wrapper.ngc 1341285271
/scratch/zaki/workspace/baobab/roachf_1024_bao/XPS_ROACH_base/implementation/reset_block_inst_wrapper.ngc 1341285289
/scratch/zaki/workspace/baobab/roachf_1024_bao/XPS_ROACH_base/implementation/opb0_wrapper.ngc 1341285313
/scratch/zaki/workspace/baobab/roachf_1024_bao/XPS_ROACH_base/implementation/epb_opb_bridge_inst_wrapper.ngc 1341285331
/scratch/zaki/workspace/baobab/roachf_1024_bao/XPS_ROACH_base/implementation/epb_infrastructure_inst_wrapper.ngc 1341285349
/scratch/zaki/workspace/baobab/roachf_1024_bao/XPS_ROACH_base/implementation/sys_block_inst_wrapper.ngc 1341285367
/scratch/zaki/workspace/baobab/roachf_1024_bao/XPS_ROACH_base/implementation/xaui_infrastructure_inst_wrapper.ngc 1341285394
/scratch/zaki/workspace/baobab/roachf_1024_bao/XPS_ROACH_base/implementation/opb_adccontroller_0_wrapper.ngc 1341285416
/scratch/zaki/workspace/baobab/roachf_1024_bao/XPS_ROACH_base/implementation/roachf_1024_bao_xsg_core_config_wrapper.ngc 1341286661
../pcores/fft_wideband_real_core2.ngc 1337850705
../pcores/fir_core.ngc 1337638135
/scratch/zaki/workspace/baobab/roachf_1024_bao/XPS_ROACH_base/implementation/roachf_1024_bao_ant_base_wrapper.ngc 1341285451
/scratch/zaki/workspace/baobab/roachf_1024_bao/XPS_ROACH_base/implementation/roachf_1024_bao_feng_ctl_wrapper.ngc 1341285471
/scratch/zaki/workspace/baobab/roachf_1024_bao/XPS_ROACH_base/implementation/roachf_1024_bao_fft_shift_wrapper.ngc 1341285490
/scratch/zaki/workspace/baobab/roachf_1024_bao/XPS_ROACH_base/implementation/roachf_1024_bao_gbe_sw_port_wrapper.ngc 1341285509
/scratch/zaki/workspace/baobab/roachf_1024_bao/XPS_ROACH_base/implementation/roachf_1024_bao_gpu_ip_wrapper.ngc 1341285528
/scratch/zaki/workspace/baobab/roachf_1024_bao/XPS_ROACH_base/implementation/roachf_1024_bao_gpu_port_wrapper.ngc 1341285547
/scratch/zaki/workspace/baobab/roachf_1024_bao/XPS_ROACH_base/implementation/roachf_1024_bao_ip_base_wrapper.ngc 1341285566
/scratch/zaki/workspace/baobab/roachf_1024_bao/XPS_ROACH_base/implementation/roachf_1024_bao_my_ip_wrapper.ngc 1341285585
/scratch/zaki/workspace/baobab/roachf_1024_bao/XPS_ROACH_base/implementation/roachf_1024_bao_adc_s_adc_wrapper.ngc 1341286678
/scratch/zaki/workspace/baobab/roachf_1024_bao/XPS_ROACH_base/implementation/roachf_1024_bao_adc_s_adc1_wrapper.ngc 1341286695
/scratch/zaki/workspace/baobab/roachf_1024_bao/XPS_ROACH_base/implementation/roachf_1024_bao_eq_quant0_addr_wrapper.ngc 1341285642
/scratch/zaki/workspace/baobab/roachf_1024_bao/XPS_ROACH_base/implementation/roachf_1024_bao_eq_quant0_gain_wrapper.ngc 1341285661
/scratch/zaki/workspace/baobab/roachf_1024_bao/XPS_ROACH_base/implementation/roachf_1024_bao_eq_quant1_addr_wrapper.ngc 1341285680
/scratch/zaki/workspace/baobab/roachf_1024_bao/XPS_ROACH_base/implementation/roachf_1024_bao_eq_quant1_gain_wrapper.ngc 1341285699
/scratch/zaki/workspace/baobab/roachf_1024_bao/XPS_ROACH_base/implementation/roachf_1024_bao_eq_quant2_addr_wrapper.ngc 1341285718
/scratch/zaki/workspace/baobab/roachf_1024_bao/XPS_ROACH_base/implementation/roachf_1024_bao_eq_quant2_gain_wrapper.ngc 1341285737
/scratch/zaki/workspace/baobab/roachf_1024_bao/XPS_ROACH_base/implementation/roachf_1024_bao_eq_quant3_addr_wrapper.ngc 1341285756
/scratch/zaki/workspace/baobab/roachf_1024_bao/XPS_ROACH_base/implementation/roachf_1024_bao_eq_quant3_gain_wrapper.ngc 1341285776
/scratch/zaki/workspace/baobab/roachf_1024_bao/XPS_ROACH_base/implementation/roachf_1024_bao_leds_led1_arm_wrapper.ngc 1341285794
/scratch/zaki/workspace/baobab/roachf_1024_bao/XPS_ROACH_base/implementation/roachf_1024_bao_leds_led2_sync_wrapper.ngc 1341285811
/scratch/zaki/workspace/baobab/roachf_1024_bao/XPS_ROACH_base/implementation/roachf_1024_bao_leds_led4_eq_clip_wrapper.ngc 1341285828
/scratch/zaki/workspace/baobab/roachf_1024_bao/XPS_ROACH_base/implementation/roachf_1024_bao_delay_values_wrapper.ngc 1341285846
/scratch/zaki/workspace/baobab/roachf_1024_bao/XPS_ROACH_base/implementation/roachf_1024_bao_gpu_gbe2_wrapper.ngc 1341286706
/scratch/zaki/workspace/baobab/roachf_1024_bao/XPS_ROACH_base/implementation/xaui_phy_2_wrapper.ngc 1341286718
/scratch/zaki/workspace/baobab/roachf_1024_bao/XPS_ROACH_base/implementation/roachf_1024_bao_input_selector_wrapper.ngc 1341285928
/scratch/zaki/workspace/baobab/roachf_1024_bao/XPS_ROACH_base/implementation/roachf_1024_bao_loopback_loop_cnt_wrapper.ngc 1341285947
/scratch/zaki/workspace/baobab/roachf_1024_bao/XPS_ROACH_base/implementation/roachf_1024_bao_loopback_loop_err_cnt_wrapper.ngc 1341285966
/scratch/zaki/workspace/baobab/roachf_1024_bao/XPS_ROACH_base/implementation/roachf_1024_bao_loopback_loopback_mux_gbe_over_wrapper.ngc 1341285984
/scratch/zaki/workspace/baobab/roachf_1024_bao/XPS_ROACH_base/implementation/roachf_1024_bao_loopback_loopback_mux_gbe_und_wrapper.ngc 1341286003
/scratch/zaki/workspace/baobab/roachf_1024_bao/XPS_ROACH_base/implementation/roachf_1024_bao_loopback_loopback_mux_lb_over_wrapper.ngc 1341286022
/scratch/zaki/workspace/baobab/roachf_1024_bao/XPS_ROACH_base/implementation/roachf_1024_bao_loopback_loopback_mux_lb_und_wrapper.ngc 1341286041
/scratch/zaki/workspace/baobab/roachf_1024_bao/XPS_ROACH_base/implementation/roachf_1024_bao_loopback_loopback_fifo_lb_err_cnt_wrapper.ngc 1341286060
/scratch/zaki/workspace/baobab/roachf_1024_bao/XPS_ROACH_base/implementation/roachf_1024_bao_loopback_rx_cnt_wrapper.ngc 1341286079
/scratch/zaki/workspace/baobab/roachf_1024_bao/XPS_ROACH_base/implementation/roachf_1024_bao_loopback_rx_err_cnt_wrapper.ngc 1341286098
/scratch/zaki/workspace/baobab/roachf_1024_bao/XPS_ROACH_base/implementation/roachf_1024_bao_loopback_rx_pkt_fifo_santa_2big_wrapper.ngc 1341286117
/scratch/zaki/workspace/baobab/roachf_1024_bao/XPS_ROACH_base/implementation/roachf_1024_bao_loopback_rx_pkt_fifo_santa_2small_wrapper.ngc 1341286136
/scratch/zaki/workspace/baobab/roachf_1024_bao/XPS_ROACH_base/implementation/roachf_1024_bao_seed_data_wrapper.ngc 1341286155
/scratch/zaki/workspace/baobab/roachf_1024_bao/XPS_ROACH_base/implementation/roachf_1024_bao_status_gbe_gpu_wrapper.ngc 1341286174
/scratch/zaki/workspace/baobab/roachf_1024_bao/XPS_ROACH_base/implementation/roachf_1024_bao_status_gbe_sw_wrapper.ngc 1341286192
/scratch/zaki/workspace/baobab/roachf_1024_bao/XPS_ROACH_base/implementation/roachf_1024_bao_status_swgbe_bframe_wrapper.ngc 1341286211
/scratch/zaki/workspace/baobab/roachf_1024_bao/XPS_ROACH_base/implementation/roachf_1024_bao_status_swgbe_oflow_wrapper.ngc 1341286230
/scratch/zaki/workspace/baobab/roachf_1024_bao/XPS_ROACH_base/implementation/roachf_1024_bao_status_swgbe_orun_wrapper.ngc 1341286249
/scratch/zaki/workspace/baobab/roachf_1024_bao/XPS_ROACH_base/implementation/roachf_1024_bao_switch_10gbetxsnap_addr_wrapper.ngc 1341286268
/scratch/zaki/workspace/baobab/roachf_1024_bao/XPS_ROACH_base/implementation/roachf_1024_bao_switch_10gbetxsnap_bram_lsb_ramif_wrapper.ngc 1341286287
/scratch/zaki/workspace/baobab/roachf_1024_bao/XPS_ROACH_base/implementation/roachf_1024_bao_switch_10gbetxsnap_bram_lsb_ramblk_wrapper.ngc 1341286305
/scratch/zaki/workspace/baobab/roachf_1024_bao/XPS_ROACH_base/implementation/roachf_1024_bao_switch_10gbetxsnap_bram_lsb_wrapper.ngc 1341286323
/scratch/zaki/workspace/baobab/roachf_1024_bao/XPS_ROACH_base/implementation/roachf_1024_bao_switch_10gbetxsnap_bram_msb_ramif_wrapper.ngc 1341286340
/scratch/zaki/workspace/baobab/roachf_1024_bao/XPS_ROACH_base/implementation/roachf_1024_bao_switch_10gbetxsnap_bram_msb_ramblk_wrapper.ngc 1341286358
/scratch/zaki/workspace/baobab/roachf_1024_bao/XPS_ROACH_base/implementation/roachf_1024_bao_switch_10gbetxsnap_bram_msb_wrapper.ngc 1341286376
/scratch/zaki/workspace/baobab/roachf_1024_bao/XPS_ROACH_base/implementation/roachf_1024_bao_switch_10gbetxsnap_bram_oob_ramif_wrapper.ngc 1341286393
/scratch/zaki/workspace/baobab/roachf_1024_bao/XPS_ROACH_base/implementation/roachf_1024_bao_switch_10gbetxsnap_bram_oob_ramblk_wrapper.ngc 1341286411
/scratch/zaki/workspace/baobab/roachf_1024_bao/XPS_ROACH_base/implementation/roachf_1024_bao_switch_10gbetxsnap_bram_oob_wrapper.ngc 1341286429
/scratch/zaki/workspace/baobab/roachf_1024_bao/XPS_ROACH_base/implementation/roachf_1024_bao_switch_10gbetxsnap_ctrl_wrapper.ngc 1341286447
/scratch/zaki/workspace/baobab/roachf_1024_bao/XPS_ROACH_base/implementation/roachf_1024_bao_switch_gbe3_wrapper.ngc 1341286729
/scratch/zaki/workspace/baobab/roachf_1024_bao/XPS_ROACH_base/implementation/xaui_phy_3_wrapper.ngc 1341286740
/scratch/zaki/workspace/baobab/roachf_1024_bao/XPS_ROACH_base/implementation/qdr0_controller_wrapper.ngc 1341286538
/scratch/zaki/workspace/baobab/roachf_1024_bao/XPS_ROACH_base/implementation/qdr0_sniffer_wrapper.ngc 1341286557
/scratch/zaki/workspace/baobab/roachf_1024_bao/XPS_ROACH_base/implementation/qdr1_controller_wrapper.ngc 1341286585
/scratch/zaki/workspace/baobab/roachf_1024_bao/XPS_ROACH_base/implementation/qdr1_sniffer_wrapper.ngc 1341286604
/scratch/zaki/workspace/baobab/roachf_1024_bao/XPS_ROACH_base/implementation/opb1_wrapper.ngc 1341286627
/scratch/zaki/workspace/baobab/roachf_1024_bao/XPS_ROACH_base/implementation/opb2opb_bridge_opb1_wrapper.ngc 1341286646
OK
