/scratch/zaki/workspace/baobab/roachf_1024_bao/XPS_ROACH_base/implementation/system.ngc 1340860100
/scratch/zaki/workspace/baobab/roachf_1024_bao/XPS_ROACH_base/implementation/infrastructure_inst_wrapper.ngc 1340858355
/scratch/zaki/workspace/baobab/roachf_1024_bao/XPS_ROACH_base/implementation/reset_block_inst_wrapper.ngc 1340858373
/scratch/zaki/workspace/baobab/roachf_1024_bao/XPS_ROACH_base/implementation/opb0_wrapper.ngc 1340858397
/scratch/zaki/workspace/baobab/roachf_1024_bao/XPS_ROACH_base/implementation/epb_opb_bridge_inst_wrapper.ngc 1340858415
/scratch/zaki/workspace/baobab/roachf_1024_bao/XPS_ROACH_base/implementation/epb_infrastructure_inst_wrapper.ngc 1340858433
/scratch/zaki/workspace/baobab/roachf_1024_bao/XPS_ROACH_base/implementation/sys_block_inst_wrapper.ngc 1340858451
/scratch/zaki/workspace/baobab/roachf_1024_bao/XPS_ROACH_base/implementation/xaui_infrastructure_inst_wrapper.ngc 1340858478
/scratch/zaki/workspace/baobab/roachf_1024_bao/XPS_ROACH_base/implementation/opb_adccontroller_0_wrapper.ngc 1340858499
/scratch/zaki/workspace/baobab/roachf_1024_bao/XPS_ROACH_base/implementation/roachf_1024_bao_xsg_core_config_wrapper.ngc 1340859805
../pcores/fft_wideband_real_core2.ngc 1337850705
../pcores/fir_core.ngc 1337638135
/scratch/zaki/workspace/baobab/roachf_1024_bao/XPS_ROACH_base/implementation/roachf_1024_bao_ant_base_wrapper.ngc 1340858535
/scratch/zaki/workspace/baobab/roachf_1024_bao/XPS_ROACH_base/implementation/roachf_1024_bao_feng_ctl_wrapper.ngc 1340858554
/scratch/zaki/workspace/baobab/roachf_1024_bao/XPS_ROACH_base/implementation/roachf_1024_bao_fft_shift_wrapper.ngc 1340858573
/scratch/zaki/workspace/baobab/roachf_1024_bao/XPS_ROACH_base/implementation/roachf_1024_bao_gbe_sw_port_wrapper.ngc 1340858592
/scratch/zaki/workspace/baobab/roachf_1024_bao/XPS_ROACH_base/implementation/roachf_1024_bao_gpu_ip_wrapper.ngc 1340858611
/scratch/zaki/workspace/baobab/roachf_1024_bao/XPS_ROACH_base/implementation/roachf_1024_bao_gpu_port_wrapper.ngc 1340858630
/scratch/zaki/workspace/baobab/roachf_1024_bao/XPS_ROACH_base/implementation/roachf_1024_bao_ip_base_wrapper.ngc 1340858649
/scratch/zaki/workspace/baobab/roachf_1024_bao/XPS_ROACH_base/implementation/roachf_1024_bao_my_ip_wrapper.ngc 1340858668
/scratch/zaki/workspace/baobab/roachf_1024_bao/XPS_ROACH_base/implementation/roachf_1024_bao_adc_s_adc_wrapper.ngc 1340859822
/scratch/zaki/workspace/baobab/roachf_1024_bao/XPS_ROACH_base/implementation/roachf_1024_bao_adc_s_adc1_wrapper.ngc 1340859839
/scratch/zaki/workspace/baobab/roachf_1024_bao/XPS_ROACH_base/implementation/roachf_1024_bao_eq_quant0_addr_wrapper.ngc 1340858725
/scratch/zaki/workspace/baobab/roachf_1024_bao/XPS_ROACH_base/implementation/roachf_1024_bao_eq_quant0_gain_wrapper.ngc 1340858744
/scratch/zaki/workspace/baobab/roachf_1024_bao/XPS_ROACH_base/implementation/roachf_1024_bao_eq_quant1_addr_wrapper.ngc 1340858763
/scratch/zaki/workspace/baobab/roachf_1024_bao/XPS_ROACH_base/implementation/roachf_1024_bao_eq_quant1_gain_wrapper.ngc 1340858782
/scratch/zaki/workspace/baobab/roachf_1024_bao/XPS_ROACH_base/implementation/roachf_1024_bao_eq_quant2_addr_wrapper.ngc 1340858801
/scratch/zaki/workspace/baobab/roachf_1024_bao/XPS_ROACH_base/implementation/roachf_1024_bao_eq_quant2_gain_wrapper.ngc 1340858820
/scratch/zaki/workspace/baobab/roachf_1024_bao/XPS_ROACH_base/implementation/roachf_1024_bao_eq_quant3_addr_wrapper.ngc 1340858839
/scratch/zaki/workspace/baobab/roachf_1024_bao/XPS_ROACH_base/implementation/roachf_1024_bao_eq_quant3_gain_wrapper.ngc 1340858858
/scratch/zaki/workspace/baobab/roachf_1024_bao/XPS_ROACH_base/implementation/roachf_1024_bao_leds_led1_arm_wrapper.ngc 1340858877
/scratch/zaki/workspace/baobab/roachf_1024_bao/XPS_ROACH_base/implementation/roachf_1024_bao_leds_led2_sync_wrapper.ngc 1340858894
/scratch/zaki/workspace/baobab/roachf_1024_bao/XPS_ROACH_base/implementation/roachf_1024_bao_leds_led4_eq_clip_wrapper.ngc 1340858911
/scratch/zaki/workspace/baobab/roachf_1024_bao/XPS_ROACH_base/implementation/roachf_1024_bao_delay_values_wrapper.ngc 1340858929
/scratch/zaki/workspace/baobab/roachf_1024_bao/XPS_ROACH_base/implementation/roachf_1024_bao_gpu_gbe2_wrapper.ngc 1340859851
/scratch/zaki/workspace/baobab/roachf_1024_bao/XPS_ROACH_base/implementation/xaui_phy_2_wrapper.ngc 1340859862
/scratch/zaki/workspace/baobab/roachf_1024_bao/XPS_ROACH_base/implementation/roachf_1024_bao_gpu_mcnt_lsb_wrapper.ngc 1340859011
/scratch/zaki/workspace/baobab/roachf_1024_bao/XPS_ROACH_base/implementation/roachf_1024_bao_gpu_mcnt_msb_wrapper.ngc 1340859031
/scratch/zaki/workspace/baobab/roachf_1024_bao/XPS_ROACH_base/implementation/roachf_1024_bao_input_selector_wrapper.ngc 1340859050
/scratch/zaki/workspace/baobab/roachf_1024_bao/XPS_ROACH_base/implementation/roachf_1024_bao_loopback_loop_cnt_wrapper.ngc 1340859069
/scratch/zaki/workspace/baobab/roachf_1024_bao/XPS_ROACH_base/implementation/roachf_1024_bao_loopback_loop_err_cnt_wrapper.ngc 1340859088
/scratch/zaki/workspace/baobab/roachf_1024_bao/XPS_ROACH_base/implementation/roachf_1024_bao_loopback_loopback_mux_gbe_over_wrapper.ngc 1340859107
/scratch/zaki/workspace/baobab/roachf_1024_bao/XPS_ROACH_base/implementation/roachf_1024_bao_loopback_loopback_mux_gbe_und_wrapper.ngc 1340859126
/scratch/zaki/workspace/baobab/roachf_1024_bao/XPS_ROACH_base/implementation/roachf_1024_bao_loopback_loopback_mux_lb_over_wrapper.ngc 1340859145
/scratch/zaki/workspace/baobab/roachf_1024_bao/XPS_ROACH_base/implementation/roachf_1024_bao_loopback_loopback_mux_lb_und_wrapper.ngc 1340859164
/scratch/zaki/workspace/baobab/roachf_1024_bao/XPS_ROACH_base/implementation/roachf_1024_bao_loopback_loopback_fifo_lb_err_cnt_wrapper.ngc 1340859182
/scratch/zaki/workspace/baobab/roachf_1024_bao/XPS_ROACH_base/implementation/roachf_1024_bao_loopback_rx_cnt_wrapper.ngc 1340859201
/scratch/zaki/workspace/baobab/roachf_1024_bao/XPS_ROACH_base/implementation/roachf_1024_bao_loopback_rx_err_cnt_wrapper.ngc 1340859220
/scratch/zaki/workspace/baobab/roachf_1024_bao/XPS_ROACH_base/implementation/roachf_1024_bao_loopback_rx_pkt_fifo_santa_2big_wrapper.ngc 1340859239
/scratch/zaki/workspace/baobab/roachf_1024_bao/XPS_ROACH_base/implementation/roachf_1024_bao_loopback_rx_pkt_fifo_santa_2small_wrapper.ngc 1340859259
/scratch/zaki/workspace/baobab/roachf_1024_bao/XPS_ROACH_base/implementation/roachf_1024_bao_loopback_rx_pkt_fifo_gbe_err_cnt_wrapper.ngc 1340859277
/scratch/zaki/workspace/baobab/roachf_1024_bao/XPS_ROACH_base/implementation/roachf_1024_bao_seed_data_wrapper.ngc 1340859296
/scratch/zaki/workspace/baobab/roachf_1024_bao/XPS_ROACH_base/implementation/roachf_1024_bao_status_gbe_gpu_wrapper.ngc 1340859315
/scratch/zaki/workspace/baobab/roachf_1024_bao/XPS_ROACH_base/implementation/roachf_1024_bao_status_gbe_sw_wrapper.ngc 1340859334
/scratch/zaki/workspace/baobab/roachf_1024_bao/XPS_ROACH_base/implementation/roachf_1024_bao_status_swgbe_bframe_wrapper.ngc 1340859353
/scratch/zaki/workspace/baobab/roachf_1024_bao/XPS_ROACH_base/implementation/roachf_1024_bao_status_swgbe_oflow_wrapper.ngc 1340859372
/scratch/zaki/workspace/baobab/roachf_1024_bao/XPS_ROACH_base/implementation/roachf_1024_bao_status_swgbe_orun_wrapper.ngc 1340859391
/scratch/zaki/workspace/baobab/roachf_1024_bao/XPS_ROACH_base/implementation/roachf_1024_bao_switch_10gbetxsnap_addr_wrapper.ngc 1340859410
/scratch/zaki/workspace/baobab/roachf_1024_bao/XPS_ROACH_base/implementation/roachf_1024_bao_switch_10gbetxsnap_bram_lsb_ramif_wrapper.ngc 1340859429
/scratch/zaki/workspace/baobab/roachf_1024_bao/XPS_ROACH_base/implementation/roachf_1024_bao_switch_10gbetxsnap_bram_lsb_ramblk_wrapper.ngc 1340859447
/scratch/zaki/workspace/baobab/roachf_1024_bao/XPS_ROACH_base/implementation/roachf_1024_bao_switch_10gbetxsnap_bram_lsb_wrapper.ngc 1340859465
/scratch/zaki/workspace/baobab/roachf_1024_bao/XPS_ROACH_base/implementation/roachf_1024_bao_switch_10gbetxsnap_bram_msb_ramif_wrapper.ngc 1340859483
/scratch/zaki/workspace/baobab/roachf_1024_bao/XPS_ROACH_base/implementation/roachf_1024_bao_switch_10gbetxsnap_bram_msb_ramblk_wrapper.ngc 1340859501
/scratch/zaki/workspace/baobab/roachf_1024_bao/XPS_ROACH_base/implementation/roachf_1024_bao_switch_10gbetxsnap_bram_msb_wrapper.ngc 1340859519
/scratch/zaki/workspace/baobab/roachf_1024_bao/XPS_ROACH_base/implementation/roachf_1024_bao_switch_10gbetxsnap_bram_oob_ramif_wrapper.ngc 1340859536
/scratch/zaki/workspace/baobab/roachf_1024_bao/XPS_ROACH_base/implementation/roachf_1024_bao_switch_10gbetxsnap_bram_oob_ramblk_wrapper.ngc 1340859554
/scratch/zaki/workspace/baobab/roachf_1024_bao/XPS_ROACH_base/implementation/roachf_1024_bao_switch_10gbetxsnap_bram_oob_wrapper.ngc 1340859572
/scratch/zaki/workspace/baobab/roachf_1024_bao/XPS_ROACH_base/implementation/roachf_1024_bao_switch_10gbetxsnap_ctrl_wrapper.ngc 1340859590
/scratch/zaki/workspace/baobab/roachf_1024_bao/XPS_ROACH_base/implementation/roachf_1024_bao_switch_gbe3_wrapper.ngc 1340859873
/scratch/zaki/workspace/baobab/roachf_1024_bao/XPS_ROACH_base/implementation/xaui_phy_3_wrapper.ngc 1340859884
/scratch/zaki/workspace/baobab/roachf_1024_bao/XPS_ROACH_base/implementation/qdr0_controller_wrapper.ngc 1340859681
/scratch/zaki/workspace/baobab/roachf_1024_bao/XPS_ROACH_base/implementation/qdr0_sniffer_wrapper.ngc 1340859700
/scratch/zaki/workspace/baobab/roachf_1024_bao/XPS_ROACH_base/implementation/qdr1_controller_wrapper.ngc 1340859728
/scratch/zaki/workspace/baobab/roachf_1024_bao/XPS_ROACH_base/implementation/qdr1_sniffer_wrapper.ngc 1340859747
/scratch/zaki/workspace/baobab/roachf_1024_bao/XPS_ROACH_base/implementation/opb1_wrapper.ngc 1340859771
/scratch/zaki/workspace/baobab/roachf_1024_bao/XPS_ROACH_base/implementation/opb2opb_bridge_opb1_wrapper.ngc 1340859790
OK
