EN fft_direct_entity_d6658f84e8 NULL /scratch/zaki/workspace/baobab/fft_wideband_real_core/synth_model/fft_wideband_real_core.vhd sub05/vhpl530 1336087501
AR constant_ef0e2e5fc6 behavior /scratch/zaki/workspace/baobab/fft_wideband_real_core/synth_model/fft_wideband_real_core.vhd sub03/vhpl303 1336087274
EN mux_181e58d842 NULL /scratch/zaki/workspace/baobab/fft_wideband_real_core/synth_model/fft_wideband_real_core.vhd sub02/vhpl238 1336087209
AR sync_delay_ctr_entity_4ebbfebcd1 structural /scratch/zaki/workspace/baobab/fft_wideband_real_core/synth_model/fft_wideband_real_core.vhd sub03/vhpl379 1336087350
EN bmg_62_e195761ec2ed12e6 NULL /scratch/zaki/workspace/baobab/fft_wideband_real_core/synth_model/fft_wideband_real_core.vhd sub00/vhpl38 1336087009
AR butterfly1_0_entity_d1ea489d9a structural /scratch/zaki/workspace/baobab/fft_wideband_real_core/synth_model/fft_wideband_real_core.vhd sub05/vhpl515 1336087486
EN cntr_11_0_e9eaaa5672e4be4d NULL /scratch/zaki/workspace/baobab/fft_wideband_real_core/synth_model/fft_wideband_real_core.vhd sub00/vhpl56 1336087027
EN fft_stage_9_entity_86ae7aec0c NULL /scratch/zaki/workspace/baobab/fft_wideband_real_core/synth_model/fft_wideband_real_core.vhd sub05/vhpl502 1336087473
EN dmg_62_1a18407473b36622 NULL /scratch/zaki/workspace/baobab/fft_wideband_real_core/synth_model/fft_wideband_real_core.vhd sub00/vhpl68 1336087039
AR constant_180df391de behavior /scratch/zaki/workspace/baobab/fft_wideband_real_core/synth_model/fft_wideband_real_core.vhd sub02/vhpl277 1336087248
AR relational_8701b88949 behavior /scratch/zaki/workspace/baobab/fft_wideband_real_core/synth_model/fft_wideband_real_core.vhd sub01/vhpl169 1336087140
AR bmg_62_51321cc7c8e9865c bmg_62_51321cc7c8e9865c_a /scratch/zaki/workspace/baobab/fft_wideband_real_core/synth_model/fft_wideband_real_core.vhd sub00/vhpl35 1336087006
EN logical_182ac6c51e NULL /scratch/zaki/workspace/baobab/fft_wideband_real_core/synth_model/fft_wideband_real_core.vhd sub02/vhpl262 1336087233
AR cntr_11_0_9adf5a9f785e3fb8 cntr_11_0_9adf5a9f785e3fb8_a /scratch/zaki/workspace/baobab/fft_wideband_real_core/synth_model/fft_wideband_real_core.vhd sub00/vhpl83 1336087054
AR butterfly2_0_entity_10093d3d4b structural /scratch/zaki/workspace/baobab/fft_wideband_real_core/synth_model/fft_wideband_real_core.vhd sub05/vhpl523 1336087494
EN csub_entity_839afd606e NULL /scratch/zaki/workspace/baobab/fft_wideband_real_core/synth_model/fft_wideband_real_core.vhd sub04/vhpl414 1336087385
PB conv_pkg conv_pkg /scratch/zaki/workspace/baobab/fft_wideband_real_core/synth_model/fft_wideband_real_core.vhd sub00/vhpl99 1336087070
EN twiddle_general_4mult_entity_4d4e3e3f57 NULL /scratch/zaki/workspace/baobab/fft_wideband_real_core/synth_model/fft_wideband_real_core.vhd sub04/vhpl458 1336087429
AR cntr_11_0_e9eaaa5672e4be4d cntr_11_0_e9eaaa5672e4be4d_a /scratch/zaki/workspace/baobab/fft_wideband_real_core/synth_model/fft_wideband_real_core.vhd sub00/vhpl57 1336087028
AR cntr_11_0_35c81e3155ab2f6f cntr_11_0_35c81e3155ab2f6f_a /scratch/zaki/workspace/baobab/fft_wideband_real_core/synth_model/fft_wideband_real_core.vhd sub00/vhpl61 1336087032
EN concat_c615d93998 NULL /scratch/zaki/workspace/baobab/fft_wideband_real_core/synth_model/fft_wideband_real_core.vhd sub01/vhpl196 1336087167
AR coeff_gen_entity_1300662738 structural /scratch/zaki/workspace/baobab/fft_wideband_real_core/synth_model/fft_wideband_real_core.vhd sub05/vhpl519 1336087490
AR reinterpret_299ca43e25 behavior /scratch/zaki/workspace/baobab/fft_wideband_real_core/synth_model/fft_wideband_real_core.vhd sub02/vhpl261 1336087232
EN delay_ae3f84524a NULL /scratch/zaki/workspace/baobab/fft_wideband_real_core/synth_model/fft_wideband_real_core.vhd sub02/vhpl226 1336087197
EN mult_f295e5f0f2 NULL /scratch/zaki/workspace/baobab/fft_wideband_real_core/synth_model/fft_wideband_real_core.vhd sub02/vhpl270 1336087241
EN cntr_11_0_813142b9460b2f27 NULL /scratch/zaki/workspace/baobab/fft_wideband_real_core/synth_model/fft_wideband_real_core.vhd sub00/vhpl06 1336086977
EN butterfly_direct_entity_06f5396864 NULL /scratch/zaki/workspace/baobab/fft_wideband_real_core/synth_model/fft_wideband_real_core.vhd sub04/vhpl484 1336087455
EN logical_444d3f5046 NULL /scratch/zaki/workspace/baobab/fft_wideband_real_core/synth_model/fft_wideband_real_core.vhd sub02/vhpl220 1336087191
AR cntr_11_0_73d90f0f459a7002 cntr_11_0_73d90f0f459a7002_a /scratch/zaki/workspace/baobab/fft_wideband_real_core/synth_model/fft_wideband_real_core.vhd sub00/vhpl81 1336087052
EN csub_entity_bee9b13ff2 NULL /scratch/zaki/workspace/baobab/fft_wideband_real_core/synth_model/fft_wideband_real_core.vhd sub03/vhpl388 1336087359
EN cadd_entity_3ec5ae5a4e NULL /scratch/zaki/workspace/baobab/fft_wideband_real_core/synth_model/fft_wideband_real_core.vhd sub03/vhpl358 1336087329
AR constant_8038205d89 behavior /scratch/zaki/workspace/baobab/fft_wideband_real_core/synth_model/fft_wideband_real_core.vhd sub01/vhpl147 1336087118
AR bmg_62_f5d63000a45b4cf8 bmg_62_f5d63000a45b4cf8_a /scratch/zaki/workspace/baobab/fft_wideband_real_core/synth_model/fft_wideband_real_core.vhd sub00/vhpl71 1336087042
AR relational_f6702ea2f7 behavior /scratch/zaki/workspace/baobab/fft_wideband_real_core/synth_model/fft_wideband_real_core.vhd sub03/vhpl347 1336087318
EN butterfly_direct_entity_9ebbe6ba4f NULL /scratch/zaki/workspace/baobab/fft_wideband_real_core/synth_model/fft_wideband_real_core.vhd sub04/vhpl460 1336087431
EN fft_wideband_real_core NULL /scratch/zaki/workspace/baobab/fft_wideband_real_core/synth_model/fft_wideband_real_core.vhd sub05/vhpl544 1336087515
AR fft_wideband_real_core_cw structural /scratch/zaki/workspace/baobab/fft_wideband_real_core/synth_model/fft_wideband_real_core_cw.vhd sub05/vhpl551 1336087522
AR constant_4709ea49b5 behavior /scratch/zaki/workspace/baobab/fft_wideband_real_core/synth_model/fft_wideband_real_core.vhd sub02/vhpl203 1336087174
AR constant_145086465d behavior /scratch/zaki/workspace/baobab/fft_wideband_real_core/synth_model/fft_wideband_real_core.vhd sub03/vhpl311 1336087282
EN sync_delay_entity_90e48b2a26 NULL /scratch/zaki/workspace/baobab/fft_wideband_real_core/synth_model/fft_wideband_real_core.vhd sub04/vhpl488 1336087459
EN delay_b_entity_7d713758f4 NULL /scratch/zaki/workspace/baobab/fft_wideband_real_core/synth_model/fft_wideband_real_core.vhd sub04/vhpl498 1336087469
AR twiddle_general_4mult_entity_51b322ce4e structural /scratch/zaki/workspace/baobab/fft_wideband_real_core/synth_model/fft_wideband_real_core.vhd sub05/vhpl521 1336087492
AR xldelay behavior /scratch/zaki/workspace/baobab/fft_wideband_real_core/synth_model/fft_wideband_real_core.vhd sub01/vhpl165 1336087136
EN delay_b_entity_c748cfc7d8 NULL /scratch/zaki/workspace/baobab/fft_wideband_real_core/synth_model/fft_wideband_real_core.vhd sub04/vhpl426 1336087397
AR mux_f1f44b96f0 behavior /scratch/zaki/workspace/baobab/fft_wideband_real_core/synth_model/fft_wideband_real_core.vhd sub02/vhpl273 1336087244
EN mux_fca786f2ff NULL /scratch/zaki/workspace/baobab/fft_wideband_real_core/synth_model/fft_wideband_real_core.vhd sub01/vhpl166 1336087137
EN sync_delay_entity_2cbc398b43 NULL /scratch/zaki/workspace/baobab/fft_wideband_real_core/synth_model/fft_wideband_real_core.vhd sub03/vhpl394 1336087365
AR xlconvert behavior /scratch/zaki/workspace/baobab/fft_wideband_real_core/synth_model/fft_wideband_real_core.vhd sub01/vhpl137 1336087108
EN delay_a99984b20e NULL /scratch/zaki/workspace/baobab/fft_wideband_real_core/synth_model/fft_wideband_real_core.vhd sub03/vhpl350 1336087321
EN delay_b_entity_b9edcb6bd8 NULL /scratch/zaki/workspace/baobab/fft_wideband_real_core/synth_model/fft_wideband_real_core.vhd sub04/vhpl438 1336087409
EN constant_fd85eb7067 NULL /scratch/zaki/workspace/baobab/fft_wideband_real_core/synth_model/fft_wideband_real_core.vhd sub01/vhpl174 1336087145
EN constant_a7e2bb9e12 NULL /scratch/zaki/workspace/baobab/fft_wideband_real_core/synth_model/fft_wideband_real_core.vhd sub03/vhpl324 1336087295
EN mux_f1f44b96f0 NULL /scratch/zaki/workspace/baobab/fft_wideband_real_core/synth_model/fft_wideband_real_core.vhd sub02/vhpl272 1336087243
AR butterfly_direct_entity_e4b9acb91e structural /scratch/zaki/workspace/baobab/fft_wideband_real_core/synth_model/fft_wideband_real_core.vhd sub04/vhpl425 1336087396
EN xldelay NULL /scratch/zaki/workspace/baobab/fft_wideband_real_core/synth_model/fft_wideband_real_core.vhd sub01/vhpl164 1336087135
AR default_clock_driver structural /scratch/zaki/workspace/baobab/fft_wideband_real_core/synth_model/fft_wideband_real_core_cw.vhd sub05/vhpl549 1336087520
EN ri_to_c_entity_0a7e802d3a NULL /scratch/zaki/workspace/baobab/fft_wideband_real_core/synth_model/fft_wideband_real_core.vhd sub04/vhpl418 1336087389
EN xlsprom_dist NULL /scratch/zaki/workspace/baobab/fft_wideband_real_core/synth_model/fft_wideband_real_core.vhd sub01/vhpl192 1336087163
EN constant_f1ac4bddff NULL /scratch/zaki/workspace/baobab/fft_wideband_real_core/synth_model/fft_wideband_real_core.vhd sub03/vhpl338 1336087309
AR fft_stage_8_entity_7eea52cfb7 structural /scratch/zaki/workspace/baobab/fft_wideband_real_core/synth_model/fft_wideband_real_core.vhd sub04/vhpl491 1336087462
AR ri_to_c0_entity_57c3607935 structural /scratch/zaki/workspace/baobab/fft_wideband_real_core/synth_model/fft_wideband_real_core.vhd sub03/vhpl367 1336087338
EN constant_cda50df78a NULL /scratch/zaki/workspace/baobab/fft_wideband_real_core/synth_model/fft_wideband_real_core.vhd sub03/vhpl326 1336087297
EN bmg_62_66e53735c699b53b NULL /scratch/zaki/workspace/baobab/fft_wideband_real_core/synth_model/fft_wideband_real_core.vhd sub00/vhpl18 1336086989
EN cadd_entity_5ccc5ee94d NULL /scratch/zaki/workspace/baobab/fft_wideband_real_core/synth_model/fft_wideband_real_core.vhd sub04/vhpl408 1336087379
AR bmg_62_92fa6367e92d9ee0 bmg_62_92fa6367e92d9ee0_a /scratch/zaki/workspace/baobab/fft_wideband_real_core/synth_model/fft_wideband_real_core.vhd sub00/vhpl47 1336087018
AR reinterpret_4a8cbc85ce behavior /scratch/zaki/workspace/baobab/fft_wideband_real_core/synth_model/fft_wideband_real_core.vhd sub01/vhpl199 1336087170
EN delay_2f744cdafb NULL /scratch/zaki/workspace/baobab/fft_wideband_real_core/synth_model/fft_wideband_real_core.vhd sub02/vhpl230 1336087201
EN twiddle_pass_through_entity_5d7bae4984 NULL /scratch/zaki/workspace/baobab/fft_wideband_real_core/synth_model/fft_wideband_real_core.vhd sub03/vhpl390 1336087361
EN delay_cbdfa55dc3 NULL /scratch/zaki/workspace/baobab/fft_wideband_real_core/synth_model/fft_wideband_real_core.vhd sub02/vhpl232 1336087203
EN convert_of0_entity_faf530fa35 NULL /scratch/zaki/workspace/baobab/fft_wideband_real_core/synth_model/fft_wideband_real_core.vhd sub03/vhpl386 1336087357
EN bmg_62_5274d0b3f294243c NULL /scratch/zaki/workspace/baobab/fft_wideband_real_core/synth_model/fft_wideband_real_core.vhd sub00/vhpl90 1336087061
AR cntr_11_0_7ca694f8efe8d963 cntr_11_0_7ca694f8efe8d963_a /scratch/zaki/workspace/baobab/fft_wideband_real_core/synth_model/fft_wideband_real_core.vhd sub00/vhpl79 1336087050
AR reinterpret_60ea556961 behavior /scratch/zaki/workspace/baobab/fft_wideband_real_core/synth_model/fft_wideband_real_core.vhd sub02/vhpl259 1336087230
AR sync_delay_en_entity_2848f8ed44 structural /scratch/zaki/workspace/baobab/fft_wideband_real_core/synth_model/fft_wideband_real_core.vhd sub05/vhpl533 1336087504
EN twiddle_general_4mult_entity_8413895c5c NULL /scratch/zaki/workspace/baobab/fft_wideband_real_core/synth_model/fft_wideband_real_core.vhd sub04/vhpl470 1336087441
AR constant_91ef1678ca behavior /scratch/zaki/workspace/baobab/fft_wideband_real_core/synth_model/fft_wideband_real_core.vhd sub02/vhpl245 1336087216
EN constant_961b61f8a1 NULL /scratch/zaki/workspace/baobab/fft_wideband_real_core/synth_model/fft_wideband_real_core.vhd sub02/vhpl292 1336087263
AR concat_c615d93998 behavior /scratch/zaki/workspace/baobab/fft_wideband_real_core/synth_model/fft_wideband_real_core.vhd sub01/vhpl197 1336087168
AR logical_182ac6c51e behavior /scratch/zaki/workspace/baobab/fft_wideband_real_core/synth_model/fft_wideband_real_core.vhd sub02/vhpl263 1336087234
AR addsub_2969055f39 behavior /scratch/zaki/workspace/baobab/fft_wideband_real_core/synth_model/fft_wideband_real_core.vhd sub02/vhpl255 1336087226
EN delay_b_entity_6f855eacbb NULL /scratch/zaki/workspace/baobab/fft_wideband_real_core/synth_model/fft_wideband_real_core.vhd sub04/vhpl450 1336087421
AR bmg_62_66064026d4816b4e bmg_62_66064026d4816b4e_a /scratch/zaki/workspace/baobab/fft_wideband_real_core/synth_model/fft_wideband_real_core.vhd sub00/vhpl33 1336087004
EN twiddle_general_4mult_entity_223bc3a4c7 NULL /scratch/zaki/workspace/baobab/fft_wideband_real_core/synth_model/fft_wideband_real_core.vhd sub04/vhpl494 1336087465
EN convert_entity_ee5a2f6e39 NULL /scratch/zaki/workspace/baobab/fft_wideband_real_core/synth_model/fft_wideband_real_core.vhd sub03/vhpl384 1336087355
AR concat_b57c4be2de behavior /scratch/zaki/workspace/baobab/fft_wideband_real_core/synth_model/fft_wideband_real_core.vhd sub01/vhpl139 1336087110
EN convert_of0_entity_e218f4d06f NULL /scratch/zaki/workspace/baobab/fft_wideband_real_core/synth_model/fft_wideband_real_core.vhd sub04/vhpl412 1336087383
AR dmg_62_f0d8e22702089fe9 dmg_62_f0d8e22702089fe9_a /scratch/zaki/workspace/baobab/fft_wideband_real_core/synth_model/fft_wideband_real_core.vhd sub00/vhpl93 1336087064
EN delay_423c6c1400 NULL /scratch/zaki/workspace/baobab/fft_wideband_real_core/synth_model/fft_wideband_real_core.vhd sub01/vhpl188 1336087159
EN logical_938d99ac11 NULL /scratch/zaki/workspace/baobab/fft_wideband_real_core/synth_model/fft_wideband_real_core.vhd sub02/vhpl208 1336087179
AR delay_cbdfa55dc3 behavior /scratch/zaki/workspace/baobab/fft_wideband_real_core/synth_model/fft_wideband_real_core.vhd sub02/vhpl233 1336087204
AR xlcounter_limit behavior /scratch/zaki/workspace/baobab/fft_wideband_real_core/synth_model/fft_wideband_real_core.vhd sub01/vhpl113 1336087084
EN reinterpret_299ca43e25 NULL /scratch/zaki/workspace/baobab/fft_wideband_real_core/synth_model/fft_wideband_real_core.vhd sub02/vhpl260 1336087231
EN logical_80f90b97d0 NULL /scratch/zaki/workspace/baobab/fft_wideband_real_core/synth_model/fft_wideband_real_core.vhd sub01/vhpl178 1336087149
EN bmg_62_c55d75b26312ffb9 NULL /scratch/zaki/workspace/baobab/fft_wideband_real_core/synth_model/fft_wideband_real_core.vhd sub00/vhpl76 1336087047
EN bmg_62_721e2d25fd18b8a2 NULL /scratch/zaki/workspace/baobab/fft_wideband_real_core/synth_model/fft_wideband_real_core.vhd sub00/vhpl58 1336087029
EN reorder_entity_d3434f5c8e NULL /scratch/zaki/workspace/baobab/fft_wideband_real_core/synth_model/fft_wideband_real_core.vhd sub05/vhpl534 1336087505
AR reorder_odd_entity_4df8de304c structural /scratch/zaki/workspace/baobab/fft_wideband_real_core/synth_model/fft_wideband_real_core.vhd sub03/vhpl375 1336087346
EN twiddle_general_4mult_entity_4483e33770 NULL /scratch/zaki/workspace/baobab/fft_wideband_real_core/synth_model/fft_wideband_real_core.vhd sub05/vhpl526 1336087497
EN delay_38898c80c0 NULL /scratch/zaki/workspace/baobab/fft_wideband_real_core/synth_model/fft_wideband_real_core.vhd sub02/vhpl268 1336087239
EN bmg_62_7061fc74b87e2931 NULL /scratch/zaki/workspace/baobab/fft_wideband_real_core/synth_model/fft_wideband_real_core.vhd sub00/vhpl08 1336086979
AR cntr_11_0_813142b9460b2f27 cntr_11_0_813142b9460b2f27_a /scratch/zaki/workspace/baobab/fft_wideband_real_core/synth_model/fft_wideband_real_core.vhd sub00/vhpl07 1336086978
EN twiddle_general_4mult_entity_498b2e857f NULL /scratch/zaki/workspace/baobab/fft_wideband_real_core/synth_model/fft_wideband_real_core.vhd sub05/vhpl512 1336087483
AR delay_b_entity_c748cfc7d8 structural /scratch/zaki/workspace/baobab/fft_wideband_real_core/synth_model/fft_wideband_real_core.vhd sub04/vhpl427 1336087398
EN counter_0009e314f5 NULL /scratch/zaki/workspace/baobab/fft_wideband_real_core/synth_model/fft_wideband_real_core.vhd sub03/vhpl352 1336087323
AR concat_f133931c1f behavior /scratch/zaki/workspace/baobab/fft_wideband_real_core/synth_model/fft_wideband_real_core.vhd sub02/vhpl253 1336087224
AR butterfly_direct_entity_2967faa47a structural /scratch/zaki/workspace/baobab/fft_wideband_real_core/synth_model/fft_wideband_real_core.vhd sub04/vhpl437 1336087408
AR bmg_62_c55d75b26312ffb9 bmg_62_c55d75b26312ffb9_a /scratch/zaki/workspace/baobab/fft_wideband_real_core/synth_model/fft_wideband_real_core.vhd sub00/vhpl77 1336087048
AR mux_fca786f2ff behavior /scratch/zaki/workspace/baobab/fft_wideband_real_core/synth_model/fft_wideband_real_core.vhd sub01/vhpl167 1336087138
AR constant_fd85eb7067 behavior /scratch/zaki/workspace/baobab/fft_wideband_real_core/synth_model/fft_wideband_real_core.vhd sub01/vhpl175 1336087146
AR cntr_11_0_e0d381bcdb78c3cc cntr_11_0_e0d381bcdb78c3cc_a /scratch/zaki/workspace/baobab/fft_wideband_real_core/synth_model/fft_wideband_real_core.vhd sub00/vhpl17 1336086988
EN cntr_11_0_df2bb90b8fe02ecf NULL /scratch/zaki/workspace/baobab/fft_wideband_real_core/synth_model/fft_wideband_real_core.vhd sub00/vhpl10 1336086981
EN relational_9ece3c8c4e NULL /scratch/zaki/workspace/baobab/fft_wideband_real_core/synth_model/fft_wideband_real_core.vhd sub03/vhpl304 1336087275
AR sync_delay_entity_ec464aa8f1 structural /scratch/zaki/workspace/baobab/fft_wideband_real_core/synth_model/fft_wideband_real_core.vhd sub04/vhpl477 1336087448
EN xlconvert NULL /scratch/zaki/workspace/baobab/fft_wideband_real_core/synth_model/fft_wideband_real_core.vhd sub01/vhpl136 1336087107
EN constant_6293007044 NULL /scratch/zaki/workspace/baobab/fft_wideband_real_core/synth_model/fft_wideband_real_core.vhd sub01/vhpl110 1336087081
AR constant_7244cd602b behavior /scratch/zaki/workspace/baobab/fft_wideband_real_core/synth_model/fft_wideband_real_core.vhd sub02/vhpl279 1336087250
AR reinterpret_4bf1ad328a behavior /scratch/zaki/workspace/baobab/fft_wideband_real_core/synth_model/fft_wideband_real_core.vhd sub01/vhpl145 1336087116
AR constant_cda50df78a behavior /scratch/zaki/workspace/baobab/fft_wideband_real_core/synth_model/fft_wideband_real_core.vhd sub03/vhpl327 1336087298
AR mult_f295e5f0f2 behavior /scratch/zaki/workspace/baobab/fft_wideband_real_core/synth_model/fft_wideband_real_core.vhd sub02/vhpl271 1336087242
AR ri_to_c_entity_0a7e802d3a structural /scratch/zaki/workspace/baobab/fft_wideband_real_core/synth_model/fft_wideband_real_core.vhd sub04/vhpl419 1336087390
EN biplex_core_entity_8ae395e8d4 NULL /scratch/zaki/workspace/baobab/fft_wideband_real_core/synth_model/fft_wideband_real_core.vhd sub05/vhpl504 1336087475
EN relational_0ffd72e037 NULL /scratch/zaki/workspace/baobab/fft_wideband_real_core/synth_model/fft_wideband_real_core.vhd sub03/vhpl344 1336087315
AR sync_delay_entity_1af74e333f structural /scratch/zaki/workspace/baobab/fft_wideband_real_core/synth_model/fft_wideband_real_core.vhd sub04/vhpl429 1336087400
AR coeff_gen_entity_422f348c76 structural /scratch/zaki/workspace/baobab/fft_wideband_real_core/synth_model/fft_wideband_real_core.vhd sub04/vhpl469 1336087440
AR relational_dc5bc996c9 behavior /scratch/zaki/workspace/baobab/fft_wideband_real_core/synth_model/fft_wideband_real_core.vhd sub03/vhpl307 1336087278
AR constant_fe72737ca0 behavior /scratch/zaki/workspace/baobab/fft_wideband_real_core/synth_model/fft_wideband_real_core.vhd sub03/vhpl301 1336087272
AR fft_stage_1_entity_31f6aa536b structural /scratch/zaki/workspace/baobab/fft_wideband_real_core/synth_model/fft_wideband_real_core.vhd sub03/vhpl397 1336087368
AR fft_wideband_real_core structural /scratch/zaki/workspace/baobab/fft_wideband_real_core/synth_model/fft_wideband_real_core.vhd sub05/vhpl545 1336087516
EN csub_entity_8f454f3efc NULL /scratch/zaki/workspace/baobab/fft_wideband_real_core/synth_model/fft_wideband_real_core.vhd sub03/vhpl360 1336087331
EN sync_delay_entity_1af74e333f NULL /scratch/zaki/workspace/baobab/fft_wideband_real_core/synth_model/fft_wideband_real_core.vhd sub04/vhpl428 1336087399
EN constant_822933f89b NULL /scratch/zaki/workspace/baobab/fft_wideband_real_core/synth_model/fft_wideband_real_core.vhd sub01/vhpl132 1336087103
EN cntr_11_0_c2e89722de712678 NULL /scratch/zaki/workspace/baobab/fft_wideband_real_core/synth_model/fft_wideband_real_core.vhd sub00/vhpl42 1336087013
EN twiddle_general_4mult_entity_418ad49f3f NULL /scratch/zaki/workspace/baobab/fft_wideband_real_core/synth_model/fft_wideband_real_core.vhd sub04/vhpl434 1336087405
EN reorder_odd_entity_4df8de304c NULL /scratch/zaki/workspace/baobab/fft_wideband_real_core/synth_model/fft_wideband_real_core.vhd sub03/vhpl374 1336087345
AR relational_78eac2928d behavior /scratch/zaki/workspace/baobab/fft_wideband_real_core/synth_model/fft_wideband_real_core.vhd sub01/vhpl185 1336087156
EN bmg_62_de80a27a29f3ada6 NULL /scratch/zaki/workspace/baobab/fft_wideband_real_core/synth_model/fft_wideband_real_core.vhd sub00/vhpl50 1336087021
AR bmg_62_5274d0b3f294243c bmg_62_5274d0b3f294243c_a /scratch/zaki/workspace/baobab/fft_wideband_real_core/synth_model/fft_wideband_real_core.vhd sub00/vhpl91 1336087062
EN coeff_gen_entity_7dfd74dc47 NULL /scratch/zaki/workspace/baobab/fft_wideband_real_core/synth_model/fft_wideband_real_core.vhd sub04/vhpl432 1336087403
EN constant_fbc2f0cce1 NULL /scratch/zaki/workspace/baobab/fft_wideband_real_core/synth_model/fft_wideband_real_core.vhd sub03/vhpl342 1336087313
AR coeff_gen_entity_7dfd74dc47 structural /scratch/zaki/workspace/baobab/fft_wideband_real_core/synth_model/fft_wideband_real_core.vhd sub04/vhpl433 1336087404
AR mux_181e58d842 behavior /scratch/zaki/workspace/baobab/fft_wideband_real_core/synth_model/fft_wideband_real_core.vhd sub02/vhpl239 1336087210
AR relational_23065a6aa3 behavior /scratch/zaki/workspace/baobab/fft_wideband_real_core/synth_model/fft_wideband_real_core.vhd sub02/vhpl285 1336087256
EN delay_848c26f47b NULL /scratch/zaki/workspace/baobab/fft_wideband_real_core/synth_model/fft_wideband_real_core.vhd sub02/vhpl228 1336087199
EN constant_270746ab47 NULL /scratch/zaki/workspace/baobab/fft_wideband_real_core/synth_model/fft_wideband_real_core.vhd sub01/vhpl140 1336087111
AR reinterpret_eb03bc3377 behavior /scratch/zaki/workspace/baobab/fft_wideband_real_core/synth_model/fft_wideband_real_core.vhd sub01/vhpl125 1336087096
EN constant_4709ea49b5 NULL /scratch/zaki/workspace/baobab/fft_wideband_real_core/synth_model/fft_wideband_real_core.vhd sub02/vhpl202 1336087173
EN dmg_62_5863af36f6036886 NULL /scratch/zaki/workspace/baobab/fft_wideband_real_core/synth_model/fft_wideband_real_core.vhd sub00/vhpl00 1336086971
AR logical_80f90b97d0 behavior /scratch/zaki/workspace/baobab/fft_wideband_real_core/synth_model/fft_wideband_real_core.vhd sub01/vhpl179 1336087150
EN scale_9f61027ba4 NULL /scratch/zaki/workspace/baobab/fft_wideband_real_core/synth_model/fft_wideband_real_core.vhd sub01/vhpl156 1336087127
EN xlspram NULL /scratch/zaki/workspace/baobab/fft_wideband_real_core/synth_model/fft_wideband_real_core.vhd sub01/vhpl114 1336087085
AR constant_f1ac4bddff behavior /scratch/zaki/workspace/baobab/fft_wideband_real_core/synth_model/fft_wideband_real_core.vhd sub03/vhpl339 1336087310
EN constant_a267c870be NULL /scratch/zaki/workspace/baobab/fft_wideband_real_core/synth_model/fft_wideband_real_core.vhd sub02/vhpl288 1336087259
EN sync_delay_en_entity_2848f8ed44 NULL /scratch/zaki/workspace/baobab/fft_wideband_real_core/synth_model/fft_wideband_real_core.vhd sub05/vhpl532 1336087503
AR mux_bcb919797f behavior /scratch/zaki/workspace/baobab/fft_wideband_real_core/synth_model/fft_wideband_real_core.vhd sub03/vhpl349 1336087320
EN relational_fe487ce1c7 NULL /scratch/zaki/workspace/baobab/fft_wideband_real_core/synth_model/fft_wideband_real_core.vhd sub02/vhpl296 1336087267
AR constant_e8ddc079e9 behavior /scratch/zaki/workspace/baobab/fft_wideband_real_core/synth_model/fft_wideband_real_core.vhd sub03/vhpl329 1336087300
AR relational_f9928864ea behavior /scratch/zaki/workspace/baobab/fft_wideband_real_core/synth_model/fft_wideband_real_core.vhd sub03/vhpl333 1336087304
AR logical_aacf6e1b0e behavior /scratch/zaki/workspace/baobab/fft_wideband_real_core/synth_model/fft_wideband_real_core.vhd sub01/vhpl177 1336087148
EN counter_223a0f3237 NULL /scratch/zaki/workspace/baobab/fft_wideband_real_core/synth_model/fft_wideband_real_core.vhd sub03/vhpl334 1336087305
EN coeff_gen_entity_6dff86c0da NULL /scratch/zaki/workspace/baobab/fft_wideband_real_core/synth_model/fft_wideband_real_core.vhd sub04/vhpl480 1336087451
AR constant_582a3706dd behavior /scratch/zaki/workspace/baobab/fft_wideband_real_core/synth_model/fft_wideband_real_core.vhd sub02/vhpl299 1336087270
AR fft_stage_7_entity_cf4bb1eb09 structural /scratch/zaki/workspace/baobab/fft_wideband_real_core/synth_model/fft_wideband_real_core.vhd sub04/vhpl479 1336087450
AR bmg_62_e195761ec2ed12e6 bmg_62_e195761ec2ed12e6_a /scratch/zaki/workspace/baobab/fft_wideband_real_core/synth_model/fft_wideband_real_core.vhd sub00/vhpl39 1336087010
EN bmg_62_6ea787275fdc24d6 NULL /scratch/zaki/workspace/baobab/fft_wideband_real_core/synth_model/fft_wideband_real_core.vhd sub00/vhpl86 1336087057
EN mux_bcb919797f NULL /scratch/zaki/workspace/baobab/fft_wideband_real_core/synth_model/fft_wideband_real_core.vhd sub03/vhpl348 1336087319
EN twiddle_general_4mult_entity_51b322ce4e NULL /scratch/zaki/workspace/baobab/fft_wideband_real_core/synth_model/fft_wideband_real_core.vhd sub05/vhpl520 1336087491
AR bmg_62_83efd1fdf9477a72 bmg_62_83efd1fdf9477a72_a /scratch/zaki/workspace/baobab/fft_wideband_real_core/synth_model/fft_wideband_real_core.vhd sub00/vhpl05 1336086976
EN relational_23065a6aa3 NULL /scratch/zaki/workspace/baobab/fft_wideband_real_core/synth_model/fft_wideband_real_core.vhd sub02/vhpl284 1336087255
AR sync_delay_entity_866ef565c7 structural /scratch/zaki/workspace/baobab/fft_wideband_real_core/synth_model/fft_wideband_real_core.vhd sub04/vhpl441 1336087412
AR coeff_gen_entity_35e67a69d7 structural /scratch/zaki/workspace/baobab/fft_wideband_real_core/synth_model/fft_wideband_real_core.vhd sub04/vhpl445 1336087416
AR relational_0ffd72e037 behavior /scratch/zaki/workspace/baobab/fft_wideband_real_core/synth_model/fft_wideband_real_core.vhd sub03/vhpl345 1336087316
AR cadd_entity_5ccc5ee94d structural /scratch/zaki/workspace/baobab/fft_wideband_real_core/synth_model/fft_wideband_real_core.vhd sub04/vhpl409 1336087380
EN cntr_11_0_e0d381bcdb78c3cc NULL /scratch/zaki/workspace/baobab/fft_wideband_real_core/synth_model/fft_wideband_real_core.vhd sub00/vhpl16 1336086987
EN constant_fe72737ca0 NULL /scratch/zaki/workspace/baobab/fft_wideband_real_core/synth_model/fft_wideband_real_core.vhd sub03/vhpl300 1336087271
EN bmg_62_51321cc7c8e9865c NULL /scratch/zaki/workspace/baobab/fft_wideband_real_core/synth_model/fft_wideband_real_core.vhd sub00/vhpl34 1336087005
EN delay_b_entity_5da3a225ee NULL /scratch/zaki/workspace/baobab/fft_wideband_real_core/synth_model/fft_wideband_real_core.vhd sub04/vhpl486 1336087457
EN bmg_62_daa5a8eb8c5c2eed NULL /scratch/zaki/workspace/baobab/fft_wideband_real_core/synth_model/fft_wideband_real_core.vhd sub00/vhpl30 1336087001
EN xlslice NULL /scratch/zaki/workspace/baobab/fft_wideband_real_core/synth_model/fft_wideband_real_core.vhd sub01/vhpl118 1336087089
AR sync_delay_entity_5a58012105 structural /scratch/zaki/workspace/baobab/fft_wideband_real_core/synth_model/fft_wideband_real_core.vhd sub05/vhpl501 1336087472
AR convert_pipeline behavior /scratch/zaki/workspace/baobab/fft_wideband_real_core/synth_model/fft_wideband_real_core.vhd sub01/vhpl153 1336087124
EN negate_e1a9d1ade1 NULL /scratch/zaki/workspace/baobab/fft_wideband_real_core/synth_model/fft_wideband_real_core.vhd sub02/vhpl240 1336087211
EN reinterpret_60ea556961 NULL /scratch/zaki/workspace/baobab/fft_wideband_real_core/synth_model/fft_wideband_real_core.vhd sub02/vhpl258 1336087229
AR cntr_11_0_c2e89722de712678 cntr_11_0_c2e89722de712678_a /scratch/zaki/workspace/baobab/fft_wideband_real_core/synth_model/fft_wideband_real_core.vhd sub00/vhpl43 1336087014
AR cadd_entity_27e38c959d structural /scratch/zaki/workspace/baobab/fft_wideband_real_core/synth_model/fft_wideband_real_core.vhd sub03/vhpl383 1336087354
EN constant_e8aae5d3bb NULL /scratch/zaki/workspace/baobab/fft_wideband_real_core/synth_model/fft_wideband_real_core.vhd sub02/vhpl246 1336087217
AR bmg_62_a1b79e174d5a824f bmg_62_a1b79e174d5a824f_a /scratch/zaki/workspace/baobab/fft_wideband_real_core/synth_model/fft_wideband_real_core.vhd sub00/vhpl27 1336086998
AR butterfly_direct_entity_06f5396864 structural /scratch/zaki/workspace/baobab/fft_wideband_real_core/synth_model/fft_wideband_real_core.vhd sub04/vhpl485 1336087456
EN mux_1bef4ba0e4 NULL /scratch/zaki/workspace/baobab/fft_wideband_real_core/synth_model/fft_wideband_real_core.vhd sub01/vhpl180 1336087151
EN bmg_62_2d41b260b5e70403 NULL /scratch/zaki/workspace/baobab/fft_wideband_real_core/synth_model/fft_wideband_real_core.vhd sub00/vhpl44 1336087015
EN cntr_11_0_9f5113eef58d42f3 NULL /scratch/zaki/workspace/baobab/fft_wideband_real_core/synth_model/fft_wideband_real_core.vhd sub00/vhpl12 1336086983
AR coeff_gen_entity_ad79b62afe structural /scratch/zaki/workspace/baobab/fft_wideband_real_core/synth_model/fft_wideband_real_core.vhd sub05/vhpl511 1336087482
AR delay_b_entity_fb1d442e07 structural /scratch/zaki/workspace/baobab/fft_wideband_real_core/synth_model/fft_wideband_real_core.vhd sub04/vhpl475 1336087446
EN fft_unscrambler_entity_de302e83a6 NULL /scratch/zaki/workspace/baobab/fft_wideband_real_core/synth_model/fft_wideband_real_core.vhd sub05/vhpl540 1336087511
EN ri_to_c0_entity_ba946f0120 NULL /scratch/zaki/workspace/baobab/fft_wideband_real_core/synth_model/fft_wideband_real_core.vhd sub05/vhpl506 1336087477
EN bmg_62_89660d475f29ded2 NULL /scratch/zaki/workspace/baobab/fft_wideband_real_core/synth_model/fft_wideband_real_core.vhd sub00/vhpl22 1336086993
EN relational_6c3ee657fa NULL /scratch/zaki/workspace/baobab/fft_wideband_real_core/synth_model/fft_wideband_real_core.vhd sub01/vhpl182 1336087153
AR logical_e9e6541380 behavior /scratch/zaki/workspace/baobab/fft_wideband_real_core/synth_model/fft_wideband_real_core.vhd sub02/vhpl211 1336087182
AR twiddle_general_4mult_entity_4d4e3e3f57 structural /scratch/zaki/workspace/baobab/fft_wideband_real_core/synth_model/fft_wideband_real_core.vhd sub04/vhpl459 1336087430
EN scale_e5d0b4a1ec NULL /scratch/zaki/workspace/baobab/fft_wideband_real_core/synth_model/fft_wideband_real_core.vhd sub02/vhpl274 1336087245
AR twiddle_general_4mult_entity_8413895c5c structural /scratch/zaki/workspace/baobab/fft_wideband_real_core/synth_model/fft_wideband_real_core.vhd sub04/vhpl471 1336087442
AR convert_func_call behavior /scratch/zaki/workspace/baobab/fft_wideband_real_core/synth_model/fft_wideband_real_core.vhd sub01/vhpl135 1336087106
EN xlsprom NULL /scratch/zaki/workspace/baobab/fft_wideband_real_core/synth_model/fft_wideband_real_core.vhd sub02/vhpl286 1336087257
AR delay_21355083c1 behavior /scratch/zaki/workspace/baobab/fft_wideband_real_core/synth_model/fft_wideband_real_core.vhd sub01/vhpl191 1336087162
AR addsub_eb2273ac28 behavior /scratch/zaki/workspace/baobab/fft_wideband_real_core/synth_model/fft_wideband_real_core.vhd sub02/vhpl267 1336087238
EN relational_dc5bc996c9 NULL /scratch/zaki/workspace/baobab/fft_wideband_real_core/synth_model/fft_wideband_real_core.vhd sub03/vhpl306 1336087277
AR generatepowerefficientenable structural /scratch/zaki/workspace/baobab/fft_wideband_real_core/synth_model/fft_wideband_real_core.vhd sub01/vhpl121 1336087092
EN butterfly_direct_entity_5acb48a614 NULL /scratch/zaki/workspace/baobab/fft_wideband_real_core/synth_model/fft_wideband_real_core.vhd sub04/vhpl400 1336087371
AR constant_fbc2f0cce1 behavior /scratch/zaki/workspace/baobab/fft_wideband_real_core/synth_model/fft_wideband_real_core.vhd sub03/vhpl343 1336087314
AR cntr_11_0_df2bb90b8fe02ecf cntr_11_0_df2bb90b8fe02ecf_a /scratch/zaki/workspace/baobab/fft_wideband_real_core/synth_model/fft_wideband_real_core.vhd sub00/vhpl11 1336086982
EN convert_pipeline NULL /scratch/zaki/workspace/baobab/fft_wideband_real_core/synth_model/fft_wideband_real_core.vhd sub01/vhpl152 1336087123
AR bmg_62_2d41b260b5e70403 bmg_62_2d41b260b5e70403_a /scratch/zaki/workspace/baobab/fft_wideband_real_core/synth_model/fft_wideband_real_core.vhd sub00/vhpl45 1336087016
AR constant_4c449dd556 behavior /scratch/zaki/workspace/baobab/fft_wideband_real_core/synth_model/fft_wideband_real_core.vhd sub01/vhpl129 1336087100
EN sync_delay_entity_e4a7e09f0b NULL /scratch/zaki/workspace/baobab/fft_wideband_real_core/synth_model/fft_wideband_real_core.vhd sub04/vhpl452 1336087423
AR xlsprom behavior /scratch/zaki/workspace/baobab/fft_wideband_real_core/synth_model/fft_wideband_real_core.vhd sub02/vhpl287 1336087258
EN constant_67ad97ca70 NULL /scratch/zaki/workspace/baobab/fft_wideband_real_core/synth_model/fft_wideband_real_core.vhd sub03/vhpl308 1336087279
EN fft_stage_7_entity_cf4bb1eb09 NULL /scratch/zaki/workspace/baobab/fft_wideband_real_core/synth_model/fft_wideband_real_core.vhd sub04/vhpl478 1336087449
AR xlsprom_dist behavior /scratch/zaki/workspace/baobab/fft_wideband_real_core/synth_model/fft_wideband_real_core.vhd sub01/vhpl193 1336087164
EN bi_real_unscr_4x_entity_02de02562d NULL /scratch/zaki/workspace/baobab/fft_wideband_real_core/synth_model/fft_wideband_real_core.vhd sub03/vhpl380 1336087351
EN bmg_62_f5d63000a45b4cf8 NULL /scratch/zaki/workspace/baobab/fft_wideband_real_core/synth_model/fft_wideband_real_core.vhd sub00/vhpl70 1336087041
EN coeff_gen_entity_35e67a69d7 NULL /scratch/zaki/workspace/baobab/fft_wideband_real_core/synth_model/fft_wideband_real_core.vhd sub04/vhpl444 1336087415
AR cntr_11_0_b2e26777d24cb38d cntr_11_0_b2e26777d24cb38d_a /scratch/zaki/workspace/baobab/fft_wideband_real_core/synth_model/fft_wideband_real_core.vhd sub00/vhpl67 1336087038
AR coeff_gen_entity_b6518cd0f7 structural /scratch/zaki/workspace/baobab/fft_wideband_real_core/synth_model/fft_wideband_real_core.vhd sub04/vhpl457 1336087428
AR twiddle_pass_through_entity_5d7bae4984 structural /scratch/zaki/workspace/baobab/fft_wideband_real_core/synth_model/fft_wideband_real_core.vhd sub03/vhpl391 1336087362
AR ri_to_c0_entity_1f41d7c305 structural /scratch/zaki/workspace/baobab/fft_wideband_real_core/synth_model/fft_wideband_real_core.vhd sub03/vhpl363 1336087334
EN cadd_entity_27e38c959d NULL /scratch/zaki/workspace/baobab/fft_wideband_real_core/synth_model/fft_wideband_real_core.vhd sub03/vhpl382 1336087353
EN reinterpret_d357e69fa3 NULL /scratch/zaki/workspace/baobab/fft_wideband_real_core/synth_model/fft_wideband_real_core.vhd sub02/vhpl204 1336087175
AR relational_4d3cfceaf4 behavior /scratch/zaki/workspace/baobab/fft_wideband_real_core/synth_model/fft_wideband_real_core.vhd sub03/vhpl313 1336087284
AR cntr_11_0_b9730cea34623a8b cntr_11_0_b9730cea34623a8b_a /scratch/zaki/workspace/baobab/fft_wideband_real_core/synth_model/fft_wideband_real_core.vhd sub00/vhpl63 1336087034
EN negate_5fcde2e21d NULL /scratch/zaki/workspace/baobab/fft_wideband_real_core/synth_model/fft_wideband_real_core.vhd sub01/vhpl170 1336087141
AR relational_8fc7f5539b behavior /scratch/zaki/workspace/baobab/fft_wideband_real_core/synth_model/fft_wideband_real_core.vhd sub03/vhpl321 1336087292
AR sync_delay_entity_2a5bdc41d5 structural /scratch/zaki/workspace/baobab/fft_wideband_real_core/synth_model/fft_wideband_real_core.vhd sub04/vhpl465 1336087436
AR bmg_62_16e54f007b53b02e bmg_62_16e54f007b53b02e_a /scratch/zaki/workspace/baobab/fft_wideband_real_core/synth_model/fft_wideband_real_core.vhd sub00/vhpl15 1336086986
AR fft_direct_entity_d6658f84e8 structural /scratch/zaki/workspace/baobab/fft_wideband_real_core/synth_model/fft_wideband_real_core.vhd sub05/vhpl531 1336087502
EN concat_b198bd62b0 NULL /scratch/zaki/workspace/baobab/fft_wideband_real_core/synth_model/fft_wideband_real_core.vhd sub01/vhpl148 1336087119
EN cntr_11_0_9adf5a9f785e3fb8 NULL /scratch/zaki/workspace/baobab/fft_wideband_real_core/synth_model/fft_wideband_real_core.vhd sub00/vhpl82 1336087053
EN synth_reg_w_init NULL /scratch/zaki/workspace/baobab/fft_wideband_real_core/synth_model/fft_wideband_real_core.vhd sub01/vhpl108 1336087079
EN coeff_gen_entity_1300662738 NULL /scratch/zaki/workspace/baobab/fft_wideband_real_core/synth_model/fft_wideband_real_core.vhd sub05/vhpl518 1336087489
EN bmg_62_936eb415a1e57c2f NULL /scratch/zaki/workspace/baobab/fft_wideband_real_core/synth_model/fft_wideband_real_core.vhd sub00/vhpl54 1336087025
AR counter_11ccef49a2 behavior /scratch/zaki/workspace/baobab/fft_wideband_real_core/synth_model/fft_wideband_real_core.vhd sub02/vhpl225 1336087196
AR reinterpret_d357e69fa3 behavior /scratch/zaki/workspace/baobab/fft_wideband_real_core/synth_model/fft_wideband_real_core.vhd sub02/vhpl205 1336087176
AR relational_d930162434 behavior /scratch/zaki/workspace/baobab/fft_wideband_real_core/synth_model/fft_wideband_real_core.vhd sub03/vhpl315 1336087286
AR constant_963ed6358a behavior /scratch/zaki/workspace/baobab/fft_wideband_real_core/synth_model/fft_wideband_real_core.vhd sub01/vhpl131 1336087102
AR bmg_62_936eb415a1e57c2f bmg_62_936eb415a1e57c2f_a /scratch/zaki/workspace/baobab/fft_wideband_real_core/synth_model/fft_wideband_real_core.vhd sub00/vhpl55 1336087026
EN butterfly_direct_entity_60b00b1493 NULL /scratch/zaki/workspace/baobab/fft_wideband_real_core/synth_model/fft_wideband_real_core.vhd sub04/vhpl496 1336087467
EN sync_delay_entity_2b91449130 NULL /scratch/zaki/workspace/baobab/fft_wideband_real_core/synth_model/fft_wideband_real_core.vhd sub04/vhpl404 1336087375
AR bmg_62_de80a27a29f3ada6 bmg_62_de80a27a29f3ada6_a /scratch/zaki/workspace/baobab/fft_wideband_real_core/synth_model/fft_wideband_real_core.vhd sub00/vhpl51 1336087022
EN butterfly_direct_entity_2967faa47a NULL /scratch/zaki/workspace/baobab/fft_wideband_real_core/synth_model/fft_wideband_real_core.vhd sub04/vhpl436 1336087407
EN reinterpret_7ea107432a NULL /scratch/zaki/workspace/baobab/fft_wideband_real_core/synth_model/fft_wideband_real_core.vhd sub01/vhpl126 1336087097
AR bi_real_unscr_4x_entity_02de02562d structural /scratch/zaki/workspace/baobab/fft_wideband_real_core/synth_model/fft_wideband_real_core.vhd sub03/vhpl381 1336087352
AR reinterpret_3fb4604c01 behavior /scratch/zaki/workspace/baobab/fft_wideband_real_core/synth_model/fft_wideband_real_core.vhd sub01/vhpl143 1336087114
AR constant_7ea0f2fff7 behavior /scratch/zaki/workspace/baobab/fft_wideband_real_core/synth_model/fft_wideband_real_core.vhd sub02/vhpl291 1336087262
EN bmg_62_83efd1fdf9477a72 NULL /scratch/zaki/workspace/baobab/fft_wideband_real_core/synth_model/fft_wideband_real_core.vhd sub00/vhpl04 1336086975
AR addsub_27fae134d1 behavior /scratch/zaki/workspace/baobab/fft_wideband_real_core/synth_model/fft_wideband_real_core.vhd sub02/vhpl201 1336087172
AR sync_delay_en_entity_3b03e1cdc8 structural /scratch/zaki/workspace/baobab/fft_wideband_real_core/synth_model/fft_wideband_real_core.vhd sub03/vhpl371 1336087342
AR bmg_62_721e2d25fd18b8a2 bmg_62_721e2d25fd18b8a2_a /scratch/zaki/workspace/baobab/fft_wideband_real_core/synth_model/fft_wideband_real_core.vhd sub00/vhpl59 1336087030
AR fft_wideband_real_entity_0dca0b1dc8 structural /scratch/zaki/workspace/baobab/fft_wideband_real_core/synth_model/fft_wideband_real_core.vhd sub05/vhpl543 1336087514
AR hilbert_dsp48e0_entity_d153f87bf5 structural /scratch/zaki/workspace/baobab/fft_wideband_real_core/synth_model/fft_wideband_real_core.vhd sub03/vhpl365 1336087336
EN logical_aacf6e1b0e NULL /scratch/zaki/workspace/baobab/fft_wideband_real_core/synth_model/fft_wideband_real_core.vhd sub01/vhpl176 1336087147
AR fft_stage_6_entity_234201d256 structural /scratch/zaki/workspace/baobab/fft_wideband_real_core/synth_model/fft_wideband_real_core.vhd sub04/vhpl467 1336087438
AR counter_223a0f3237 behavior /scratch/zaki/workspace/baobab/fft_wideband_real_core/synth_model/fft_wideband_real_core.vhd sub03/vhpl335 1336087306
AR twiddle_general_4mult_entity_223bc3a4c7 structural /scratch/zaki/workspace/baobab/fft_wideband_real_core/synth_model/fft_wideband_real_core.vhd sub04/vhpl495 1336087466
EN constant_a1c496ea88 NULL /scratch/zaki/workspace/baobab/fft_wideband_real_core/synth_model/fft_wideband_real_core.vhd sub03/vhpl316 1336087287
EN bmg_62_f1ca57bbf79f0673 NULL /scratch/zaki/workspace/baobab/fft_wideband_real_core/synth_model/fft_wideband_real_core.vhd sub00/vhpl48 1336087019
AR logical_444d3f5046 behavior /scratch/zaki/workspace/baobab/fft_wideband_real_core/synth_model/fft_wideband_real_core.vhd sub02/vhpl221 1336087192
AR inverter_e5b38cca3b behavior /scratch/zaki/workspace/baobab/fft_wideband_real_core/synth_model/fft_wideband_real_core.vhd sub02/vhpl213 1336087184
AR c_to_ri0_entity_68a06d3127 structural /scratch/zaki/workspace/baobab/fft_wideband_real_core/synth_model/fft_wideband_real_core.vhd sub03/vhpl357 1336087328
EN reinterpret_9306b5127f NULL /scratch/zaki/workspace/baobab/fft_wideband_real_core/synth_model/fft_wideband_real_core.vhd sub01/vhpl158 1336087129
AR delay_bram0_entity_d40c32b9c6 structural /scratch/zaki/workspace/baobab/fft_wideband_real_core/synth_model/fft_wideband_real_core.vhd sub03/vhpl355 1336087326
EN twiddle_general_4mult_entity_c55d9e333f NULL /scratch/zaki/workspace/baobab/fft_wideband_real_core/synth_model/fft_wideband_real_core.vhd sub04/vhpl422 1336087393
AR constant_40da8f5b68 behavior /scratch/zaki/workspace/baobab/fft_wideband_real_core/synth_model/fft_wideband_real_core.vhd sub01/vhpl195 1336087166
EN coeff_gen_entity_064539b637 NULL /scratch/zaki/workspace/baobab/fft_wideband_real_core/synth_model/fft_wideband_real_core.vhd sub05/vhpl524 1336087495
AR negate_e1a9d1ade1 behavior /scratch/zaki/workspace/baobab/fft_wideband_real_core/synth_model/fft_wideband_real_core.vhd sub02/vhpl241 1336087212
EN constant_8038205d89 NULL /scratch/zaki/workspace/baobab/fft_wideband_real_core/synth_model/fft_wideband_real_core.vhd sub01/vhpl146 1336087117
AR convert_of0_entity_faf530fa35 structural /scratch/zaki/workspace/baobab/fft_wideband_real_core/synth_model/fft_wideband_real_core.vhd sub03/vhpl387 1336087358
AR delay_0c0a0420a6 behavior /scratch/zaki/workspace/baobab/fft_wideband_real_core/synth_model/fft_wideband_real_core.vhd sub03/vhpl337 1336087308
EN sync_delay_entity_2a5bdc41d5 NULL /scratch/zaki/workspace/baobab/fft_wideband_real_core/synth_model/fft_wideband_real_core.vhd sub04/vhpl464 1336087435
EN constant_7b07120b87 NULL /scratch/zaki/workspace/baobab/fft_wideband_real_core/synth_model/fft_wideband_real_core.vhd sub02/vhpl280 1336087251
AR delay_a99984b20e behavior /scratch/zaki/workspace/baobab/fft_wideband_real_core/synth_model/fft_wideband_real_core.vhd sub03/vhpl351 1336087322
EN reinterpret_580feec131 NULL /scratch/zaki/workspace/baobab/fft_wideband_real_core/synth_model/fft_wideband_real_core.vhd sub01/vhpl150 1336087121
AR logical_a6d07705dd behavior /scratch/zaki/workspace/baobab/fft_wideband_real_core/synth_model/fft_wideband_real_core.vhd sub02/vhpl215 1336087186
EN xlclockdriver NULL /scratch/zaki/workspace/baobab/fft_wideband_real_core/synth_model/fft_wideband_real_core_cw.vhd sub05/vhpl546 1336087517
EN constant_40da8f5b68 NULL /scratch/zaki/workspace/baobab/fft_wideband_real_core/synth_model/fft_wideband_real_core.vhd sub01/vhpl194 1336087165
AR butterfly_direct_entity_9ebbe6ba4f structural /scratch/zaki/workspace/baobab/fft_wideband_real_core/synth_model/fft_wideband_real_core.vhd sub04/vhpl461 1336087432
AR xlcounter_free behavior /scratch/zaki/workspace/baobab/fft_wideband_real_core/synth_model/fft_wideband_real_core.vhd sub01/vhpl163 1336087134
EN butterfly2_0_entity_10093d3d4b NULL /scratch/zaki/workspace/baobab/fft_wideband_real_core/synth_model/fft_wideband_real_core.vhd sub05/vhpl522 1336087493
AR cntr_11_0_c84d65465c59fb07 cntr_11_0_c84d65465c59fb07_a /scratch/zaki/workspace/baobab/fft_wideband_real_core/synth_model/fft_wideband_real_core.vhd sub00/vhpl65 1336087036
EN butterfly1_0_entity_d1ea489d9a NULL /scratch/zaki/workspace/baobab/fft_wideband_real_core/synth_model/fft_wideband_real_core.vhd sub05/vhpl514 1336087485
EN delay_0c0a0420a6 NULL /scratch/zaki/workspace/baobab/fft_wideband_real_core/synth_model/fft_wideband_real_core.vhd sub03/vhpl336 1336087307
EN constant_4c449dd556 NULL /scratch/zaki/workspace/baobab/fft_wideband_real_core/synth_model/fft_wideband_real_core.vhd sub01/vhpl128 1336087099
AR constant_a1c496ea88 behavior /scratch/zaki/workspace/baobab/fft_wideband_real_core/synth_model/fft_wideband_real_core.vhd sub03/vhpl317 1336087288
AR mux_28159dbdb9 behavior /scratch/zaki/workspace/baobab/fft_wideband_real_core/synth_model/fft_wideband_real_core.vhd sub02/vhpl217 1336087188
AR bmg_62_6ea787275fdc24d6 bmg_62_6ea787275fdc24d6_a /scratch/zaki/workspace/baobab/fft_wideband_real_core/synth_model/fft_wideband_real_core.vhd sub00/vhpl87 1336087058
EN cntr_11_0_c84d65465c59fb07 NULL /scratch/zaki/workspace/baobab/fft_wideband_real_core/synth_model/fft_wideband_real_core.vhd sub00/vhpl64 1336087035
EN relational_f9928864ea NULL /scratch/zaki/workspace/baobab/fft_wideband_real_core/synth_model/fft_wideband_real_core.vhd sub03/vhpl332 1336087303
EN twiddle_stage_2_entity_751968b975 NULL /scratch/zaki/workspace/baobab/fft_wideband_real_core/synth_model/fft_wideband_real_core.vhd sub03/vhpl398 1336087369
EN delay_bram0_entity_d40c32b9c6 NULL /scratch/zaki/workspace/baobab/fft_wideband_real_core/synth_model/fft_wideband_real_core.vhd sub03/vhpl354 1336087325
AR constant_9a2c97cce5 behavior /scratch/zaki/workspace/baobab/fft_wideband_real_core/synth_model/fft_wideband_real_core.vhd sub02/vhpl257 1336087228
EN relational_8fc7f5539b NULL /scratch/zaki/workspace/baobab/fft_wideband_real_core/synth_model/fft_wideband_real_core.vhd sub03/vhpl320 1336087291
AR constant_7b07120b87 behavior /scratch/zaki/workspace/baobab/fft_wideband_real_core/synth_model/fft_wideband_real_core.vhd sub02/vhpl281 1336087252
AR bmg_62_f1ca57bbf79f0673 bmg_62_f1ca57bbf79f0673_a /scratch/zaki/workspace/baobab/fft_wideband_real_core/synth_model/fft_wideband_real_core.vhd sub00/vhpl49 1336087020
EN xlconvert_pipeline NULL /scratch/zaki/workspace/baobab/fft_wideband_real_core/synth_model/fft_wideband_real_core.vhd sub01/vhpl154 1336087125
AR cntr_11_0_05042eb8e8f7781c cntr_11_0_05042eb8e8f7781c_a /scratch/zaki/workspace/baobab/fft_wideband_real_core/synth_model/fft_wideband_real_core.vhd sub00/vhpl95 1336087066
EN bmg_62_fd6c0fe64ab6dcd2 NULL /scratch/zaki/workspace/baobab/fft_wideband_real_core/synth_model/fft_wideband_real_core.vhd sub00/vhpl52 1336087023
AR mux_1bef4ba0e4 behavior /scratch/zaki/workspace/baobab/fft_wideband_real_core/synth_model/fft_wideband_real_core.vhd sub01/vhpl181 1336087152
AR reorder_out_entity_4064314cbf structural /scratch/zaki/workspace/baobab/fft_wideband_real_core/synth_model/fft_wideband_real_core.vhd sub03/vhpl377 1336087348
EN addsub_27fae134d1 NULL /scratch/zaki/workspace/baobab/fft_wideband_real_core/synth_model/fft_wideband_real_core.vhd sub02/vhpl200 1336087171
EN butterfly_direct_entity_13b04de492 NULL /scratch/zaki/workspace/baobab/fft_wideband_real_core/synth_model/fft_wideband_real_core.vhd sub04/vhpl448 1336087419
AR coeff_gen_entity_474126f870 structural /scratch/zaki/workspace/baobab/fft_wideband_real_core/synth_model/fft_wideband_real_core.vhd sub04/vhpl421 1336087392
AR barrel_switcher_entity_6f08b6925b structural /scratch/zaki/workspace/baobab/fft_wideband_real_core/synth_model/fft_wideband_real_core.vhd sub05/vhpl537 1336087508
AR constant_a267c870be behavior /scratch/zaki/workspace/baobab/fft_wideband_real_core/synth_model/fft_wideband_real_core.vhd sub02/vhpl289 1336087260
EN relational_16235eb2bf NULL /scratch/zaki/workspace/baobab/fft_wideband_real_core/synth_model/fft_wideband_real_core.vhd sub02/vhpl250 1336087221
EN butterfly_direct_entity_dfa79bcad4 NULL /scratch/zaki/workspace/baobab/fft_wideband_real_core/synth_model/fft_wideband_real_core.vhd sub04/vhpl472 1336087443
EN synth_reg_reg NULL /scratch/zaki/workspace/baobab/fft_wideband_real_core/synth_model/fft_wideband_real_core.vhd sub01/vhpl104 1336087075
AR csub_entity_bee9b13ff2 structural /scratch/zaki/workspace/baobab/fft_wideband_real_core/synth_model/fft_wideband_real_core.vhd sub03/vhpl389 1336087360
AR dmg_62_566eb4bdfcc3bc15 dmg_62_566eb4bdfcc3bc15_a /scratch/zaki/workspace/baobab/fft_wideband_real_core/synth_model/fft_wideband_real_core.vhd sub00/vhpl21 1336086992
EN reorder_even_entity_460623e8e4 NULL /scratch/zaki/workspace/baobab/fft_wideband_real_core/synth_model/fft_wideband_real_core.vhd sub03/vhpl372 1336087343
EN constant_9a2c97cce5 NULL /scratch/zaki/workspace/baobab/fft_wideband_real_core/synth_model/fft_wideband_real_core.vhd sub02/vhpl256 1336087227
AR synth_reg_reg behav /scratch/zaki/workspace/baobab/fft_wideband_real_core/synth_model/fft_wideband_real_core.vhd sub01/vhpl105 1336087076
AR delay_ae3f84524a behavior /scratch/zaki/workspace/baobab/fft_wideband_real_core/synth_model/fft_wideband_real_core.vhd sub02/vhpl227 1336087198
EN fft_stage_3_entity_8fdfdf5ad1 NULL /scratch/zaki/workspace/baobab/fft_wideband_real_core/synth_model/fft_wideband_real_core.vhd sub04/vhpl430 1336087401
EN relational_d930162434 NULL /scratch/zaki/workspace/baobab/fft_wideband_real_core/synth_model/fft_wideband_real_core.vhd sub03/vhpl314 1336087285
AR delay_b_entity_7d713758f4 structural /scratch/zaki/workspace/baobab/fft_wideband_real_core/synth_model/fft_wideband_real_core.vhd sub04/vhpl499 1336087470
AR delay_2f744cdafb behavior /scratch/zaki/workspace/baobab/fft_wideband_real_core/synth_model/fft_wideband_real_core.vhd sub02/vhpl231 1336087202
AR delay_b_entity_6f855eacbb structural /scratch/zaki/workspace/baobab/fft_wideband_real_core/synth_model/fft_wideband_real_core.vhd sub04/vhpl451 1336087422
EN addsub_be8c56327e NULL /scratch/zaki/workspace/baobab/fft_wideband_real_core/synth_model/fft_wideband_real_core.vhd sub02/vhpl264 1336087235
EN bmg_62_82b2485d32f76714 NULL /scratch/zaki/workspace/baobab/fft_wideband_real_core/synth_model/fft_wideband_real_core.vhd sub00/vhpl02 1336086973
EN reinterpret_4bf1ad328a NULL /scratch/zaki/workspace/baobab/fft_wideband_real_core/synth_model/fft_wideband_real_core.vhd sub01/vhpl144 1336087115
EN barrel_switcher_entity_6f08b6925b NULL /scratch/zaki/workspace/baobab/fft_wideband_real_core/synth_model/fft_wideband_real_core.vhd sub05/vhpl536 1336087507
EN cntr_11_0_73d90f0f459a7002 NULL /scratch/zaki/workspace/baobab/fft_wideband_real_core/synth_model/fft_wideband_real_core.vhd sub00/vhpl80 1336087051
AR butterfly_direct_entity_792130b4bc structural /scratch/zaki/workspace/baobab/fft_wideband_real_core/synth_model/fft_wideband_real_core.vhd sub03/vhpl393 1336087364
AR constant_822933f89b behavior /scratch/zaki/workspace/baobab/fft_wideband_real_core/synth_model/fft_wideband_real_core.vhd sub01/vhpl133 1336087104
AR relational_fe487ce1c7 behavior /scratch/zaki/workspace/baobab/fft_wideband_real_core/synth_model/fft_wideband_real_core.vhd sub02/vhpl297 1336087268
EN reinterpret_d2180c9169 NULL /scratch/zaki/workspace/baobab/fft_wideband_real_core/synth_model/fft_wideband_real_core.vhd sub02/vhpl206 1336087177
AR cntr_11_0_c53e3b0687343f7a cntr_11_0_c53e3b0687343f7a_a /scratch/zaki/workspace/baobab/fft_wideband_real_core/synth_model/fft_wideband_real_core.vhd sub00/vhpl75 1336087046
AR delay_a14e3dd1bd behavior /scratch/zaki/workspace/baobab/fft_wideband_real_core/synth_model/fft_wideband_real_core.vhd sub02/vhpl219 1336087190
EN default_clock_driver NULL /scratch/zaki/workspace/baobab/fft_wideband_real_core/synth_model/fft_wideband_real_core_cw.vhd sub05/vhpl548 1336087519
AR bmg_62_073020084dc5d91f bmg_62_073020084dc5d91f_a /scratch/zaki/workspace/baobab/fft_wideband_real_core/synth_model/fft_wideband_real_core.vhd sub00/vhpl37 1336087008
AR xlslice behavior /scratch/zaki/workspace/baobab/fft_wideband_real_core/synth_model/fft_wideband_real_core.vhd sub01/vhpl119 1336087090
AR negate_5fcde2e21d behavior /scratch/zaki/workspace/baobab/fft_wideband_real_core/synth_model/fft_wideband_real_core.vhd sub01/vhpl171 1336087142
AR cntr_11_0_9f5113eef58d42f3 cntr_11_0_9f5113eef58d42f3_a /scratch/zaki/workspace/baobab/fft_wideband_real_core/synth_model/fft_wideband_real_core.vhd sub00/vhpl13 1336086984
EN relational_9a3978c602 NULL /scratch/zaki/workspace/baobab/fft_wideband_real_core/synth_model/fft_wideband_real_core.vhd sub02/vhpl282 1336087253
AR fft_stage_4_entity_4cc3447bc2 structural /scratch/zaki/workspace/baobab/fft_wideband_real_core/synth_model/fft_wideband_real_core.vhd sub04/vhpl443 1336087414
AR bmg_62_fd6c0fe64ab6dcd2 bmg_62_fd6c0fe64ab6dcd2_a /scratch/zaki/workspace/baobab/fft_wideband_real_core/synth_model/fft_wideband_real_core.vhd sub00/vhpl53 1336087024
EN relational_47b317dab6 NULL /scratch/zaki/workspace/baobab/fft_wideband_real_core/synth_model/fft_wideband_real_core.vhd sub03/vhpl322 1336087293
EN c_to_ri0_entity_68a06d3127 NULL /scratch/zaki/workspace/baobab/fft_wideband_real_core/synth_model/fft_wideband_real_core.vhd sub03/vhpl356 1336087327
EN synth_reg NULL /scratch/zaki/workspace/baobab/fft_wideband_real_core/synth_model/fft_wideband_real_core.vhd sub01/vhpl102 1336087073
EN constant_91ef1678ca NULL /scratch/zaki/workspace/baobab/fft_wideband_real_core/synth_model/fft_wideband_real_core.vhd sub02/vhpl244 1336087215
EN constant_498bc68c14 NULL /scratch/zaki/workspace/baobab/fft_wideband_real_core/synth_model/fft_wideband_real_core.vhd sub03/vhpl340 1336087311
EN srl17e NULL /scratch/zaki/workspace/baobab/fft_wideband_real_core/synth_model/fft_wideband_real_core.vhd sub01/vhpl100 1336087071
AR delay_b_entity_eee80b016f structural /scratch/zaki/workspace/baobab/fft_wideband_real_core/synth_model/fft_wideband_real_core.vhd sub04/vhpl463 1336087434
AR convert_entity_812cb70ba6 structural /scratch/zaki/workspace/baobab/fft_wideband_real_core/synth_model/fft_wideband_real_core.vhd sub04/vhpl411 1336087382
AR reinterpret_9a0fa0f632 behavior /scratch/zaki/workspace/baobab/fft_wideband_real_core/synth_model/fft_wideband_real_core.vhd sub01/vhpl117 1336087088
EN logical_e9e6541380 NULL /scratch/zaki/workspace/baobab/fft_wideband_real_core/synth_model/fft_wideband_real_core.vhd sub02/vhpl210 1336087181
EN dmg_62_252dff5223562ed1 NULL /scratch/zaki/workspace/baobab/fft_wideband_real_core/synth_model/fft_wideband_real_core.vhd sub00/vhpl96 1336087067
AR butterfly_direct_entity_5acb48a614 structural /scratch/zaki/workspace/baobab/fft_wideband_real_core/synth_model/fft_wideband_real_core.vhd sub04/vhpl401 1336087372
AR sync_delay_entity_2b91449130 structural /scratch/zaki/workspace/baobab/fft_wideband_real_core/synth_model/fft_wideband_real_core.vhd sub04/vhpl405 1336087376
EN constant_b437b02512 NULL /scratch/zaki/workspace/baobab/fft_wideband_real_core/synth_model/fft_wideband_real_core.vhd sub02/vhpl242 1336087213
AR constant_b4ec9de7d1 behavior /scratch/zaki/workspace/baobab/fft_wideband_real_core/synth_model/fft_wideband_real_core.vhd sub01/vhpl173 1336087144
EN constant_b4ec9de7d1 NULL /scratch/zaki/workspace/baobab/fft_wideband_real_core/synth_model/fft_wideband_real_core.vhd sub01/vhpl172 1336087143
AR reinterpret_7ea107432a behavior /scratch/zaki/workspace/baobab/fft_wideband_real_core/synth_model/fft_wideband_real_core.vhd sub01/vhpl127 1336087098
EN cntr_11_0_05042eb8e8f7781c NULL /scratch/zaki/workspace/baobab/fft_wideband_real_core/synth_model/fft_wideband_real_core.vhd sub00/vhpl94 1336087065
EN fft_stage_8_entity_7eea52cfb7 NULL /scratch/zaki/workspace/baobab/fft_wideband_real_core/synth_model/fft_wideband_real_core.vhd sub04/vhpl490 1336087461
AR convert_of0_entity_e218f4d06f structural /scratch/zaki/workspace/baobab/fft_wideband_real_core/synth_model/fft_wideband_real_core.vhd sub04/vhpl413 1336087384
EN bmg_62_a1b79e174d5a824f NULL /scratch/zaki/workspace/baobab/fft_wideband_real_core/synth_model/fft_wideband_real_core.vhd sub00/vhpl26 1336086997
EN butterfly_direct_entity_792130b4bc NULL /scratch/zaki/workspace/baobab/fft_wideband_real_core/synth_model/fft_wideband_real_core.vhd sub03/vhpl392 1336087363
EN addsub_eb2273ac28 NULL /scratch/zaki/workspace/baobab/fft_wideband_real_core/synth_model/fft_wideband_real_core.vhd sub02/vhpl266 1336087237
EN counter_11ccef49a2 NULL /scratch/zaki/workspace/baobab/fft_wideband_real_core/synth_model/fft_wideband_real_core.vhd sub02/vhpl224 1336087195
EN concat_f133931c1f NULL /scratch/zaki/workspace/baobab/fft_wideband_real_core/synth_model/fft_wideband_real_core.vhd sub02/vhpl252 1336087223
EN constant_ef0e2e5fc6 NULL /scratch/zaki/workspace/baobab/fft_wideband_real_core/synth_model/fft_wideband_real_core.vhd sub03/vhpl302 1336087273
AR coeff_gen_entity_7704725608 structural /scratch/zaki/workspace/baobab/fft_wideband_real_core/synth_model/fft_wideband_real_core.vhd sub04/vhpl493 1336087464
AR bmg_62_89660d475f29ded2 bmg_62_89660d475f29ded2_a /scratch/zaki/workspace/baobab/fft_wideband_real_core/synth_model/fft_wideband_real_core.vhd sub00/vhpl23 1336086994
AR scale_9f61027ba4 behavior /scratch/zaki/workspace/baobab/fft_wideband_real_core/synth_model/fft_wideband_real_core.vhd sub01/vhpl157 1336087128
AR xlspram behavior /scratch/zaki/workspace/baobab/fft_wideband_real_core/synth_model/fft_wideband_real_core.vhd sub01/vhpl115 1336087086
AR constant_a7e2bb9e12 behavior /scratch/zaki/workspace/baobab/fft_wideband_real_core/synth_model/fft_wideband_real_core.vhd sub03/vhpl325 1336087296
EN reinterpret_9a0fa0f632 NULL /scratch/zaki/workspace/baobab/fft_wideband_real_core/synth_model/fft_wideband_real_core.vhd sub01/vhpl116 1336087087
AR mirror_spectrum_entity_ef11bf8f09 structural /scratch/zaki/workspace/baobab/fft_wideband_real_core/synth_model/fft_wideband_real_core.vhd sub03/vhpl369 1336087340
AR fft_biplex_real_4x0_entity_67c62a0070 structural /scratch/zaki/workspace/baobab/fft_wideband_real_core/synth_model/fft_wideband_real_core.vhd sub05/vhpl509 1336087480
EN fft_stage_5_entity_a003caf496 NULL /scratch/zaki/workspace/baobab/fft_wideband_real_core/synth_model/fft_wideband_real_core.vhd sub04/vhpl454 1336087425
AR counter_0009e314f5 behavior /scratch/zaki/workspace/baobab/fft_wideband_real_core/synth_model/fft_wideband_real_core.vhd sub03/vhpl353 1336087324
AR reinterpret_d2180c9169 behavior /scratch/zaki/workspace/baobab/fft_wideband_real_core/synth_model/fft_wideband_real_core.vhd sub02/vhpl207 1336087178
AR cntr_11_0_38c9cb0851a20d91 cntr_11_0_38c9cb0851a20d91_a /scratch/zaki/workspace/baobab/fft_wideband_real_core/synth_model/fft_wideband_real_core.vhd sub00/vhpl85 1336087056
AR delay_b_entity_b9edcb6bd8 structural /scratch/zaki/workspace/baobab/fft_wideband_real_core/synth_model/fft_wideband_real_core.vhd sub04/vhpl439 1336087410
EN sync_delay_entity_866ef565c7 NULL /scratch/zaki/workspace/baobab/fft_wideband_real_core/synth_model/fft_wideband_real_core.vhd sub04/vhpl440 1336087411
AR twiddle_general_4mult_entity_498b2e857f structural /scratch/zaki/workspace/baobab/fft_wideband_real_core/synth_model/fft_wideband_real_core.vhd sub05/vhpl513 1336087484
AR single_reg_w_init structural /scratch/zaki/workspace/baobab/fft_wideband_real_core/synth_model/fft_wideband_real_core.vhd sub01/vhpl107 1336087078
AR cntr_11_0_20f60aed18821bec cntr_11_0_20f60aed18821bec_a /scratch/zaki/workspace/baobab/fft_wideband_real_core/synth_model/fft_wideband_real_core.vhd sub00/vhpl29 1336087000
AR square_transposer_entity_d5b485adb5 structural /scratch/zaki/workspace/baobab/fft_wideband_real_core/synth_model/fft_wideband_real_core.vhd sub05/vhpl539 1336087510
EN constant_963ed6358a NULL /scratch/zaki/workspace/baobab/fft_wideband_real_core/synth_model/fft_wideband_real_core.vhd sub01/vhpl130 1336087101
EN coeff_gen_entity_474126f870 NULL /scratch/zaki/workspace/baobab/fft_wideband_real_core/synth_model/fft_wideband_real_core.vhd sub04/vhpl420 1336087391
EN dmg_62_9d0957109dc92693 NULL /scratch/zaki/workspace/baobab/fft_wideband_real_core/synth_model/fft_wideband_real_core.vhd sub00/vhpl24 1336086995
AR convert_entity_ee5a2f6e39 structural /scratch/zaki/workspace/baobab/fft_wideband_real_core/synth_model/fft_wideband_real_core.vhd sub03/vhpl385 1336087356
AR cadd_entity_3ec5ae5a4e structural /scratch/zaki/workspace/baobab/fft_wideband_real_core/synth_model/fft_wideband_real_core.vhd sub03/vhpl359 1336087330
EN relational_5f1eb17108 NULL /scratch/zaki/workspace/baobab/fft_wideband_real_core/synth_model/fft_wideband_real_core.vhd sub03/vhpl330 1336087301
EN mux_4bb6f691f7 NULL /scratch/zaki/workspace/baobab/fft_wideband_real_core/synth_model/fft_wideband_real_core.vhd sub02/vhpl222 1336087193
EN convert_of2_entity_b17a1c6d50 NULL /scratch/zaki/workspace/baobab/fft_wideband_real_core/synth_model/fft_wideband_real_core.vhd sub05/vhpl516 1336087487
EN butterfly2_1_entity_4d78f26b3c NULL /scratch/zaki/workspace/baobab/fft_wideband_real_core/synth_model/fft_wideband_real_core.vhd sub05/vhpl528 1336087499
EN mux_7f6b7da686 NULL /scratch/zaki/workspace/baobab/fft_wideband_real_core/synth_model/fft_wideband_real_core.vhd sub01/vhpl186 1336087157
EN reinterpret_4a8cbc85ce NULL /scratch/zaki/workspace/baobab/fft_wideband_real_core/synth_model/fft_wideband_real_core.vhd sub01/vhpl198 1336087169
AR fft_stage_3_entity_8fdfdf5ad1 structural /scratch/zaki/workspace/baobab/fft_wideband_real_core/synth_model/fft_wideband_real_core.vhd sub04/vhpl431 1336087402
EN constant_e8ddc079e9 NULL /scratch/zaki/workspace/baobab/fft_wideband_real_core/synth_model/fft_wideband_real_core.vhd sub03/vhpl328 1336087299
EN fft_wideband_real_entity_0dca0b1dc8 NULL /scratch/zaki/workspace/baobab/fft_wideband_real_core/synth_model/fft_wideband_real_core.vhd sub05/vhpl542 1336087513
AR sync_delay_entity_90e48b2a26 structural /scratch/zaki/workspace/baobab/fft_wideband_real_core/synth_model/fft_wideband_real_core.vhd sub04/vhpl489 1336087460
EN sync_delay_entity_ec464aa8f1 NULL /scratch/zaki/workspace/baobab/fft_wideband_real_core/synth_model/fft_wideband_real_core.vhd sub04/vhpl476 1336087447
AR twiddle_stage_2_entity_751968b975 structural /scratch/zaki/workspace/baobab/fft_wideband_real_core/synth_model/fft_wideband_real_core.vhd sub03/vhpl399 1336087370
EN generatepowerefficientenable NULL /scratch/zaki/workspace/baobab/fft_wideband_real_core/synth_model/fft_wideband_real_core.vhd sub01/vhpl120 1336087091
AR csub_entity_839afd606e structural /scratch/zaki/workspace/baobab/fft_wideband_real_core/synth_model/fft_wideband_real_core.vhd sub04/vhpl415 1336087386
AR delay_848c26f47b behavior /scratch/zaki/workspace/baobab/fft_wideband_real_core/synth_model/fft_wideband_real_core.vhd sub02/vhpl229 1336087200
AR relational_16235eb2bf behavior /scratch/zaki/workspace/baobab/fft_wideband_real_core/synth_model/fft_wideband_real_core.vhd sub02/vhpl251 1336087222
EN reorder_out_entity_4064314cbf NULL /scratch/zaki/workspace/baobab/fft_wideband_real_core/synth_model/fft_wideband_real_core.vhd sub03/vhpl376 1336087347
AR fft_stage_5_entity_a003caf496 structural /scratch/zaki/workspace/baobab/fft_wideband_real_core/synth_model/fft_wideband_real_core.vhd sub04/vhpl455 1336087426
EN xlcounter_limit NULL /scratch/zaki/workspace/baobab/fft_wideband_real_core/synth_model/fft_wideband_real_core.vhd sub01/vhpl112 1336087083
AR butterfly2_1_entity_4d78f26b3c structural /scratch/zaki/workspace/baobab/fft_wideband_real_core/synth_model/fft_wideband_real_core.vhd sub05/vhpl529 1336087500
AR bmg_62_82b2485d32f76714 bmg_62_82b2485d32f76714_a /scratch/zaki/workspace/baobab/fft_wideband_real_core/synth_model/fft_wideband_real_core.vhd sub00/vhpl03 1336086974
AR delay_38898c80c0 behavior /scratch/zaki/workspace/baobab/fft_wideband_real_core/synth_model/fft_wideband_real_core.vhd sub02/vhpl269 1336087240
AR bmg_62_7061fc74b87e2931 bmg_62_7061fc74b87e2931_a /scratch/zaki/workspace/baobab/fft_wideband_real_core/synth_model/fft_wideband_real_core.vhd sub00/vhpl09 1336086980
EN bmg_62_665c019c1c5f5676 NULL /scratch/zaki/workspace/baobab/fft_wideband_real_core/synth_model/fft_wideband_real_core.vhd sub00/vhpl72 1336087043
AR csub_entity_8f454f3efc structural /scratch/zaki/workspace/baobab/fft_wideband_real_core/synth_model/fft_wideband_real_core.vhd sub03/vhpl361 1336087332
AR twiddle_general_4mult_entity_07189e9643 structural /scratch/zaki/workspace/baobab/fft_wideband_real_core/synth_model/fft_wideband_real_core.vhd sub04/vhpl447 1336087418
EN convert_func_call NULL /scratch/zaki/workspace/baobab/fft_wideband_real_core/synth_model/fft_wideband_real_core.vhd sub01/vhpl134 1336087105
EN mirror_spectrum_entity_ef11bf8f09 NULL /scratch/zaki/workspace/baobab/fft_wideband_real_core/synth_model/fft_wideband_real_core.vhd sub03/vhpl368 1336087339
EN c_to_ri2_entity_67781924ce NULL /scratch/zaki/workspace/baobab/fft_wideband_real_core/synth_model/fft_wideband_real_core.vhd sub04/vhpl416 1336087387
EN fft_biplex_real_4x0_entity_67c62a0070 NULL /scratch/zaki/workspace/baobab/fft_wideband_real_core/synth_model/fft_wideband_real_core.vhd sub05/vhpl508 1336087479
AR dmg_62_252dff5223562ed1 dmg_62_252dff5223562ed1_a /scratch/zaki/workspace/baobab/fft_wideband_real_core/synth_model/fft_wideband_real_core.vhd sub00/vhpl97 1336087068
EN delay_a14e3dd1bd NULL /scratch/zaki/workspace/baobab/fft_wideband_real_core/synth_model/fft_wideband_real_core.vhd sub02/vhpl218 1336087189
AR dmg_62_1a18407473b36622 dmg_62_1a18407473b36622_a /scratch/zaki/workspace/baobab/fft_wideband_real_core/synth_model/fft_wideband_real_core.vhd sub00/vhpl69 1336087040
AR twiddle_general_4mult_entity_418ad49f3f structural /scratch/zaki/workspace/baobab/fft_wideband_real_core/synth_model/fft_wideband_real_core.vhd sub04/vhpl435 1336087406
EN logical_a6d07705dd NULL /scratch/zaki/workspace/baobab/fft_wideband_real_core/synth_model/fft_wideband_real_core.vhd sub02/vhpl214 1336087185
AR mux_7f6b7da686 behavior /scratch/zaki/workspace/baobab/fft_wideband_real_core/synth_model/fft_wideband_real_core.vhd sub01/vhpl187 1336087158
AR constant_469094441c behavior /scratch/zaki/workspace/baobab/fft_wideband_real_core/synth_model/fft_wideband_real_core.vhd sub03/vhpl319 1336087290
EN mux_69e3090cc7 NULL /scratch/zaki/workspace/baobab/fft_wideband_real_core/synth_model/fft_wideband_real_core.vhd sub02/vhpl236 1336087207
AR relational_9a3978c602 behavior /scratch/zaki/workspace/baobab/fft_wideband_real_core/synth_model/fft_wideband_real_core.vhd sub02/vhpl283 1336087254
AR c_to_ri2_entity_67781924ce structural /scratch/zaki/workspace/baobab/fft_wideband_real_core/synth_model/fft_wideband_real_core.vhd sub04/vhpl417 1336087388
AR bmg_62_665c019c1c5f5676 bmg_62_665c019c1c5f5676_a /scratch/zaki/workspace/baobab/fft_wideband_real_core/synth_model/fft_wideband_real_core.vhd sub00/vhpl73 1336087044
EN coeff_gen_entity_7704725608 NULL /scratch/zaki/workspace/baobab/fft_wideband_real_core/synth_model/fft_wideband_real_core.vhd sub04/vhpl492 1336087463
AR ri_to_c0_entity_ba946f0120 structural /scratch/zaki/workspace/baobab/fft_wideband_real_core/synth_model/fft_wideband_real_core.vhd sub05/vhpl507 1336087478
EN constant_180df391de NULL /scratch/zaki/workspace/baobab/fft_wideband_real_core/synth_model/fft_wideband_real_core.vhd sub02/vhpl276 1336087247
AR srl17e structural /scratch/zaki/workspace/baobab/fft_wideband_real_core/synth_model/fft_wideband_real_core.vhd sub01/vhpl101 1336087072
EN relational_4d3cfceaf4 NULL /scratch/zaki/workspace/baobab/fft_wideband_real_core/synth_model/fft_wideband_real_core.vhd sub03/vhpl312 1336087283
AR constant_4a391b9a0e behavior /scratch/zaki/workspace/baobab/fft_wideband_real_core/synth_model/fft_wideband_real_core.vhd sub01/vhpl161 1336087132
AR relational_54048c8b02 behavior /scratch/zaki/workspace/baobab/fft_wideband_real_core/synth_model/fft_wideband_real_core.vhd sub02/vhpl249 1336087220
EN xlcounter_free NULL /scratch/zaki/workspace/baobab/fft_wideband_real_core/synth_model/fft_wideband_real_core.vhd sub01/vhpl162 1336087133
EN constant_7244cd602b NULL /scratch/zaki/workspace/baobab/fft_wideband_real_core/synth_model/fft_wideband_real_core.vhd sub02/vhpl278 1336087249
AR constant_270746ab47 behavior /scratch/zaki/workspace/baobab/fft_wideband_real_core/synth_model/fft_wideband_real_core.vhd sub01/vhpl141 1336087112
EN addsub_2969055f39 NULL /scratch/zaki/workspace/baobab/fft_wideband_real_core/synth_model/fft_wideband_real_core.vhd sub02/vhpl254 1336087225
EN bmg_62_92fa6367e92d9ee0 NULL /scratch/zaki/workspace/baobab/fft_wideband_real_core/synth_model/fft_wideband_real_core.vhd sub00/vhpl46 1336087017
EN constant_7ea0f2fff7 NULL /scratch/zaki/workspace/baobab/fft_wideband_real_core/synth_model/fft_wideband_real_core.vhd sub02/vhpl290 1336087261
EN xldsp48e NULL /scratch/zaki/workspace/baobab/fft_wideband_real_core/synth_model/fft_wideband_real_core.vhd sub01/vhpl122 1336087093
EN cntr_11_0_d4d70c5a247867e8 NULL /scratch/zaki/workspace/baobab/fft_wideband_real_core/synth_model/fft_wideband_real_core.vhd sub00/vhpl40 1336087011
AR constant_6293007044 behavior /scratch/zaki/workspace/baobab/fft_wideband_real_core/synth_model/fft_wideband_real_core.vhd sub01/vhpl111 1336087082
EN relational_8701b88949 NULL /scratch/zaki/workspace/baobab/fft_wideband_real_core/synth_model/fft_wideband_real_core.vhd sub01/vhpl168 1336087139
EN bmg_62_37f844592d213796 NULL /scratch/zaki/workspace/baobab/fft_wideband_real_core/synth_model/fft_wideband_real_core.vhd sub00/vhpl88 1336087059
AR relational_6c3ee657fa behavior /scratch/zaki/workspace/baobab/fft_wideband_real_core/synth_model/fft_wideband_real_core.vhd sub01/vhpl183 1336087154
EN hilbert_dsp48e0_entity_d153f87bf5 NULL /scratch/zaki/workspace/baobab/fft_wideband_real_core/synth_model/fft_wideband_real_core.vhd sub03/vhpl364 1336087335
EN fft_stage_1_entity_31f6aa536b NULL /scratch/zaki/workspace/baobab/fft_wideband_real_core/synth_model/fft_wideband_real_core.vhd sub03/vhpl396 1336087367
AR xlconvert_pipeline behavior /scratch/zaki/workspace/baobab/fft_wideband_real_core/synth_model/fft_wideband_real_core.vhd sub01/vhpl155 1336087126
AR dmg_62_5863af36f6036886 dmg_62_5863af36f6036886_a /scratch/zaki/workspace/baobab/fft_wideband_real_core/synth_model/fft_wideband_real_core.vhd sub00/vhpl01 1336086972
EN reinterpret_eb03bc3377 NULL /scratch/zaki/workspace/baobab/fft_wideband_real_core/synth_model/fft_wideband_real_core.vhd sub01/vhpl124 1336087095
EN ri_to_c0_entity_57c3607935 NULL /scratch/zaki/workspace/baobab/fft_wideband_real_core/synth_model/fft_wideband_real_core.vhd sub03/vhpl366 1336087337
EN delay_21355083c1 NULL /scratch/zaki/workspace/baobab/fft_wideband_real_core/synth_model/fft_wideband_real_core.vhd sub01/vhpl190 1336087161
AR relational_9ece3c8c4e behavior /scratch/zaki/workspace/baobab/fft_wideband_real_core/synth_model/fft_wideband_real_core.vhd sub03/vhpl305 1336087276
EN convert_entity_812cb70ba6 NULL /scratch/zaki/workspace/baobab/fft_wideband_real_core/synth_model/fft_wideband_real_core.vhd sub04/vhpl410 1336087381
EN twiddle_general_4mult_entity_46e649bbc1 NULL /scratch/zaki/workspace/baobab/fft_wideband_real_core/synth_model/fft_wideband_real_core.vhd sub04/vhpl482 1336087453
AR reinterpret_9306b5127f behavior /scratch/zaki/workspace/baobab/fft_wideband_real_core/synth_model/fft_wideband_real_core.vhd sub01/vhpl159 1336087130
AR delay_423c6c1400 behavior /scratch/zaki/workspace/baobab/fft_wideband_real_core/synth_model/fft_wideband_real_core.vhd sub01/vhpl189 1336087160
AR mux_69e3090cc7 behavior /scratch/zaki/workspace/baobab/fft_wideband_real_core/synth_model/fft_wideband_real_core.vhd sub02/vhpl237 1336087208
AR twiddle_general_4mult_entity_46e649bbc1 structural /scratch/zaki/workspace/baobab/fft_wideband_real_core/synth_model/fft_wideband_real_core.vhd sub04/vhpl483 1336087454
AR bmg_62_66e53735c699b53b bmg_62_66e53735c699b53b_a /scratch/zaki/workspace/baobab/fft_wideband_real_core/synth_model/fft_wideband_real_core.vhd sub00/vhpl19 1336086990
AR concat_b198bd62b0 behavior /scratch/zaki/workspace/baobab/fft_wideband_real_core/synth_model/fft_wideband_real_core.vhd sub01/vhpl149 1336087120
EN reinterpret_3fb4604c01 NULL /scratch/zaki/workspace/baobab/fft_wideband_real_core/synth_model/fft_wideband_real_core.vhd sub01/vhpl142 1336087113
AR delay_b_entity_3c3c50923a structural /scratch/zaki/workspace/baobab/fft_wideband_real_core/synth_model/fft_wideband_real_core.vhd sub04/vhpl403 1336087374
EN constant_145086465d NULL /scratch/zaki/workspace/baobab/fft_wideband_real_core/synth_model/fft_wideband_real_core.vhd sub03/vhpl310 1336087281
EN delay_b_entity_fb1d442e07 NULL /scratch/zaki/workspace/baobab/fft_wideband_real_core/synth_model/fft_wideband_real_core.vhd sub04/vhpl474 1336087445
AR sync_delay_entity_e4a7e09f0b structural /scratch/zaki/workspace/baobab/fft_wideband_real_core/synth_model/fft_wideband_real_core.vhd sub04/vhpl453 1336087424
AR reinterpret_580feec131 behavior /scratch/zaki/workspace/baobab/fft_wideband_real_core/synth_model/fft_wideband_real_core.vhd sub01/vhpl151 1336087122
EN fft_wideband_real_core_cw NULL /scratch/zaki/workspace/baobab/fft_wideband_real_core/synth_model/fft_wideband_real_core_cw.vhd sub05/vhpl550 1336087521
AR twiddle_general_4mult_entity_4483e33770 structural /scratch/zaki/workspace/baobab/fft_wideband_real_core/synth_model/fft_wideband_real_core.vhd sub05/vhpl527 1336087498
AR mux_4bb6f691f7 behavior /scratch/zaki/workspace/baobab/fft_wideband_real_core/synth_model/fft_wideband_real_core.vhd sub02/vhpl223 1336087194
EN coeff_gen_entity_ad79b62afe NULL /scratch/zaki/workspace/baobab/fft_wideband_real_core/synth_model/fft_wideband_real_core.vhd sub05/vhpl510 1336087481
EN fft_stage_2_entity_b72ac4daf5 NULL /scratch/zaki/workspace/baobab/fft_wideband_real_core/synth_model/fft_wideband_real_core.vhd sub04/vhpl406 1336087377
AR butterfly_direct_entity_13b04de492 structural /scratch/zaki/workspace/baobab/fft_wideband_real_core/synth_model/fft_wideband_real_core.vhd sub04/vhpl449 1336087420
AR coeff_gen_entity_6dff86c0da structural /scratch/zaki/workspace/baobab/fft_wideband_real_core/synth_model/fft_wideband_real_core.vhd sub04/vhpl481 1336087452
EN delay_e18fb31a3d NULL /scratch/zaki/workspace/baobab/fft_wideband_real_core/synth_model/fft_wideband_real_core.vhd sub02/vhpl234 1336087205
AR reorder_entity_d3434f5c8e structural /scratch/zaki/workspace/baobab/fft_wideband_real_core/synth_model/fft_wideband_real_core.vhd sub05/vhpl535 1336087506
EN bmg_62_16e54f007b53b02e NULL /scratch/zaki/workspace/baobab/fft_wideband_real_core/synth_model/fft_wideband_real_core.vhd sub00/vhpl14 1336086985
AR xldsp48e behavior /scratch/zaki/workspace/baobab/fft_wideband_real_core/synth_model/fft_wideband_real_core.vhd sub01/vhpl123 1336087094
EN relational_78eac2928d NULL /scratch/zaki/workspace/baobab/fft_wideband_real_core/synth_model/fft_wideband_real_core.vhd sub01/vhpl184 1336087155
EN relational_f6702ea2f7 NULL /scratch/zaki/workspace/baobab/fft_wideband_real_core/synth_model/fft_wideband_real_core.vhd sub03/vhpl346 1336087317
EN cntr_11_0_b9730cea34623a8b NULL /scratch/zaki/workspace/baobab/fft_wideband_real_core/synth_model/fft_wideband_real_core.vhd sub00/vhpl62 1336087033
AR coeff_gen_entity_064539b637 structural /scratch/zaki/workspace/baobab/fft_wideband_real_core/synth_model/fft_wideband_real_core.vhd sub05/vhpl525 1336087496
AR relational_47b317dab6 behavior /scratch/zaki/workspace/baobab/fft_wideband_real_core/synth_model/fft_wideband_real_core.vhd sub03/vhpl323 1336087294
AR fft_unscrambler_entity_de302e83a6 structural /scratch/zaki/workspace/baobab/fft_wideband_real_core/synth_model/fft_wideband_real_core.vhd sub05/vhpl541 1336087512
AR relational_5f1eb17108 behavior /scratch/zaki/workspace/baobab/fft_wideband_real_core/synth_model/fft_wideband_real_core.vhd sub03/vhpl331 1336087302
EN sync_delay_ctr_entity_4ebbfebcd1 NULL /scratch/zaki/workspace/baobab/fft_wideband_real_core/synth_model/fft_wideband_real_core.vhd sub03/vhpl378 1336087349
EN fft_stage_4_entity_4cc3447bc2 NULL /scratch/zaki/workspace/baobab/fft_wideband_real_core/synth_model/fft_wideband_real_core.vhd sub04/vhpl442 1336087413
AR addsub_be8c56327e behavior /scratch/zaki/workspace/baobab/fft_wideband_real_core/synth_model/fft_wideband_real_core.vhd sub02/vhpl265 1336087236
EN sync_delay_en_entity_3b03e1cdc8 NULL /scratch/zaki/workspace/baobab/fft_wideband_real_core/synth_model/fft_wideband_real_core.vhd sub03/vhpl370 1336087341
PH conv_pkg NULL /scratch/zaki/workspace/baobab/fft_wideband_real_core/synth_model/fft_wideband_real_core.vhd sub00/vhpl98 1336087069
EN inverter_e5b38cca3b NULL /scratch/zaki/workspace/baobab/fft_wideband_real_core/synth_model/fft_wideband_real_core.vhd sub02/vhpl212 1336087183
EN fft_stage_6_entity_234201d256 NULL /scratch/zaki/workspace/baobab/fft_wideband_real_core/synth_model/fft_wideband_real_core.vhd sub04/vhpl466 1336087437
EN square_transposer_entity_d5b485adb5 NULL /scratch/zaki/workspace/baobab/fft_wideband_real_core/synth_model/fft_wideband_real_core.vhd sub05/vhpl538 1336087509
AR scale_e5d0b4a1ec behavior /scratch/zaki/workspace/baobab/fft_wideband_real_core/synth_model/fft_wideband_real_core.vhd sub02/vhpl275 1336087246
AR reorder_even_entity_460623e8e4 structural /scratch/zaki/workspace/baobab/fft_wideband_real_core/synth_model/fft_wideband_real_core.vhd sub03/vhpl373 1336087344
AR convert_of2_entity_b17a1c6d50 structural /scratch/zaki/workspace/baobab/fft_wideband_real_core/synth_model/fft_wideband_real_core.vhd sub05/vhpl517 1336087488
AR bmg_62_daa5a8eb8c5c2eed bmg_62_daa5a8eb8c5c2eed_a /scratch/zaki/workspace/baobab/fft_wideband_real_core/synth_model/fft_wideband_real_core.vhd sub00/vhpl31 1336087002
AR delay_e18fb31a3d behavior /scratch/zaki/workspace/baobab/fft_wideband_real_core/synth_model/fft_wideband_real_core.vhd sub02/vhpl235 1336087206
EN cntr_11_0_38c9cb0851a20d91 NULL /scratch/zaki/workspace/baobab/fft_wideband_real_core/synth_model/fft_wideband_real_core.vhd sub00/vhpl84 1336087055
AR cntr_11_0_d4d70c5a247867e8 cntr_11_0_d4d70c5a247867e8_a /scratch/zaki/workspace/baobab/fft_wideband_real_core/synth_model/fft_wideband_real_core.vhd sub00/vhpl41 1336087012
AR butterfly_direct_entity_dfa79bcad4 structural /scratch/zaki/workspace/baobab/fft_wideband_real_core/synth_model/fft_wideband_real_core.vhd sub04/vhpl473 1336087444
EN cntr_11_0_35c81e3155ab2f6f NULL /scratch/zaki/workspace/baobab/fft_wideband_real_core/synth_model/fft_wideband_real_core.vhd sub00/vhpl60 1336087031
EN constant_4a391b9a0e NULL /scratch/zaki/workspace/baobab/fft_wideband_real_core/synth_model/fft_wideband_real_core.vhd sub01/vhpl160 1336087131
AR synth_reg_w_init structural /scratch/zaki/workspace/baobab/fft_wideband_real_core/synth_model/fft_wideband_real_core.vhd sub01/vhpl109 1336087080
EN ri_to_c0_entity_1f41d7c305 NULL /scratch/zaki/workspace/baobab/fft_wideband_real_core/synth_model/fft_wideband_real_core.vhd sub03/vhpl362 1336087333
AR constant_67ad97ca70 behavior /scratch/zaki/workspace/baobab/fft_wideband_real_core/synth_model/fft_wideband_real_core.vhd sub03/vhpl309 1336087280
AR fft_stage_2_entity_b72ac4daf5 structural /scratch/zaki/workspace/baobab/fft_wideband_real_core/synth_model/fft_wideband_real_core.vhd sub04/vhpl407 1336087378
EN single_reg_w_init NULL /scratch/zaki/workspace/baobab/fft_wideband_real_core/synth_model/fft_wideband_real_core.vhd sub01/vhpl106 1336087077
AR synth_reg structural /scratch/zaki/workspace/baobab/fft_wideband_real_core/synth_model/fft_wideband_real_core.vhd sub01/vhpl103 1336087074
AR relational_931d61fb72 behavior /scratch/zaki/workspace/baobab/fft_wideband_real_core/synth_model/fft_wideband_real_core.vhd sub02/vhpl295 1336087266
EN coeff_gen_entity_b6518cd0f7 NULL /scratch/zaki/workspace/baobab/fft_wideband_real_core/synth_model/fft_wideband_real_core.vhd sub04/vhpl456 1336087427
EN bmg_62_073020084dc5d91f NULL /scratch/zaki/workspace/baobab/fft_wideband_real_core/synth_model/fft_wideband_real_core.vhd sub00/vhpl36 1336087007
AR biplex_core_entity_8ae395e8d4 structural /scratch/zaki/workspace/baobab/fft_wideband_real_core/synth_model/fft_wideband_real_core.vhd sub05/vhpl505 1336087476
EN relational_931d61fb72 NULL /scratch/zaki/workspace/baobab/fft_wideband_real_core/synth_model/fft_wideband_real_core.vhd sub02/vhpl294 1336087265
EN coeff_gen_entity_422f348c76 NULL /scratch/zaki/workspace/baobab/fft_wideband_real_core/synth_model/fft_wideband_real_core.vhd sub04/vhpl468 1336087439
AR fft_stage_9_entity_86ae7aec0c structural /scratch/zaki/workspace/baobab/fft_wideband_real_core/synth_model/fft_wideband_real_core.vhd sub05/vhpl503 1336087474
AR xlclockdriver behavior /scratch/zaki/workspace/baobab/fft_wideband_real_core/synth_model/fft_wideband_real_core_cw.vhd sub05/vhpl547 1336087518
AR constant_e8aae5d3bb behavior /scratch/zaki/workspace/baobab/fft_wideband_real_core/synth_model/fft_wideband_real_core.vhd sub02/vhpl247 1336087218
EN delay_b_entity_eee80b016f NULL /scratch/zaki/workspace/baobab/fft_wideband_real_core/synth_model/fft_wideband_real_core.vhd sub04/vhpl462 1336087433
AR dmg_62_9d0957109dc92693 dmg_62_9d0957109dc92693_a /scratch/zaki/workspace/baobab/fft_wideband_real_core/synth_model/fft_wideband_real_core.vhd sub00/vhpl25 1336086996
EN concat_b57c4be2de NULL /scratch/zaki/workspace/baobab/fft_wideband_real_core/synth_model/fft_wideband_real_core.vhd sub01/vhpl138 1336087109
EN relational_54048c8b02 NULL /scratch/zaki/workspace/baobab/fft_wideband_real_core/synth_model/fft_wideband_real_core.vhd sub02/vhpl248 1336087219
AR bmg_62_37f844592d213796 bmg_62_37f844592d213796_a /scratch/zaki/workspace/baobab/fft_wideband_real_core/synth_model/fft_wideband_real_core.vhd sub00/vhpl89 1336087060
AR logical_938d99ac11 behavior /scratch/zaki/workspace/baobab/fft_wideband_real_core/synth_model/fft_wideband_real_core.vhd sub02/vhpl209 1336087180
AR butterfly_direct_entity_60b00b1493 structural /scratch/zaki/workspace/baobab/fft_wideband_real_core/synth_model/fft_wideband_real_core.vhd sub04/vhpl497 1336087468
EN cntr_11_0_20f60aed18821bec NULL /scratch/zaki/workspace/baobab/fft_wideband_real_core/synth_model/fft_wideband_real_core.vhd sub00/vhpl28 1336086999
EN bmg_62_66064026d4816b4e NULL /scratch/zaki/workspace/baobab/fft_wideband_real_core/synth_model/fft_wideband_real_core.vhd sub00/vhpl32 1336087003
EN sync_delay_entity_5a58012105 NULL /scratch/zaki/workspace/baobab/fft_wideband_real_core/synth_model/fft_wideband_real_core.vhd sub05/vhpl500 1336087471
EN constant_469094441c NULL /scratch/zaki/workspace/baobab/fft_wideband_real_core/synth_model/fft_wideband_real_core.vhd sub03/vhpl318 1336087289
EN mux_28159dbdb9 NULL /scratch/zaki/workspace/baobab/fft_wideband_real_core/synth_model/fft_wideband_real_core.vhd sub02/vhpl216 1336087187
AR delay_b_entity_5da3a225ee structural /scratch/zaki/workspace/baobab/fft_wideband_real_core/synth_model/fft_wideband_real_core.vhd sub04/vhpl487 1336087458
AR constant_498bc68c14 behavior /scratch/zaki/workspace/baobab/fft_wideband_real_core/synth_model/fft_wideband_real_core.vhd sub03/vhpl341 1336087312
EN twiddle_general_4mult_entity_07189e9643 NULL /scratch/zaki/workspace/baobab/fft_wideband_real_core/synth_model/fft_wideband_real_core.vhd sub04/vhpl446 1336087417
EN cntr_11_0_c53e3b0687343f7a NULL /scratch/zaki/workspace/baobab/fft_wideband_real_core/synth_model/fft_wideband_real_core.vhd sub00/vhpl74 1336087045
AR twiddle_general_4mult_entity_c55d9e333f structural /scratch/zaki/workspace/baobab/fft_wideband_real_core/synth_model/fft_wideband_real_core.vhd sub04/vhpl423 1336087394
EN dmg_62_566eb4bdfcc3bc15 NULL /scratch/zaki/workspace/baobab/fft_wideband_real_core/synth_model/fft_wideband_real_core.vhd sub00/vhpl20 1336086991
EN constant_582a3706dd NULL /scratch/zaki/workspace/baobab/fft_wideband_real_core/synth_model/fft_wideband_real_core.vhd sub02/vhpl298 1336087269
EN dmg_62_f0d8e22702089fe9 NULL /scratch/zaki/workspace/baobab/fft_wideband_real_core/synth_model/fft_wideband_real_core.vhd sub00/vhpl92 1336087063
AR constant_b437b02512 behavior /scratch/zaki/workspace/baobab/fft_wideband_real_core/synth_model/fft_wideband_real_core.vhd sub02/vhpl243 1336087214
EN cntr_11_0_b2e26777d24cb38d NULL /scratch/zaki/workspace/baobab/fft_wideband_real_core/synth_model/fft_wideband_real_core.vhd sub00/vhpl66 1336087037
EN butterfly_direct_entity_e4b9acb91e NULL /scratch/zaki/workspace/baobab/fft_wideband_real_core/synth_model/fft_wideband_real_core.vhd sub04/vhpl424 1336087395
AR sync_delay_entity_2cbc398b43 structural /scratch/zaki/workspace/baobab/fft_wideband_real_core/synth_model/fft_wideband_real_core.vhd sub03/vhpl395 1336087366
AR constant_961b61f8a1 behavior /scratch/zaki/workspace/baobab/fft_wideband_real_core/synth_model/fft_wideband_real_core.vhd sub02/vhpl293 1336087264
EN delay_b_entity_3c3c50923a NULL /scratch/zaki/workspace/baobab/fft_wideband_real_core/synth_model/fft_wideband_real_core.vhd sub04/vhpl402 1336087373
EN cntr_11_0_7ca694f8efe8d963 NULL /scratch/zaki/workspace/baobab/fft_wideband_real_core/synth_model/fft_wideband_real_core.vhd sub00/vhpl78 1336087049
