PB conv_pkg conv_pkg /scratch/zaki/workspace/baobab/fir_core/synth_model/fir_core.vhd sub00/vhpl41 1337638110
AR delay_bram_entity_8c8cf2a780 structural /scratch/zaki/workspace/baobab/fir_core/synth_model/fir_core.vhd sub01/vhpl109 1337638178
AR pol1_in3_tap3_entity_6cd58e2171 structural /scratch/zaki/workspace/baobab/fir_core/synth_model/fir_core.vhd sub01/vhpl137 1337638206
AR xlregister behavior /scratch/zaki/workspace/baobab/fir_core/synth_model/fir_core.vhd sub00/vhpl73 1337638142
AR mux_1bef4ba0e4 behavior /scratch/zaki/workspace/baobab/fir_core/synth_model/fir_core.vhd sub00/vhpl85 1337638154
EN addsb_11_0_2b8a9ccb489abd02 NULL /scratch/zaki/workspace/baobab/fir_core/synth_model/fir_core.vhd sub00/vhpl00 1337638069
EN bmg_62_5f21d4ff216b1fd0 NULL /scratch/zaki/workspace/baobab/fir_core/synth_model/fir_core.vhd sub00/vhpl28 1337638097
AR pol1_in1_last_tap_entity_f27c5d34b7 structural /scratch/zaki/workspace/baobab/fir_core/synth_model/fir_core.vhd sub01/vhpl117 1337638186
AR fir_core structural /scratch/zaki/workspace/baobab/fir_core/synth_model/fir_core.vhd sub01/vhpl145 1337638214
AR xldelay behavior /scratch/zaki/workspace/baobab/fir_core/synth_model/fir_core.vhd sub00/vhpl69 1337638138
AR constant_498bc68c14 behavior /scratch/zaki/workspace/baobab/fir_core/synth_model/fir_core.vhd sub00/vhpl79 1337638148
EN delay_e18fb31a3d NULL /scratch/zaki/workspace/baobab/fir_core/synth_model/fir_core.vhd sub00/vhpl56 1337638125
EN bmg_62_c9b13a26e1c976ed NULL /scratch/zaki/workspace/baobab/fir_core/synth_model/fir_core.vhd sub00/vhpl04 1337638073
EN pol1_in2_last_tap_entity_241207702d NULL /scratch/zaki/workspace/baobab/fir_core/synth_model/fir_core.vhd sub01/vhpl126 1337638195
EN relational_0ffd72e037 NULL /scratch/zaki/workspace/baobab/fir_core/synth_model/fir_core.vhd sub00/vhpl86 1337638155
AR scale_f01f7ce486 behavior /scratch/zaki/workspace/baobab/fir_core/synth_model/fir_core.vhd sub00/vhpl99 1337638168
EN delay_bram_entity_8c8cf2a780 NULL /scratch/zaki/workspace/baobab/fir_core/synth_model/fir_core.vhd sub01/vhpl108 1337638177
EN bmg_62_745dba485f20f896 NULL /scratch/zaki/workspace/baobab/fir_core/synth_model/fir_core.vhd sub00/vhpl30 1337638099
EN xldelay NULL /scratch/zaki/workspace/baobab/fir_core/synth_model/fir_core.vhd sub00/vhpl68 1337638137
AR mult_4fae336f61 behavior /scratch/zaki/workspace/baobab/fir_core/synth_model/fir_core.vhd sub00/vhpl91 1337638160
AR adder_1_2_entity_52bf50a64e structural /scratch/zaki/workspace/baobab/fir_core/synth_model/fir_core.vhd sub01/vhpl107 1337638176
EN relational_f6702ea2f7 NULL /scratch/zaki/workspace/baobab/fir_core/synth_model/fir_core.vhd sub00/vhpl88 1337638157
AR pfb_coeff_gen_entity_9b5460c6ae structural /scratch/zaki/workspace/baobab/fir_core/synth_model/fir_core.vhd sub01/vhpl123 1337638192
EN pfb_coeff_gen_entity_fd7b1ea43c NULL /scratch/zaki/workspace/baobab/fir_core/synth_model/fir_core.vhd sub01/vhpl132 1337638201
EN constant_fbc2f0cce1 NULL /scratch/zaki/workspace/baobab/fir_core/synth_model/fir_core.vhd sub00/vhpl80 1337638149
AR addsb_11_0_2b8a9ccb489abd02 addsb_11_0_2b8a9ccb489abd02_a /scratch/zaki/workspace/baobab/fir_core/synth_model/fir_core.vhd sub00/vhpl01 1337638070
EN bmg_62_d5b7eb23678de10c NULL /scratch/zaki/workspace/baobab/fir_core/synth_model/fir_core.vhd sub00/vhpl16 1337638085
EN pfb_fir_real_entity_aa6b975fdf NULL /scratch/zaki/workspace/baobab/fir_core/synth_model/fir_core.vhd sub01/vhpl142 1337638211
AR pol1_in4_first_tap_entity_3b6be8bfd7 structural /scratch/zaki/workspace/baobab/fir_core/synth_model/fir_core.vhd sub01/vhpl141 1337638210
AR bmg_62_5f21d4ff216b1fd0 bmg_62_5f21d4ff216b1fd0_a /scratch/zaki/workspace/baobab/fir_core/synth_model/fir_core.vhd sub00/vhpl29 1337638098
EN bmg_62_d20d0ec823fdec4a NULL /scratch/zaki/workspace/baobab/fir_core/synth_model/fir_core.vhd sub00/vhpl14 1337638083
AR pol1_in2_tap2_entity_e1f3841ede structural /scratch/zaki/workspace/baobab/fir_core/synth_model/fir_core.vhd sub01/vhpl129 1337638198
AR bmg_62_f849e107d1112fef bmg_62_f849e107d1112fef_a /scratch/zaki/workspace/baobab/fir_core/synth_model/fir_core.vhd sub00/vhpl33 1337638102
AR default_clock_driver structural /scratch/zaki/workspace/baobab/fir_core/synth_model/fir_core_cw.vhd sub01/vhpl149 1337638218
AR sync_delay_entity_eadca06591 structural /scratch/zaki/workspace/baobab/fir_core/synth_model/fir_core.vhd sub01/vhpl113 1337638182
EN pol1_in1_last_tap_entity_f27c5d34b7 NULL /scratch/zaki/workspace/baobab/fir_core/synth_model/fir_core.vhd sub01/vhpl116 1337638185
EN xlconvert_pipeline NULL /scratch/zaki/workspace/baobab/fir_core/synth_model/fir_core.vhd sub01/vhpl102 1337638171
EN bmg_62_7efdd451ec9ecd90 NULL /scratch/zaki/workspace/baobab/fir_core/synth_model/fir_core.vhd sub00/vhpl12 1337638081
EN bmg_62_1aa0829514e8ac73 NULL /scratch/zaki/workspace/baobab/fir_core/synth_model/fir_core.vhd sub00/vhpl22 1337638091
EN bmg_62_87538d1b92b16ce1 NULL /scratch/zaki/workspace/baobab/fir_core/synth_model/fir_core.vhd sub00/vhpl06 1337638075
EN pfb_coeff_gen_entity_0656d44fd1 NULL /scratch/zaki/workspace/baobab/fir_core/synth_model/fir_core.vhd sub01/vhpl138 1337638207
AR reinterpret_d9988e3d87 behavior /scratch/zaki/workspace/baobab/fir_core/synth_model/fir_core.vhd sub00/vhpl95 1337638164
EN constant_498bc68c14 NULL /scratch/zaki/workspace/baobab/fir_core/synth_model/fir_core.vhd sub00/vhpl78 1337638147
AR bmg_62_c9b13a26e1c976ed bmg_62_c9b13a26e1c976ed_a /scratch/zaki/workspace/baobab/fir_core/synth_model/fir_core.vhd sub00/vhpl05 1337638074
EN xladdsub NULL /scratch/zaki/workspace/baobab/fir_core/synth_model/fir_core.vhd sub00/vhpl54 1337638123
EN bmg_62_83fe0806cdc0420f NULL /scratch/zaki/workspace/baobab/fir_core/synth_model/fir_core.vhd sub00/vhpl20 1337638089
EN pol1_in1_tap2_entity_7108b1c819 NULL /scratch/zaki/workspace/baobab/fir_core/synth_model/fir_core.vhd sub01/vhpl118 1337638187
AR pol1_in2_tap3_entity_2cbb5eccfb structural /scratch/zaki/workspace/baobab/fir_core/synth_model/fir_core.vhd sub01/vhpl131 1337638200
AR addsub_14e4f27748 behavior /scratch/zaki/workspace/baobab/fir_core/synth_model/fir_core.vhd sub00/vhpl53 1337638122
AR constant_fbc2f0cce1 behavior /scratch/zaki/workspace/baobab/fir_core/synth_model/fir_core.vhd sub00/vhpl81 1337638150
EN reinterpret_d9988e3d87 NULL /scratch/zaki/workspace/baobab/fir_core/synth_model/fir_core.vhd sub00/vhpl94 1337638163
EN xlcounter_free NULL /scratch/zaki/workspace/baobab/fir_core/synth_model/fir_core.vhd sub00/vhpl66 1337638135
EN bmg_62_69de893a5337e413 NULL /scratch/zaki/workspace/baobab/fir_core/synth_model/fir_core.vhd sub00/vhpl02 1337638071
AR bmg_62_9dec88cb108e8ea0 bmg_62_9dec88cb108e8ea0_a /scratch/zaki/workspace/baobab/fir_core/synth_model/fir_core.vhd sub00/vhpl37 1337638106
AR cntr_11_0_7ca694f8efe8d963 cntr_11_0_7ca694f8efe8d963_a /scratch/zaki/workspace/baobab/fir_core/synth_model/fir_core.vhd sub00/vhpl35 1337638104
AR constant_6293007044 behavior /scratch/zaki/workspace/baobab/fir_core/synth_model/fir_core.vhd sub00/vhpl59 1337638128
AR pfb_coeff_gen_entity_0656d44fd1 structural /scratch/zaki/workspace/baobab/fir_core/synth_model/fir_core.vhd sub01/vhpl139 1337638208
AR constant_f1ac4bddff behavior /scratch/zaki/workspace/baobab/fir_core/synth_model/fir_core.vhd sub00/vhpl77 1337638146
AR xlconvert_pipeline behavior /scratch/zaki/workspace/baobab/fir_core/synth_model/fir_core.vhd sub01/vhpl103 1337638172
EN adder_1_2_entity_52bf50a64e NULL /scratch/zaki/workspace/baobab/fir_core/synth_model/fir_core.vhd sub01/vhpl106 1337638175
AR bmg_62_d5b7eb23678de10c bmg_62_d5b7eb23678de10c_a /scratch/zaki/workspace/baobab/fir_core/synth_model/fir_core.vhd sub00/vhpl17 1337638086
EN bmg_62_f849e107d1112fef NULL /scratch/zaki/workspace/baobab/fir_core/synth_model/fir_core.vhd sub00/vhpl32 1337638101
AR bmg_62_c427435888f01a9f bmg_62_c427435888f01a9f_a /scratch/zaki/workspace/baobab/fir_core/synth_model/fir_core.vhd sub00/vhpl09 1337638078
EN single_reg_w_init NULL /scratch/zaki/workspace/baobab/fir_core/synth_model/fir_core.vhd sub00/vhpl48 1337638117
EN pol1_in2_tap3_entity_2cbb5eccfb NULL /scratch/zaki/workspace/baobab/fir_core/synth_model/fir_core.vhd sub01/vhpl130 1337638199
AR srl17e structural /scratch/zaki/workspace/baobab/fir_core/synth_model/fir_core.vhd sub00/vhpl43 1337638112
AR adder_1_1_entity_ed90060fea structural /scratch/zaki/workspace/baobab/fir_core/synth_model/fir_core.vhd sub01/vhpl105 1337638174
PH conv_pkg NULL /scratch/zaki/workspace/baobab/fir_core/synth_model/fir_core.vhd sub00/vhpl40 1337638109
AR xlcounter_free behavior /scratch/zaki/workspace/baobab/fir_core/synth_model/fir_core.vhd sub00/vhpl67 1337638136
EN bmg_62_23ab077301fa4682 NULL /scratch/zaki/workspace/baobab/fir_core/synth_model/fir_core.vhd sub00/vhpl38 1337638107
AR convert_pipeline behavior /scratch/zaki/workspace/baobab/fir_core/synth_model/fir_core.vhd sub01/vhpl101 1337638170
EN adder_1_1_entity_ed90060fea NULL /scratch/zaki/workspace/baobab/fir_core/synth_model/fir_core.vhd sub01/vhpl104 1337638173
AR bmg_62_199e98588d9c0a81 bmg_62_199e98588d9c0a81_a /scratch/zaki/workspace/baobab/fir_core/synth_model/fir_core.vhd sub00/vhpl27 1337638096
EN srl17e NULL /scratch/zaki/workspace/baobab/fir_core/synth_model/fir_core.vhd sub00/vhpl42 1337638111
AR pol1_in3_first_tap_entity_37584fa2d3 structural /scratch/zaki/workspace/baobab/fir_core/synth_model/fir_core.vhd sub01/vhpl135 1337638204
AR single_reg_w_init structural /scratch/zaki/workspace/baobab/fir_core/synth_model/fir_core.vhd sub00/vhpl49 1337638118
EN logical_aacf6e1b0e NULL /scratch/zaki/workspace/baobab/fir_core/synth_model/fir_core.vhd sub00/vhpl82 1337638151
EN pol1_in2_tap2_entity_e1f3841ede NULL /scratch/zaki/workspace/baobab/fir_core/synth_model/fir_core.vhd sub01/vhpl128 1337638197
EN pol1_in1_first_tap_entity_10d51430b4 NULL /scratch/zaki/workspace/baobab/fir_core/synth_model/fir_core.vhd sub01/vhpl114 1337638183
AR pfb_fir_real_entity_aa6b975fdf structural /scratch/zaki/workspace/baobab/fir_core/synth_model/fir_core.vhd sub01/vhpl143 1337638212
AR reinterpret_9a0fa0f632 behavior /scratch/zaki/workspace/baobab/fir_core/synth_model/fir_core.vhd sub00/vhpl93 1337638162
EN convert_pipeline NULL /scratch/zaki/workspace/baobab/fir_core/synth_model/fir_core.vhd sub01/vhpl100 1337638169
EN constant_6293007044 NULL /scratch/zaki/workspace/baobab/fir_core/synth_model/fir_core.vhd sub00/vhpl58 1337638127
EN xlspram NULL /scratch/zaki/workspace/baobab/fir_core/synth_model/fir_core.vhd sub00/vhpl62 1337638131
EN pol1_in4_first_tap_entity_3b6be8bfd7 NULL /scratch/zaki/workspace/baobab/fir_core/synth_model/fir_core.vhd sub01/vhpl140 1337638209
AR xlspram behavior /scratch/zaki/workspace/baobab/fir_core/synth_model/fir_core.vhd sub00/vhpl63 1337638132
EN synth_reg_w_init NULL /scratch/zaki/workspace/baobab/fir_core/synth_model/fir_core.vhd sub00/vhpl50 1337638119
EN scale_f01f7ce486 NULL /scratch/zaki/workspace/baobab/fir_core/synth_model/fir_core.vhd sub00/vhpl98 1337638167
EN concat_a246e373e7 NULL /scratch/zaki/workspace/baobab/fir_core/synth_model/fir_core.vhd sub00/vhpl64 1337638133
AR fir_core_cw structural /scratch/zaki/workspace/baobab/fir_core/synth_model/fir_core_cw.vhd sub01/vhpl151 1337638220
EN pol1_in2_first_tap_entity_fe710c8572 NULL /scratch/zaki/workspace/baobab/fir_core/synth_model/fir_core.vhd sub01/vhpl124 1337638193
AR synth_reg structural /scratch/zaki/workspace/baobab/fir_core/synth_model/fir_core.vhd sub00/vhpl45 1337638114
EN bmg_62_b6e6c9b59ce4fadf NULL /scratch/zaki/workspace/baobab/fir_core/synth_model/fir_core.vhd sub00/vhpl10 1337638079
EN bmg_62_c427435888f01a9f NULL /scratch/zaki/workspace/baobab/fir_core/synth_model/fir_core.vhd sub00/vhpl08 1337638077
AR synth_reg_reg behav /scratch/zaki/workspace/baobab/fir_core/synth_model/fir_core.vhd sub00/vhpl47 1337638116
EN cntr_11_0_7ca694f8efe8d963 NULL /scratch/zaki/workspace/baobab/fir_core/synth_model/fir_core.vhd sub00/vhpl34 1337638103
AR bmg_62_091470bf207d9593 bmg_62_091470bf207d9593_a /scratch/zaki/workspace/baobab/fir_core/synth_model/fir_core.vhd sub00/vhpl25 1337638094
EN bmg_62_9dec88cb108e8ea0 NULL /scratch/zaki/workspace/baobab/fir_core/synth_model/fir_core.vhd sub00/vhpl36 1337638105
AR xlclockdriver behavior /scratch/zaki/workspace/baobab/fir_core/synth_model/fir_core_cw.vhd sub01/vhpl147 1337638216
AR xlslice behavior /scratch/zaki/workspace/baobab/fir_core/synth_model/fir_core.vhd sub00/vhpl97 1337638166
EN synth_reg NULL /scratch/zaki/workspace/baobab/fir_core/synth_model/fir_core.vhd sub00/vhpl44 1337638113
EN pfb_coeff_gen_entity_e515210970 NULL /scratch/zaki/workspace/baobab/fir_core/synth_model/fir_core.vhd sub01/vhpl110 1337638179
EN xlclockdriver NULL /scratch/zaki/workspace/baobab/fir_core/synth_model/fir_core_cw.vhd sub01/vhpl146 1337638215
AR pol1_in1_first_tap_entity_10d51430b4 structural /scratch/zaki/workspace/baobab/fir_core/synth_model/fir_core.vhd sub01/vhpl115 1337638184
AR pol1_in2_last_tap_entity_241207702d structural /scratch/zaki/workspace/baobab/fir_core/synth_model/fir_core.vhd sub01/vhpl127 1337638196
AR bmg_62_d20d0ec823fdec4a bmg_62_d20d0ec823fdec4a_a /scratch/zaki/workspace/baobab/fir_core/synth_model/fir_core.vhd sub00/vhpl15 1337638084
AR bmg_62_1aa0829514e8ac73 bmg_62_1aa0829514e8ac73_a /scratch/zaki/workspace/baobab/fir_core/synth_model/fir_core.vhd sub00/vhpl23 1337638092
AR pol1_in1_tap2_entity_7108b1c819 structural /scratch/zaki/workspace/baobab/fir_core/synth_model/fir_core.vhd sub01/vhpl119 1337638188
AR cntr_11_0_b9730cea34623a8b cntr_11_0_b9730cea34623a8b_a /scratch/zaki/workspace/baobab/fir_core/synth_model/fir_core.vhd sub00/vhpl19 1337638088
AR concat_a246e373e7 behavior /scratch/zaki/workspace/baobab/fir_core/synth_model/fir_core.vhd sub00/vhpl65 1337638134
EN constant_f1ac4bddff NULL /scratch/zaki/workspace/baobab/fir_core/synth_model/fir_core.vhd sub00/vhpl76 1337638145
AR bmg_62_b6e6c9b59ce4fadf bmg_62_b6e6c9b59ce4fadf_a /scratch/zaki/workspace/baobab/fir_core/synth_model/fir_core.vhd sub00/vhpl11 1337638080
AR pfb_coeff_gen_entity_e515210970 structural /scratch/zaki/workspace/baobab/fir_core/synth_model/fir_core.vhd sub01/vhpl111 1337638180
EN mult_4fae336f61 NULL /scratch/zaki/workspace/baobab/fir_core/synth_model/fir_core.vhd sub00/vhpl90 1337638159
AR pol1_in2_first_tap_entity_fe710c8572 structural /scratch/zaki/workspace/baobab/fir_core/synth_model/fir_core.vhd sub01/vhpl125 1337638194
EN addsub_14e4f27748 NULL /scratch/zaki/workspace/baobab/fir_core/synth_model/fir_core.vhd sub00/vhpl52 1337638121
AR bmg_62_87538d1b92b16ce1 bmg_62_87538d1b92b16ce1_a /scratch/zaki/workspace/baobab/fir_core/synth_model/fir_core.vhd sub00/vhpl07 1337638076
EN pfb_coeff_gen_entity_9b5460c6ae NULL /scratch/zaki/workspace/baobab/fir_core/synth_model/fir_core.vhd sub01/vhpl122 1337638191
AR pfb_coeff_gen_entity_fd7b1ea43c structural /scratch/zaki/workspace/baobab/fir_core/synth_model/fir_core.vhd sub01/vhpl133 1337638202
AR xlcounter_limit behavior /scratch/zaki/workspace/baobab/fir_core/synth_model/fir_core.vhd sub00/vhpl61 1337638130
EN reinterpret_9a0fa0f632 NULL /scratch/zaki/workspace/baobab/fir_core/synth_model/fir_core.vhd sub00/vhpl92 1337638161
EN xlslice NULL /scratch/zaki/workspace/baobab/fir_core/synth_model/fir_core.vhd sub00/vhpl96 1337638165
AR bmg_62_69de893a5337e413 bmg_62_69de893a5337e413_a /scratch/zaki/workspace/baobab/fir_core/synth_model/fir_core.vhd sub00/vhpl03 1337638072
EN reinterpret_580feec131 NULL /scratch/zaki/workspace/baobab/fir_core/synth_model/fir_core.vhd sub00/vhpl74 1337638143
EN cntr_11_0_b9730cea34623a8b NULL /scratch/zaki/workspace/baobab/fir_core/synth_model/fir_core.vhd sub00/vhpl18 1337638087
AR bmg_62_745dba485f20f896 bmg_62_745dba485f20f896_a /scratch/zaki/workspace/baobab/fir_core/synth_model/fir_core.vhd sub00/vhpl31 1337638100
AR logical_aacf6e1b0e behavior /scratch/zaki/workspace/baobab/fir_core/synth_model/fir_core.vhd sub00/vhpl83 1337638152
EN pol1_in1_tap3_entity_3020e6776f NULL /scratch/zaki/workspace/baobab/fir_core/synth_model/fir_core.vhd sub01/vhpl120 1337638189
AR bmg_62_7efdd451ec9ecd90 bmg_62_7efdd451ec9ecd90_a /scratch/zaki/workspace/baobab/fir_core/synth_model/fir_core.vhd sub00/vhpl13 1337638082
EN pol1_in3_first_tap_entity_37584fa2d3 NULL /scratch/zaki/workspace/baobab/fir_core/synth_model/fir_core.vhd sub01/vhpl134 1337638203
AR xlsprom behavior /scratch/zaki/workspace/baobab/fir_core/synth_model/fir_core.vhd sub00/vhpl71 1337638140
AR delay_e18fb31a3d behavior /scratch/zaki/workspace/baobab/fir_core/synth_model/fir_core.vhd sub00/vhpl57 1337638126
EN pol1_in3_tap3_entity_6cd58e2171 NULL /scratch/zaki/workspace/baobab/fir_core/synth_model/fir_core.vhd sub01/vhpl136 1337638205
AR relational_f6702ea2f7 behavior /scratch/zaki/workspace/baobab/fir_core/synth_model/fir_core.vhd sub00/vhpl89 1337638158
EN sync_delay_entity_eadca06591 NULL /scratch/zaki/workspace/baobab/fir_core/synth_model/fir_core.vhd sub01/vhpl112 1337638181
EN bmg_62_091470bf207d9593 NULL /scratch/zaki/workspace/baobab/fir_core/synth_model/fir_core.vhd sub00/vhpl24 1337638093
AR xladdsub behavior /scratch/zaki/workspace/baobab/fir_core/synth_model/fir_core.vhd sub00/vhpl55 1337638124
EN xlsprom NULL /scratch/zaki/workspace/baobab/fir_core/synth_model/fir_core.vhd sub00/vhpl70 1337638139
AR pol1_in1_tap3_entity_3020e6776f structural /scratch/zaki/workspace/baobab/fir_core/synth_model/fir_core.vhd sub01/vhpl121 1337638190
EN fir_core_cw NULL /scratch/zaki/workspace/baobab/fir_core/synth_model/fir_core_cw.vhd sub01/vhpl150 1337638219
EN default_clock_driver NULL /scratch/zaki/workspace/baobab/fir_core/synth_model/fir_core_cw.vhd sub01/vhpl148 1337638217
AR bmg_62_83fe0806cdc0420f bmg_62_83fe0806cdc0420f_a /scratch/zaki/workspace/baobab/fir_core/synth_model/fir_core.vhd sub00/vhpl21 1337638090
EN bmg_62_199e98588d9c0a81 NULL /scratch/zaki/workspace/baobab/fir_core/synth_model/fir_core.vhd sub00/vhpl26 1337638095
AR bmg_62_23ab077301fa4682 bmg_62_23ab077301fa4682_a /scratch/zaki/workspace/baobab/fir_core/synth_model/fir_core.vhd sub00/vhpl39 1337638108
AR reinterpret_580feec131 behavior /scratch/zaki/workspace/baobab/fir_core/synth_model/fir_core.vhd sub00/vhpl75 1337638144
EN synth_reg_reg NULL /scratch/zaki/workspace/baobab/fir_core/synth_model/fir_core.vhd sub00/vhpl46 1337638115
AR synth_reg_w_init structural /scratch/zaki/workspace/baobab/fir_core/synth_model/fir_core.vhd sub00/vhpl51 1337638120
AR relational_0ffd72e037 behavior /scratch/zaki/workspace/baobab/fir_core/synth_model/fir_core.vhd sub00/vhpl87 1337638156
EN xlcounter_limit NULL /scratch/zaki/workspace/baobab/fir_core/synth_model/fir_core.vhd sub00/vhpl60 1337638129
EN fir_core NULL /scratch/zaki/workspace/baobab/fir_core/synth_model/fir_core.vhd sub01/vhpl144 1337638213
EN xlregister NULL /scratch/zaki/workspace/baobab/fir_core/synth_model/fir_core.vhd sub00/vhpl72 1337638141
EN mux_1bef4ba0e4 NULL /scratch/zaki/workspace/baobab/fir_core/synth_model/fir_core.vhd sub00/vhpl84 1337638153
