V3 235
FL /scratch/zaki/workspace/baobab/fir_core/synth_model/fir_core.vhd 2012/05/20.23:43:34 O.76xd
EN work/addsb_11_0_2b8a9ccb489abd02 1337638069 \
      FL /scratch/zaki/workspace/baobab/fir_core/synth_model/fir_core.vhd \
      PB ieee/std_logic_1164 1317710503
AR work/addsb_11_0_2b8a9ccb489abd02/addsb_11_0_2b8a9ccb489abd02_a 1337638070 \
      FL /scratch/zaki/workspace/baobab/fir_core/synth_model/fir_core.vhd \
      EN work/addsb_11_0_2b8a9ccb489abd02 1337638069
EN work/bmg_62_69de893a5337e413 1337638071 \
      FL /scratch/zaki/workspace/baobab/fir_core/synth_model/fir_core.vhd \
      PB ieee/std_logic_1164 1317710503
AR work/bmg_62_69de893a5337e413/bmg_62_69de893a5337e413_a 1337638072 \
      FL /scratch/zaki/workspace/baobab/fir_core/synth_model/fir_core.vhd \
      EN work/bmg_62_69de893a5337e413 1337638071
EN work/bmg_62_c9b13a26e1c976ed 1337638073 \
      FL /scratch/zaki/workspace/baobab/fir_core/synth_model/fir_core.vhd \
      PB ieee/std_logic_1164 1317710503
AR work/bmg_62_c9b13a26e1c976ed/bmg_62_c9b13a26e1c976ed_a 1337638074 \
      FL /scratch/zaki/workspace/baobab/fir_core/synth_model/fir_core.vhd \
      EN work/bmg_62_c9b13a26e1c976ed 1337638073
EN work/bmg_62_87538d1b92b16ce1 1337638075 \
      FL /scratch/zaki/workspace/baobab/fir_core/synth_model/fir_core.vhd \
      PB ieee/std_logic_1164 1317710503
AR work/bmg_62_87538d1b92b16ce1/bmg_62_87538d1b92b16ce1_a 1337638076 \
      FL /scratch/zaki/workspace/baobab/fir_core/synth_model/fir_core.vhd \
      EN work/bmg_62_87538d1b92b16ce1 1337638075
EN work/bmg_62_c427435888f01a9f 1337638077 \
      FL /scratch/zaki/workspace/baobab/fir_core/synth_model/fir_core.vhd \
      PB ieee/std_logic_1164 1317710503
AR work/bmg_62_c427435888f01a9f/bmg_62_c427435888f01a9f_a 1337638078 \
      FL /scratch/zaki/workspace/baobab/fir_core/synth_model/fir_core.vhd \
      EN work/bmg_62_c427435888f01a9f 1337638077
EN work/bmg_62_b6e6c9b59ce4fadf 1337638079 \
      FL /scratch/zaki/workspace/baobab/fir_core/synth_model/fir_core.vhd \
      PB ieee/std_logic_1164 1317710503
AR work/bmg_62_b6e6c9b59ce4fadf/bmg_62_b6e6c9b59ce4fadf_a 1337638080 \
      FL /scratch/zaki/workspace/baobab/fir_core/synth_model/fir_core.vhd \
      EN work/bmg_62_b6e6c9b59ce4fadf 1337638079
EN work/bmg_62_7efdd451ec9ecd90 1337638081 \
      FL /scratch/zaki/workspace/baobab/fir_core/synth_model/fir_core.vhd \
      PB ieee/std_logic_1164 1317710503
AR work/bmg_62_7efdd451ec9ecd90/bmg_62_7efdd451ec9ecd90_a 1337638082 \
      FL /scratch/zaki/workspace/baobab/fir_core/synth_model/fir_core.vhd \
      EN work/bmg_62_7efdd451ec9ecd90 1337638081
EN work/bmg_62_d20d0ec823fdec4a 1337638083 \
      FL /scratch/zaki/workspace/baobab/fir_core/synth_model/fir_core.vhd \
      PB ieee/std_logic_1164 1317710503
AR work/bmg_62_d20d0ec823fdec4a/bmg_62_d20d0ec823fdec4a_a 1337638084 \
      FL /scratch/zaki/workspace/baobab/fir_core/synth_model/fir_core.vhd \
      EN work/bmg_62_d20d0ec823fdec4a 1337638083
EN work/bmg_62_d5b7eb23678de10c 1337638085 \
      FL /scratch/zaki/workspace/baobab/fir_core/synth_model/fir_core.vhd \
      PB ieee/std_logic_1164 1317710503
AR work/bmg_62_d5b7eb23678de10c/bmg_62_d5b7eb23678de10c_a 1337638086 \
      FL /scratch/zaki/workspace/baobab/fir_core/synth_model/fir_core.vhd \
      EN work/bmg_62_d5b7eb23678de10c 1337638085
EN work/cntr_11_0_b9730cea34623a8b 1337638087 \
      FL /scratch/zaki/workspace/baobab/fir_core/synth_model/fir_core.vhd \
      PB ieee/std_logic_1164 1317710503
AR work/cntr_11_0_b9730cea34623a8b/cntr_11_0_b9730cea34623a8b_a 1337638088 \
      FL /scratch/zaki/workspace/baobab/fir_core/synth_model/fir_core.vhd \
      EN work/cntr_11_0_b9730cea34623a8b 1337638087
EN work/bmg_62_83fe0806cdc0420f 1337638089 \
      FL /scratch/zaki/workspace/baobab/fir_core/synth_model/fir_core.vhd \
      PB ieee/std_logic_1164 1317710503
AR work/bmg_62_83fe0806cdc0420f/bmg_62_83fe0806cdc0420f_a 1337638090 \
      FL /scratch/zaki/workspace/baobab/fir_core/synth_model/fir_core.vhd \
      EN work/bmg_62_83fe0806cdc0420f 1337638089
EN work/bmg_62_1aa0829514e8ac73 1337638091 \
      FL /scratch/zaki/workspace/baobab/fir_core/synth_model/fir_core.vhd \
      PB ieee/std_logic_1164 1317710503
AR work/bmg_62_1aa0829514e8ac73/bmg_62_1aa0829514e8ac73_a 1337638092 \
      FL /scratch/zaki/workspace/baobab/fir_core/synth_model/fir_core.vhd \
      EN work/bmg_62_1aa0829514e8ac73 1337638091
EN work/bmg_62_091470bf207d9593 1337638093 \
      FL /scratch/zaki/workspace/baobab/fir_core/synth_model/fir_core.vhd \
      PB ieee/std_logic_1164 1317710503
AR work/bmg_62_091470bf207d9593/bmg_62_091470bf207d9593_a 1337638094 \
      FL /scratch/zaki/workspace/baobab/fir_core/synth_model/fir_core.vhd \
      EN work/bmg_62_091470bf207d9593 1337638093
EN work/bmg_62_199e98588d9c0a81 1337638095 \
      FL /scratch/zaki/workspace/baobab/fir_core/synth_model/fir_core.vhd \
      PB ieee/std_logic_1164 1317710503
AR work/bmg_62_199e98588d9c0a81/bmg_62_199e98588d9c0a81_a 1337638096 \
      FL /scratch/zaki/workspace/baobab/fir_core/synth_model/fir_core.vhd \
      EN work/bmg_62_199e98588d9c0a81 1337638095
EN work/bmg_62_5f21d4ff216b1fd0 1337638097 \
      FL /scratch/zaki/workspace/baobab/fir_core/synth_model/fir_core.vhd \
      PB ieee/std_logic_1164 1317710503
AR work/bmg_62_5f21d4ff216b1fd0/bmg_62_5f21d4ff216b1fd0_a 1337638098 \
      FL /scratch/zaki/workspace/baobab/fir_core/synth_model/fir_core.vhd \
      EN work/bmg_62_5f21d4ff216b1fd0 1337638097
EN work/bmg_62_745dba485f20f896 1337638099 \
      FL /scratch/zaki/workspace/baobab/fir_core/synth_model/fir_core.vhd \
      PB ieee/std_logic_1164 1317710503
AR work/bmg_62_745dba485f20f896/bmg_62_745dba485f20f896_a 1337638100 \
      FL /scratch/zaki/workspace/baobab/fir_core/synth_model/fir_core.vhd \
      EN work/bmg_62_745dba485f20f896 1337638099
EN work/bmg_62_f849e107d1112fef 1337638101 \
      FL /scratch/zaki/workspace/baobab/fir_core/synth_model/fir_core.vhd \
      PB ieee/std_logic_1164 1317710503
AR work/bmg_62_f849e107d1112fef/bmg_62_f849e107d1112fef_a 1337638102 \
      FL /scratch/zaki/workspace/baobab/fir_core/synth_model/fir_core.vhd \
      EN work/bmg_62_f849e107d1112fef 1337638101
EN work/cntr_11_0_7ca694f8efe8d963 1337638103 \
      FL /scratch/zaki/workspace/baobab/fir_core/synth_model/fir_core.vhd \
      PB ieee/std_logic_1164 1317710503
AR work/cntr_11_0_7ca694f8efe8d963/cntr_11_0_7ca694f8efe8d963_a 1337638104 \
      FL /scratch/zaki/workspace/baobab/fir_core/synth_model/fir_core.vhd \
      EN work/cntr_11_0_7ca694f8efe8d963 1337638103
EN work/bmg_62_9dec88cb108e8ea0 1337638105 \
      FL /scratch/zaki/workspace/baobab/fir_core/synth_model/fir_core.vhd \
      PB ieee/std_logic_1164 1317710503
AR work/bmg_62_9dec88cb108e8ea0/bmg_62_9dec88cb108e8ea0_a 1337638106 \
      FL /scratch/zaki/workspace/baobab/fir_core/synth_model/fir_core.vhd \
      EN work/bmg_62_9dec88cb108e8ea0 1337638105
EN work/bmg_62_23ab077301fa4682 1337638107 \
      FL /scratch/zaki/workspace/baobab/fir_core/synth_model/fir_core.vhd \
      PB ieee/std_logic_1164 1317710503
AR work/bmg_62_23ab077301fa4682/bmg_62_23ab077301fa4682_a 1337638108 \
      FL /scratch/zaki/workspace/baobab/fir_core/synth_model/fir_core.vhd \
      EN work/bmg_62_23ab077301fa4682 1337638107
PH work/conv_pkg 1337638109 \
      FL /scratch/zaki/workspace/baobab/fir_core/synth_model/fir_core.vhd \
      PB ieee/std_logic_1164 1317710503 PB ieee/NUMERIC_STD 1317710508
PB work/conv_pkg 1337638110 \
      FL /scratch/zaki/workspace/baobab/fir_core/synth_model/fir_core.vhd \
      PH work/conv_pkg 1337638109
EN work/srl17e 1337638111 \
      FL /scratch/zaki/workspace/baobab/fir_core/synth_model/fir_core.vhd \
      PB ieee/std_logic_1164 1317710503 PB work/conv_pkg 1337638110
AR work/srl17e/structural 1337638112 \
      FL /scratch/zaki/workspace/baobab/fir_core/synth_model/fir_core.vhd \
      EN work/srl17e 1337638111 CP srl16e CP fde
EN work/synth_reg 1337638113 \
      FL /scratch/zaki/workspace/baobab/fir_core/synth_model/fir_core.vhd \
      PB ieee/std_logic_1164 1317710503 PB work/conv_pkg 1337638110
AR work/synth_reg/structural 1337638114 \
      FL /scratch/zaki/workspace/baobab/fir_core/synth_model/fir_core.vhd \
      EN work/synth_reg 1337638113 CP srl17e
EN work/synth_reg_reg 1337638115 \
      FL /scratch/zaki/workspace/baobab/fir_core/synth_model/fir_core.vhd \
      PB ieee/std_logic_1164 1317710503 PB work/conv_pkg 1337638110
AR work/synth_reg_reg/behav 1337638116 \
      FL /scratch/zaki/workspace/baobab/fir_core/synth_model/fir_core.vhd \
      EN work/synth_reg_reg 1337638115
EN work/single_reg_w_init 1337638117 \
      FL /scratch/zaki/workspace/baobab/fir_core/synth_model/fir_core.vhd \
      PB ieee/std_logic_1164 1317710503 PB work/conv_pkg 1337638110
AR work/single_reg_w_init/structural 1337638118 \
      FL /scratch/zaki/workspace/baobab/fir_core/synth_model/fir_core.vhd \
      EN work/single_reg_w_init 1337638117 CP fdre CP fdse
EN work/synth_reg_w_init 1337638119 \
      FL /scratch/zaki/workspace/baobab/fir_core/synth_model/fir_core.vhd \
      PB ieee/std_logic_1164 1317710503 PB work/conv_pkg 1337638110
AR work/synth_reg_w_init/structural 1337638120 \
      FL /scratch/zaki/workspace/baobab/fir_core/synth_model/fir_core.vhd \
      EN work/synth_reg_w_init 1337638119 CP single_reg_w_init
EN work/addsub_14e4f27748 1337638121 \
      FL /scratch/zaki/workspace/baobab/fir_core/synth_model/fir_core.vhd \
      PB ieee/std_logic_1164 1317710503 PB ieee/NUMERIC_STD 1317710508 \
      PB work/conv_pkg 1337638110
AR work/addsub_14e4f27748/behavior 1337638122 \
      FL /scratch/zaki/workspace/baobab/fir_core/synth_model/fir_core.vhd \
      EN work/addsub_14e4f27748 1337638121 CP work/synth_reg_w_init
EN work/xladdsub 1337638123 \
      FL /scratch/zaki/workspace/baobab/fir_core/synth_model/fir_core.vhd \
      PB ieee/std_logic_1164 1317710503 PB ieee/std_logic_arith 1317710504 \
      PB work/conv_pkg 1337638110
AR work/xladdsub/behavior 1337638124 \
      FL /scratch/zaki/workspace/baobab/fir_core/synth_model/fir_core.vhd \
      EN work/xladdsub 1337638123 CP addsb_11_0_2b8a9ccb489abd02 CP synth_reg
EN work/delay_e18fb31a3d 1337638125 \
      FL /scratch/zaki/workspace/baobab/fir_core/synth_model/fir_core.vhd \
      PB ieee/std_logic_1164 1317710503 PB ieee/NUMERIC_STD 1317710508 \
      PB work/conv_pkg 1337638110
AR work/delay_e18fb31a3d/behavior 1337638126 \
      FL /scratch/zaki/workspace/baobab/fir_core/synth_model/fir_core.vhd \
      EN work/delay_e18fb31a3d 1337638125
EN work/constant_6293007044 1337638127 \
      FL /scratch/zaki/workspace/baobab/fir_core/synth_model/fir_core.vhd \
      PB ieee/std_logic_1164 1317710503 PB ieee/NUMERIC_STD 1317710508 \
      PB work/conv_pkg 1337638110
AR work/constant_6293007044/behavior 1337638128 \
      FL /scratch/zaki/workspace/baobab/fir_core/synth_model/fir_core.vhd \
      EN work/constant_6293007044 1337638127
EN work/xlcounter_limit 1337638129 \
      FL /scratch/zaki/workspace/baobab/fir_core/synth_model/fir_core.vhd \
      PB ieee/std_logic_1164 1317710503 PB ieee/NUMERIC_STD 1317710508 \
      PB work/conv_pkg 1337638110
AR work/xlcounter_limit/behavior 1337638130 \
      FL /scratch/zaki/workspace/baobab/fir_core/synth_model/fir_core.vhd \
      EN work/xlcounter_limit 1337638129 CP cntr_11_0_b9730cea34623a8b
EN work/xlspram 1337638131 \
      FL /scratch/zaki/workspace/baobab/fir_core/synth_model/fir_core.vhd \
      PB ieee/std_logic_1164 1317710503 PB work/conv_pkg 1337638110
AR work/xlspram/behavior 1337638132 \
      FL /scratch/zaki/workspace/baobab/fir_core/synth_model/fir_core.vhd \
      EN work/xlspram 1337638131 CP bmg_62_b6e6c9b59ce4fadf CP synth_reg
EN work/concat_a246e373e7 1337638133 \
      FL /scratch/zaki/workspace/baobab/fir_core/synth_model/fir_core.vhd \
      PB ieee/std_logic_1164 1317710503 PB ieee/NUMERIC_STD 1317710508 \
      PB work/conv_pkg 1337638110
AR work/concat_a246e373e7/behavior 1337638134 \
      FL /scratch/zaki/workspace/baobab/fir_core/synth_model/fir_core.vhd \
      EN work/concat_a246e373e7 1337638133
EN work/xlcounter_free 1337638135 \
      FL /scratch/zaki/workspace/baobab/fir_core/synth_model/fir_core.vhd \
      PB ieee/std_logic_1164 1317710503 PB work/conv_pkg 1337638110
AR work/xlcounter_free/behavior 1337638136 \
      FL /scratch/zaki/workspace/baobab/fir_core/synth_model/fir_core.vhd \
      EN work/xlcounter_free 1337638135 CP cntr_11_0_b9730cea34623a8b \
      CP cntr_11_0_7ca694f8efe8d963
EN work/xldelay 1337638137 \
      FL /scratch/zaki/workspace/baobab/fir_core/synth_model/fir_core.vhd \
      PB ieee/std_logic_1164 1317710503 PB work/conv_pkg 1337638110
AR work/xldelay/behavior 1337638138 \
      FL /scratch/zaki/workspace/baobab/fir_core/synth_model/fir_core.vhd \
      EN work/xldelay 1337638137 CP synth_reg CP synth_reg_reg
EN work/xlsprom 1337638139 \
      FL /scratch/zaki/workspace/baobab/fir_core/synth_model/fir_core.vhd \
      PB ieee/std_logic_1164 1317710503 PB ieee/std_logic_arith 1317710504 \
      PB work/conv_pkg 1337638110
AR work/xlsprom/behavior 1337638140 \
      FL /scratch/zaki/workspace/baobab/fir_core/synth_model/fir_core.vhd \
      EN work/xlsprom 1337638139 CP bmg_62_d20d0ec823fdec4a \
      CP bmg_62_c9b13a26e1c976ed CP bmg_62_9dec88cb108e8ea0 \
      CP bmg_62_091470bf207d9593 CP bmg_62_d5b7eb23678de10c \
      CP bmg_62_5f21d4ff216b1fd0 CP bmg_62_745dba485f20f896 \
      CP bmg_62_23ab077301fa4682 CP bmg_62_1aa0829514e8ac73 \
      CP bmg_62_83fe0806cdc0420f CP bmg_62_87538d1b92b16ce1 \
      CP bmg_62_69de893a5337e413 CP bmg_62_199e98588d9c0a81 \
      CP bmg_62_c427435888f01a9f CP bmg_62_f849e107d1112fef \
      CP bmg_62_7efdd451ec9ecd90 CP synth_reg
EN work/xlregister 1337638141 \
      FL /scratch/zaki/workspace/baobab/fir_core/synth_model/fir_core.vhd \
      PB ieee/std_logic_1164 1317710503 PB work/conv_pkg 1337638110
AR work/xlregister/behavior 1337638142 \
      FL /scratch/zaki/workspace/baobab/fir_core/synth_model/fir_core.vhd \
      EN work/xlregister 1337638141 CP synth_reg_w_init
EN work/reinterpret_580feec131 1337638143 \
      FL /scratch/zaki/workspace/baobab/fir_core/synth_model/fir_core.vhd \
      PB ieee/std_logic_1164 1317710503 PB ieee/NUMERIC_STD 1317710508 \
      PB work/conv_pkg 1337638110
AR work/reinterpret_580feec131/behavior 1337638144 \
      FL /scratch/zaki/workspace/baobab/fir_core/synth_model/fir_core.vhd \
      EN work/reinterpret_580feec131 1337638143
EN work/constant_f1ac4bddff 1337638145 \
      FL /scratch/zaki/workspace/baobab/fir_core/synth_model/fir_core.vhd \
      PB ieee/std_logic_1164 1317710503 PB ieee/NUMERIC_STD 1317710508 \
      PB work/conv_pkg 1337638110
AR work/constant_f1ac4bddff/behavior 1337638146 \
      FL /scratch/zaki/workspace/baobab/fir_core/synth_model/fir_core.vhd \
      EN work/constant_f1ac4bddff 1337638145
EN work/constant_498bc68c14 1337638147 \
      FL /scratch/zaki/workspace/baobab/fir_core/synth_model/fir_core.vhd \
      PB ieee/std_logic_1164 1317710503 PB ieee/NUMERIC_STD 1317710508 \
      PB work/conv_pkg 1337638110
AR work/constant_498bc68c14/behavior 1337638148 \
      FL /scratch/zaki/workspace/baobab/fir_core/synth_model/fir_core.vhd \
      EN work/constant_498bc68c14 1337638147
EN work/constant_fbc2f0cce1 1337638149 \
      FL /scratch/zaki/workspace/baobab/fir_core/synth_model/fir_core.vhd \
      PB ieee/std_logic_1164 1317710503 PB ieee/NUMERIC_STD 1317710508 \
      PB work/conv_pkg 1337638110
AR work/constant_fbc2f0cce1/behavior 1337638150 \
      FL /scratch/zaki/workspace/baobab/fir_core/synth_model/fir_core.vhd \
      EN work/constant_fbc2f0cce1 1337638149
EN work/logical_aacf6e1b0e 1337638151 \
      FL /scratch/zaki/workspace/baobab/fir_core/synth_model/fir_core.vhd \
      PB ieee/std_logic_1164 1317710503 PB ieee/NUMERIC_STD 1317710508 \
      PB work/conv_pkg 1337638110
AR work/logical_aacf6e1b0e/behavior 1337638152 \
      FL /scratch/zaki/workspace/baobab/fir_core/synth_model/fir_core.vhd \
      EN work/logical_aacf6e1b0e 1337638151
EN work/mux_1bef4ba0e4 1337638153 \
      FL /scratch/zaki/workspace/baobab/fir_core/synth_model/fir_core.vhd \
      PB ieee/std_logic_1164 1317710503 PB ieee/NUMERIC_STD 1317710508 \
      PB work/conv_pkg 1337638110
AR work/mux_1bef4ba0e4/behavior 1337638154 \
      FL /scratch/zaki/workspace/baobab/fir_core/synth_model/fir_core.vhd \
      EN work/mux_1bef4ba0e4 1337638153
EN work/relational_0ffd72e037 1337638155 \
      FL /scratch/zaki/workspace/baobab/fir_core/synth_model/fir_core.vhd \
      PB ieee/std_logic_1164 1317710503 PB ieee/NUMERIC_STD 1317710508 \
      PB work/conv_pkg 1337638110
AR work/relational_0ffd72e037/behavior 1337638156 \
      FL /scratch/zaki/workspace/baobab/fir_core/synth_model/fir_core.vhd \
      EN work/relational_0ffd72e037 1337638155
EN work/relational_f6702ea2f7 1337638157 \
      FL /scratch/zaki/workspace/baobab/fir_core/synth_model/fir_core.vhd \
      PB ieee/std_logic_1164 1317710503 PB ieee/NUMERIC_STD 1317710508 \
      PB work/conv_pkg 1337638110
AR work/relational_f6702ea2f7/behavior 1337638158 \
      FL /scratch/zaki/workspace/baobab/fir_core/synth_model/fir_core.vhd \
      EN work/relational_f6702ea2f7 1337638157
EN work/mult_4fae336f61 1337638159 \
      FL /scratch/zaki/workspace/baobab/fir_core/synth_model/fir_core.vhd \
      PB ieee/std_logic_1164 1317710503 PB ieee/NUMERIC_STD 1317710508 \
      PB work/conv_pkg 1337638110
AR work/mult_4fae336f61/behavior 1337638160 \
      FL /scratch/zaki/workspace/baobab/fir_core/synth_model/fir_core.vhd \
      EN work/mult_4fae336f61 1337638159
EN work/reinterpret_9a0fa0f632 1337638161 \
      FL /scratch/zaki/workspace/baobab/fir_core/synth_model/fir_core.vhd \
      PB ieee/std_logic_1164 1317710503 PB ieee/NUMERIC_STD 1317710508 \
      PB work/conv_pkg 1337638110
AR work/reinterpret_9a0fa0f632/behavior 1337638162 \
      FL /scratch/zaki/workspace/baobab/fir_core/synth_model/fir_core.vhd \
      EN work/reinterpret_9a0fa0f632 1337638161
EN work/reinterpret_d9988e3d87 1337638163 \
      FL /scratch/zaki/workspace/baobab/fir_core/synth_model/fir_core.vhd \
      PB ieee/std_logic_1164 1317710503 PB ieee/NUMERIC_STD 1317710508 \
      PB work/conv_pkg 1337638110
AR work/reinterpret_d9988e3d87/behavior 1337638164 \
      FL /scratch/zaki/workspace/baobab/fir_core/synth_model/fir_core.vhd \
      EN work/reinterpret_d9988e3d87 1337638163
EN work/xlslice 1337638165 \
      FL /scratch/zaki/workspace/baobab/fir_core/synth_model/fir_core.vhd \
      PB ieee/std_logic_1164 1317710503 PB ieee/std_logic_arith 1317710504 \
      PB work/conv_pkg 1337638110
AR work/xlslice/behavior 1337638166 \
      FL /scratch/zaki/workspace/baobab/fir_core/synth_model/fir_core.vhd \
      EN work/xlslice 1337638165
EN work/scale_f01f7ce486 1337638167 \
      FL /scratch/zaki/workspace/baobab/fir_core/synth_model/fir_core.vhd \
      PB ieee/std_logic_1164 1317710503 PB ieee/NUMERIC_STD 1317710508 \
      PB work/conv_pkg 1337638110
AR work/scale_f01f7ce486/behavior 1337638168 \
      FL /scratch/zaki/workspace/baobab/fir_core/synth_model/fir_core.vhd \
      EN work/scale_f01f7ce486 1337638167
EN work/convert_pipeline 1337638169 \
      FL /scratch/zaki/workspace/baobab/fir_core/synth_model/fir_core.vhd \
      PB ieee/std_logic_1164 1317710503 PB work/conv_pkg 1337638110
AR work/convert_pipeline/behavior 1337638170 \
      FL /scratch/zaki/workspace/baobab/fir_core/synth_model/fir_core.vhd \
      EN work/convert_pipeline 1337638169 CP synth_reg
EN work/xlconvert_pipeline 1337638171 \
      FL /scratch/zaki/workspace/baobab/fir_core/synth_model/fir_core.vhd \
      PB ieee/std_logic_1164 1317710503 PB work/conv_pkg 1337638110
AR work/xlconvert_pipeline/behavior 1337638172 \
      FL /scratch/zaki/workspace/baobab/fir_core/synth_model/fir_core.vhd \
      EN work/xlconvert_pipeline 1337638171 CP convert_pipeline
EN work/adder_1_1_entity_ed90060fea 1337638173 \
      FL /scratch/zaki/workspace/baobab/fir_core/synth_model/fir_core.vhd \
      PB ieee/std_logic_1164 1317710503 PB work/conv_pkg 1337638110
AR work/adder_1_1_entity_ed90060fea/structural 1337638174 \
      FL /scratch/zaki/workspace/baobab/fir_core/synth_model/fir_core.vhd \
      EN work/adder_1_1_entity_ed90060fea 1337638173 CP work/addsub_14e4f27748 \
      CP work/xladdsub CP work/delay_e18fb31a3d
EN work/adder_1_2_entity_52bf50a64e 1337638175 \
      FL /scratch/zaki/workspace/baobab/fir_core/synth_model/fir_core.vhd \
      PB ieee/std_logic_1164 1317710503 PB work/conv_pkg 1337638110
AR work/adder_1_2_entity_52bf50a64e/structural 1337638176 \
      FL /scratch/zaki/workspace/baobab/fir_core/synth_model/fir_core.vhd \
      EN work/adder_1_2_entity_52bf50a64e 1337638175 CP work/addsub_14e4f27748 \
      CP work/xladdsub
EN work/delay_bram_entity_8c8cf2a780 1337638177 \
      FL /scratch/zaki/workspace/baobab/fir_core/synth_model/fir_core.vhd \
      PB ieee/std_logic_1164 1317710503 PB work/conv_pkg 1337638110
AR work/delay_bram_entity_8c8cf2a780/structural 1337638178 \
      FL /scratch/zaki/workspace/baobab/fir_core/synth_model/fir_core.vhd \
      EN work/delay_bram_entity_8c8cf2a780 1337638177 CP work/constant_6293007044 \
      CP work/xlcounter_limit CP work/xlspram
EN work/pfb_coeff_gen_entity_e515210970 1337638179 \
      FL /scratch/zaki/workspace/baobab/fir_core/synth_model/fir_core.vhd \
      PB ieee/std_logic_1164 1317710503 PB work/conv_pkg 1337638110
AR work/pfb_coeff_gen_entity_e515210970/structural 1337638180 \
      FL /scratch/zaki/workspace/baobab/fir_core/synth_model/fir_core.vhd \
      EN work/pfb_coeff_gen_entity_e515210970 1337638179 \
      CP work/concat_a246e373e7 CP work/xlcounter_free CP work/xldelay \
      CP work/xlregister CP work/reinterpret_580feec131 CP work/xlsprom
EN work/sync_delay_entity_eadca06591 1337638181 \
      FL /scratch/zaki/workspace/baobab/fir_core/synth_model/fir_core.vhd \
      PB ieee/std_logic_1164 1317710503 PB work/conv_pkg 1337638110
AR work/sync_delay_entity_eadca06591/structural 1337638182 \
      FL /scratch/zaki/workspace/baobab/fir_core/synth_model/fir_core.vhd \
      EN work/sync_delay_entity_eadca06591 1337638181 CP work/constant_498bc68c14 \
      CP work/constant_fbc2f0cce1 CP work/constant_6293007044 \
      CP work/constant_f1ac4bddff CP work/xlcounter_free \
      CP work/logical_aacf6e1b0e CP work/mux_1bef4ba0e4 \
      CP work/relational_0ffd72e037 CP work/relational_f6702ea2f7
EN work/pol1_in1_first_tap_entity_10d51430b4 1337638183 \
      FL /scratch/zaki/workspace/baobab/fir_core/synth_model/fir_core.vhd \
      PB ieee/std_logic_1164 1317710503 PB work/conv_pkg 1337638110
AR work/pol1_in1_first_tap_entity_10d51430b4/structural 1337638184 \
      FL /scratch/zaki/workspace/baobab/fir_core/synth_model/fir_core.vhd \
      EN work/pol1_in1_first_tap_entity_10d51430b4 1337638183 \
      CP work/delay_bram_entity_8c8cf2a780 CP work/mult_4fae336f61 \
      CP work/pfb_coeff_gen_entity_e515210970 CP work/reinterpret_9a0fa0f632 \
      CP work/reinterpret_d9988e3d87 CP work/xlslice \
      CP work/sync_delay_entity_eadca06591
EN work/pol1_in1_last_tap_entity_f27c5d34b7 1337638185 \
      FL /scratch/zaki/workspace/baobab/fir_core/synth_model/fir_core.vhd \
      PB ieee/std_logic_1164 1317710503 PB work/conv_pkg 1337638110
AR work/pol1_in1_last_tap_entity_f27c5d34b7/structural 1337638186 \
      FL /scratch/zaki/workspace/baobab/fir_core/synth_model/fir_core.vhd \
      EN work/pol1_in1_last_tap_entity_f27c5d34b7 1337638185 CP work/xldelay \
      CP work/mult_4fae336f61 CP work/reinterpret_9a0fa0f632 \
      CP work/reinterpret_d9988e3d87
EN work/pol1_in1_tap2_entity_7108b1c819 1337638187 \
      FL /scratch/zaki/workspace/baobab/fir_core/synth_model/fir_core.vhd \
      PB ieee/std_logic_1164 1317710503 PB work/conv_pkg 1337638110
AR work/pol1_in1_tap2_entity_7108b1c819/structural 1337638188 \
      FL /scratch/zaki/workspace/baobab/fir_core/synth_model/fir_core.vhd \
      EN work/pol1_in1_tap2_entity_7108b1c819 1337638187 \
      CP work/delay_bram_entity_8c8cf2a780 CP work/mult_4fae336f61 \
      CP work/reinterpret_9a0fa0f632 CP work/reinterpret_d9988e3d87 \
      CP work/xlslice CP work/sync_delay_entity_eadca06591
EN work/pol1_in1_tap3_entity_3020e6776f 1337638189 \
      FL /scratch/zaki/workspace/baobab/fir_core/synth_model/fir_core.vhd \
      PB ieee/std_logic_1164 1317710503 PB work/conv_pkg 1337638110
AR work/pol1_in1_tap3_entity_3020e6776f/structural 1337638190 \
      FL /scratch/zaki/workspace/baobab/fir_core/synth_model/fir_core.vhd \
      EN work/pol1_in1_tap3_entity_3020e6776f 1337638189 \
      CP work/delay_bram_entity_8c8cf2a780 CP work/mult_4fae336f61 \
      CP work/reinterpret_9a0fa0f632 CP work/reinterpret_d9988e3d87 \
      CP work/xlslice CP work/sync_delay_entity_eadca06591
EN work/pfb_coeff_gen_entity_9b5460c6ae 1337638191 \
      FL /scratch/zaki/workspace/baobab/fir_core/synth_model/fir_core.vhd \
      PB ieee/std_logic_1164 1317710503 PB work/conv_pkg 1337638110
AR work/pfb_coeff_gen_entity_9b5460c6ae/structural 1337638192 \
      FL /scratch/zaki/workspace/baobab/fir_core/synth_model/fir_core.vhd \
      EN work/pfb_coeff_gen_entity_9b5460c6ae 1337638191 \
      CP work/concat_a246e373e7 CP work/xlcounter_free CP work/xldelay \
      CP work/xlregister CP work/reinterpret_580feec131 CP work/xlsprom
EN work/pol1_in2_first_tap_entity_fe710c8572 1337638193 \
      FL /scratch/zaki/workspace/baobab/fir_core/synth_model/fir_core.vhd \
      PB ieee/std_logic_1164 1317710503 PB work/conv_pkg 1337638110
AR work/pol1_in2_first_tap_entity_fe710c8572/structural 1337638194 \
      FL /scratch/zaki/workspace/baobab/fir_core/synth_model/fir_core.vhd \
      EN work/pol1_in2_first_tap_entity_fe710c8572 1337638193 \
      CP work/delay_bram_entity_8c8cf2a780 CP work/mult_4fae336f61 \
      CP work/pfb_coeff_gen_entity_9b5460c6ae CP work/reinterpret_9a0fa0f632 \
      CP work/reinterpret_d9988e3d87 CP work/xlslice
EN work/pol1_in2_last_tap_entity_241207702d 1337638195 \
      FL /scratch/zaki/workspace/baobab/fir_core/synth_model/fir_core.vhd \
      PB ieee/std_logic_1164 1317710503 PB work/conv_pkg 1337638110
AR work/pol1_in2_last_tap_entity_241207702d/structural 1337638196 \
      FL /scratch/zaki/workspace/baobab/fir_core/synth_model/fir_core.vhd \
      EN work/pol1_in2_last_tap_entity_241207702d 1337638195 \
      CP work/mult_4fae336f61 CP work/reinterpret_9a0fa0f632 \
      CP work/reinterpret_d9988e3d87
EN work/pol1_in2_tap2_entity_e1f3841ede 1337638197 \
      FL /scratch/zaki/workspace/baobab/fir_core/synth_model/fir_core.vhd \
      PB ieee/std_logic_1164 1317710503 PB work/conv_pkg 1337638110
AR work/pol1_in2_tap2_entity_e1f3841ede/structural 1337638198 \
      FL /scratch/zaki/workspace/baobab/fir_core/synth_model/fir_core.vhd \
      EN work/pol1_in2_tap2_entity_e1f3841ede 1337638197 \
      CP work/delay_bram_entity_8c8cf2a780 CP work/mult_4fae336f61 \
      CP work/reinterpret_9a0fa0f632 CP work/reinterpret_d9988e3d87 \
      CP work/xlslice
EN work/pol1_in2_tap3_entity_2cbb5eccfb 1337638199 \
      FL /scratch/zaki/workspace/baobab/fir_core/synth_model/fir_core.vhd \
      PB ieee/std_logic_1164 1317710503 PB work/conv_pkg 1337638110
AR work/pol1_in2_tap3_entity_2cbb5eccfb/structural 1337638200 \
      FL /scratch/zaki/workspace/baobab/fir_core/synth_model/fir_core.vhd \
      EN work/pol1_in2_tap3_entity_2cbb5eccfb 1337638199 \
      CP work/delay_bram_entity_8c8cf2a780 CP work/mult_4fae336f61 \
      CP work/reinterpret_9a0fa0f632 CP work/reinterpret_d9988e3d87 \
      CP work/xlslice
EN work/pfb_coeff_gen_entity_fd7b1ea43c 1337638201 \
      FL /scratch/zaki/workspace/baobab/fir_core/synth_model/fir_core.vhd \
      PB ieee/std_logic_1164 1317710503 PB work/conv_pkg 1337638110
AR work/pfb_coeff_gen_entity_fd7b1ea43c/structural 1337638202 \
      FL /scratch/zaki/workspace/baobab/fir_core/synth_model/fir_core.vhd \
      EN work/pfb_coeff_gen_entity_fd7b1ea43c 1337638201 \
      CP work/concat_a246e373e7 CP work/xlcounter_free CP work/xldelay \
      CP work/xlregister CP work/reinterpret_580feec131 CP work/xlsprom
EN work/pol1_in3_first_tap_entity_37584fa2d3 1337638203 \
      FL /scratch/zaki/workspace/baobab/fir_core/synth_model/fir_core.vhd \
      PB ieee/std_logic_1164 1317710503 PB work/conv_pkg 1337638110
AR work/pol1_in3_first_tap_entity_37584fa2d3/structural 1337638204 \
      FL /scratch/zaki/workspace/baobab/fir_core/synth_model/fir_core.vhd \
      EN work/pol1_in3_first_tap_entity_37584fa2d3 1337638203 \
      CP work/delay_bram_entity_8c8cf2a780 CP work/mult_4fae336f61 \
      CP work/pfb_coeff_gen_entity_fd7b1ea43c CP work/reinterpret_9a0fa0f632 \
      CP work/reinterpret_d9988e3d87 CP work/xlslice
EN work/pol1_in3_tap3_entity_6cd58e2171 1337638205 \
      FL /scratch/zaki/workspace/baobab/fir_core/synth_model/fir_core.vhd \
      PB ieee/std_logic_1164 1317710503 PB work/conv_pkg 1337638110
AR work/pol1_in3_tap3_entity_6cd58e2171/structural 1337638206 \
      FL /scratch/zaki/workspace/baobab/fir_core/synth_model/fir_core.vhd \
      EN work/pol1_in3_tap3_entity_6cd58e2171 1337638205 \
      CP work/delay_bram_entity_8c8cf2a780 CP work/mult_4fae336f61 \
      CP work/reinterpret_9a0fa0f632 CP work/reinterpret_d9988e3d87 \
      CP work/xlslice
EN work/pfb_coeff_gen_entity_0656d44fd1 1337638207 \
      FL /scratch/zaki/workspace/baobab/fir_core/synth_model/fir_core.vhd \
      PB ieee/std_logic_1164 1317710503 PB work/conv_pkg 1337638110
AR work/pfb_coeff_gen_entity_0656d44fd1/structural 1337638208 \
      FL /scratch/zaki/workspace/baobab/fir_core/synth_model/fir_core.vhd \
      EN work/pfb_coeff_gen_entity_0656d44fd1 1337638207 \
      CP work/concat_a246e373e7 CP work/xlcounter_free CP work/xldelay \
      CP work/xlregister CP work/reinterpret_580feec131 CP work/xlsprom
EN work/pol1_in4_first_tap_entity_3b6be8bfd7 1337638209 \
      FL /scratch/zaki/workspace/baobab/fir_core/synth_model/fir_core.vhd \
      PB ieee/std_logic_1164 1317710503 PB work/conv_pkg 1337638110
AR work/pol1_in4_first_tap_entity_3b6be8bfd7/structural 1337638210 \
      FL /scratch/zaki/workspace/baobab/fir_core/synth_model/fir_core.vhd \
      EN work/pol1_in4_first_tap_entity_3b6be8bfd7 1337638209 \
      CP work/delay_bram_entity_8c8cf2a780 CP work/mult_4fae336f61 \
      CP work/pfb_coeff_gen_entity_0656d44fd1 CP work/reinterpret_9a0fa0f632 \
      CP work/reinterpret_d9988e3d87 CP work/xlslice
EN work/pfb_fir_real_entity_aa6b975fdf 1337638211 \
      FL /scratch/zaki/workspace/baobab/fir_core/synth_model/fir_core.vhd \
      PB ieee/std_logic_1164 1317710503 PB work/conv_pkg 1337638110
AR work/pfb_fir_real_entity_aa6b975fdf/structural 1337638212 \
      FL /scratch/zaki/workspace/baobab/fir_core/synth_model/fir_core.vhd \
      EN work/pfb_fir_real_entity_aa6b975fdf 1337638211 \
      CP work/adder_1_1_entity_ed90060fea CP work/adder_1_2_entity_52bf50a64e \
      CP work/xlconvert_pipeline CP work/xldelay \
      CP work/pol1_in1_first_tap_entity_10d51430b4 \
      CP work/pol1_in1_last_tap_entity_f27c5d34b7 \
      CP work/pol1_in1_tap2_entity_7108b1c819 \
      CP work/pol1_in1_tap3_entity_3020e6776f \
      CP work/pol1_in2_first_tap_entity_fe710c8572 \
      CP work/pol1_in2_last_tap_entity_241207702d \
      CP work/pol1_in2_tap2_entity_e1f3841ede \
      CP work/pol1_in2_tap3_entity_2cbb5eccfb \
      CP work/pol1_in3_first_tap_entity_37584fa2d3 \
      CP work/pol1_in3_tap3_entity_6cd58e2171 \
      CP work/pol1_in4_first_tap_entity_3b6be8bfd7 CP work/scale_f01f7ce486
EN work/fir_core 1337638213 \
      FL /scratch/zaki/workspace/baobab/fir_core/synth_model/fir_core.vhd \
      PB ieee/std_logic_1164 1317710503 PB work/conv_pkg 1337638110
AR work/fir_core/structural 1337638214 \
      FL /scratch/zaki/workspace/baobab/fir_core/synth_model/fir_core.vhd \
      EN work/fir_core 1337638213 CP work/pfb_fir_real_entity_aa6b975fdf
FL /scratch/zaki/workspace/baobab/fir_core/synth_model/fir_core_cw.vhd 2012/05/20.23:43:34 O.76xd
EN work/xlclockdriver 1337638215 \
      FL /scratch/zaki/workspace/baobab/fir_core/synth_model/fir_core_cw.vhd \
      PB ieee/std_logic_1164 1317710503 PB ieee/NUMERIC_STD 1317710508 \
      PB work/conv_pkg 1337638110
AR work/xlclockdriver/behavior 1337638216 \
      FL /scratch/zaki/workspace/baobab/fir_core/synth_model/fir_core_cw.vhd \
      EN work/xlclockdriver 1337638215 CP synth_reg_w_init CP bufg
EN work/default_clock_driver 1337638217 \
      FL /scratch/zaki/workspace/baobab/fir_core/synth_model/fir_core_cw.vhd \
      PB ieee/std_logic_1164 1317710503 PB work/conv_pkg 1337638110
AR work/default_clock_driver/structural 1337638218 \
      FL /scratch/zaki/workspace/baobab/fir_core/synth_model/fir_core_cw.vhd \
      EN work/default_clock_driver 1337638217 CP work/xlclockdriver
EN work/fir_core_cw 1337638219 \
      FL /scratch/zaki/workspace/baobab/fir_core/synth_model/fir_core_cw.vhd \
      PB ieee/std_logic_1164 1317710503 PB work/conv_pkg 1337638110
AR work/fir_core_cw/structural 1337638220 \
      FL /scratch/zaki/workspace/baobab/fir_core/synth_model/fir_core_cw.vhd \
      EN work/fir_core_cw 1337638219 CP work/default_clock_driver CP work/fir_core \
      CP xlpersistentdff
