EN delay17_entity_286e674199 NULL /scratch/zaki/workspace/baobab/roachf_1024_bao/sysgen/synth_model/roachf_1024_bao.vhd sub04/vhpl480 1340858586
AR reorder_entity_426b6f55ca structural /scratch/zaki/workspace/baobab/roachf_1024_bao/sysgen/synth_model/roachf_1024_bao.vhd sub05/vhpl555 1340858661
EN cntr_11_0_e9eaaa5672e4be4d NULL /scratch/zaki/workspace/baobab/roachf_1024_bao/sysgen/synth_model/roachf_1024_bao.vhd sub00/vhpl28 1340858134
EN cntr_11_0_2f4d5faecc7b9ee5 NULL /scratch/zaki/workspace/baobab/roachf_1024_bao/sysgen/synth_model/roachf_1024_bao.vhd sub00/vhpl16 1340858122
AR xlregister behavior /scratch/zaki/workspace/baobab/roachf_1024_bao/sysgen/synth_model/roachf_1024_bao.vhd sub01/vhpl183 1340858289
AR reinterpret_9a13f6a2a0 behavior /scratch/zaki/workspace/baobab/roachf_1024_bao/sysgen/synth_model/roachf_1024_bao.vhd sub03/vhpl313 1340858419
AR input_mux_entity_0d9ee34ec0 structural /scratch/zaki/workspace/baobab/roachf_1024_bao/sysgen/synth_model/roachf_1024_bao.vhd sub04/vhpl473 1340858579
EN cntr_11_0_7310fc5156c4342e NULL /scratch/zaki/workspace/baobab/roachf_1024_bao/sysgen/synth_model/roachf_1024_bao.vhd sub00/vhpl12 1340858118
AR constant_a3d619979c behavior /scratch/zaki/workspace/baobab/roachf_1024_bao/sysgen/synth_model/roachf_1024_bao.vhd sub01/vhpl121 1340858227
EN delay16_entity_a12aa4bb98 NULL /scratch/zaki/workspace/baobab/roachf_1024_bao/sysgen/synth_model/roachf_1024_bao.vhd sub04/vhpl478 1340858584
AR bmg_62_61722a40b5652b33 bmg_62_61722a40b5652b33_a /scratch/zaki/workspace/baobab/roachf_1024_bao/sysgen/synth_model/roachf_1024_bao.vhd sub00/vhpl55 1340858161
EN output_entity_96ea4ae0c6 NULL /scratch/zaki/workspace/baobab/roachf_1024_bao/sysgen/synth_model/roachf_1024_bao.vhd sub04/vhpl434 1340858540
EN addsub_542df25df6 NULL /scratch/zaki/workspace/baobab/roachf_1024_bao/sysgen/synth_model/roachf_1024_bao.vhd sub01/vhpl194 1340858300
PB conv_pkg conv_pkg /scratch/zaki/workspace/baobab/roachf_1024_bao/sysgen/synth_model/roachf_1024_bao.vhd sub00/vhpl67 1340858173
EN r_edge_detect_entity_42f50804fe NULL /scratch/zaki/workspace/baobab/roachf_1024_bao/sysgen/synth_model/roachf_1024_bao.vhd sub04/vhpl442 1340858548
AR relational_8e7646e9fc behavior /scratch/zaki/workspace/baobab/roachf_1024_bao/sysgen/synth_model/roachf_1024_bao.vhd sub02/vhpl295 1340858401
AR adc_s_entity_f0dd80136b structural /scratch/zaki/workspace/baobab/roachf_1024_bao/sysgen/synth_model/roachf_1024_bao.vhd sub03/vhpl397 1340858503
AR cntr_11_0_e9eaaa5672e4be4d cntr_11_0_e9eaaa5672e4be4d_a /scratch/zaki/workspace/baobab/roachf_1024_bao/sysgen/synth_model/roachf_1024_bao.vhd sub00/vhpl29 1340858135
EN bram_lsb_entity_5338a180ab NULL /scratch/zaki/workspace/baobab/roachf_1024_bao/sysgen/synth_model/roachf_1024_bao.vhd sub05/vhpl522 1340858628
AR bitbasher_2e2993cc32 behavior /scratch/zaki/workspace/baobab/roachf_1024_bao/sysgen/synth_model/roachf_1024_bao.vhd sub03/vhpl363 1340858469
EN led1_arm_entity_eb12274228 NULL /scratch/zaki/workspace/baobab/roachf_1024_bao/sysgen/synth_model/roachf_1024_bao.vhd sub04/vhpl412 1340858518
EN logical_5773759131 NULL /scratch/zaki/workspace/baobab/roachf_1024_bao/sysgen/synth_model/roachf_1024_bao.vhd sub01/vhpl188 1340858294
EN concat_31382efd95 NULL /scratch/zaki/workspace/baobab/roachf_1024_bao/sysgen/synth_model/roachf_1024_bao.vhd sub03/vhpl300 1340858406
AR bitbasher_a85d9bdfd2 behavior /scratch/zaki/workspace/baobab/roachf_1024_bao/sysgen/synth_model/roachf_1024_bao.vhd sub02/vhpl243 1340858349
EN delay14_entity_5fd1606dd3 NULL /scratch/zaki/workspace/baobab/roachf_1024_bao/sysgen/synth_model/roachf_1024_bao.vhd sub04/vhpl474 1340858580
AR constant_bbd7b31fe5 behavior /scratch/zaki/workspace/baobab/roachf_1024_bao/sysgen/synth_model/roachf_1024_bao.vhd sub00/vhpl99 1340858205
EN bitbasher_2e2993cc32 NULL /scratch/zaki/workspace/baobab/roachf_1024_bao/sysgen/synth_model/roachf_1024_bao.vhd sub03/vhpl362 1340858468
EN logical_f1acd27428 NULL /scratch/zaki/workspace/baobab/roachf_1024_bao/sysgen/synth_model/roachf_1024_bao.vhd sub02/vhpl216 1340858322
EN cntr_11_0_813142b9460b2f27 NULL /scratch/zaki/workspace/baobab/roachf_1024_bao/sysgen/synth_model/roachf_1024_bao.vhd sub00/vhpl06 1340858112
EN relational_770e12e4ab NULL /scratch/zaki/workspace/baobab/roachf_1024_bao/sysgen/synth_model/roachf_1024_bao.vhd sub02/vhpl292 1340858398
AR delay_b6092ad150 behavior /scratch/zaki/workspace/baobab/roachf_1024_bao/sysgen/synth_model/roachf_1024_bao.vhd sub01/vhpl145 1340858251
AR cntr_11_0_511daee48ac62764 cntr_11_0_511daee48ac62764_a /scratch/zaki/workspace/baobab/roachf_1024_bao/sysgen/synth_model/roachf_1024_bao.vhd sub00/vhpl11 1340858117
EN shift_a3d6e8e72f NULL /scratch/zaki/workspace/baobab/roachf_1024_bao/sysgen/synth_model/roachf_1024_bao.vhd sub02/vhpl210 1340858316
EN logical_e77c53f8bd NULL /scratch/zaki/workspace/baobab/roachf_1024_bao/sysgen/synth_model/roachf_1024_bao.vhd sub02/vhpl280 1340858386
AR adc1_entity_1286a9963a structural /scratch/zaki/workspace/baobab/roachf_1024_bao/sysgen/synth_model/roachf_1024_bao.vhd sub03/vhpl393 1340858499
EN logical_dfe2dded7f NULL /scratch/zaki/workspace/baobab/roachf_1024_bao/sysgen/synth_model/roachf_1024_bao.vhd sub02/vhpl296 1340858402
EN tt800_uprng_entity_f26ddee7e7 NULL /scratch/zaki/workspace/baobab/roachf_1024_bao/sysgen/synth_model/roachf_1024_bao.vhd sub04/vhpl446 1340858552
AR relational_f6702ea2f7 behavior /scratch/zaki/workspace/baobab/roachf_1024_bao/sysgen/synth_model/roachf_1024_bao.vhd sub03/vhpl377 1340858483
AR constant_61c6ce8811 behavior /scratch/zaki/workspace/baobab/roachf_1024_bao/sysgen/synth_model/roachf_1024_bao.vhd sub01/vhpl185 1340858291
EN cntr_11_0_56cea93c32f2afe9 NULL /scratch/zaki/workspace/baobab/roachf_1024_bao/sysgen/synth_model/roachf_1024_bao.vhd sub00/vhpl62 1340858168
AR santa_entity_d2f1961a14 structural /scratch/zaki/workspace/baobab/roachf_1024_bao/sysgen/synth_model/roachf_1024_bao.vhd sub05/vhpl505 1340858611
EN x_entity_5fb5868062 NULL /scratch/zaki/workspace/baobab/roachf_1024_bao/sysgen/synth_model/roachf_1024_bao.vhd sub03/vhpl386 1340858492
EN santa_entity_d2f1961a14 NULL /scratch/zaki/workspace/baobab/roachf_1024_bao/sysgen/synth_model/roachf_1024_bao.vhd sub05/vhpl504 1340858610
EN cntr_11_0_9d1193ca144fd60c NULL /scratch/zaki/workspace/baobab/roachf_1024_bao/sysgen/synth_model/roachf_1024_bao.vhd sub00/vhpl36 1340858142
AR wgn_entity_5ed77cdf43 structural /scratch/zaki/workspace/baobab/roachf_1024_bao/sysgen/synth_model/roachf_1024_bao.vhd sub04/vhpl453 1340858559
EN relational_8e7646e9fc NULL /scratch/zaki/workspace/baobab/roachf_1024_bao/sysgen/synth_model/roachf_1024_bao.vhd sub02/vhpl294 1340858400
AR conv_entity_e9ddda52b5 structural /scratch/zaki/workspace/baobab/roachf_1024_bao/sysgen/synth_model/roachf_1024_bao.vhd sub03/vhpl389 1340858495
EN delay_672d2b8d1e NULL /scratch/zaki/workspace/baobab/roachf_1024_bao/sysgen/synth_model/roachf_1024_bao.vhd sub00/vhpl78 1340858184
EN xldpram NULL /scratch/zaki/workspace/baobab/roachf_1024_bao/sysgen/synth_model/roachf_1024_bao.vhd sub01/vhpl110 1340858216
EN qdr_reorder_entity_1330d48ff5 NULL /scratch/zaki/workspace/baobab/roachf_1024_bao/sysgen/synth_model/roachf_1024_bao.vhd sub05/vhpl550 1340858656
AR x10gbetxsnap_entity_0c32b1f23a structural /scratch/zaki/workspace/baobab/roachf_1024_bao/sysgen/synth_model/roachf_1024_bao.vhd sub05/vhpl527 1340858633
AR mult_11_2_d745d7ddd0aa234d mult_11_2_d745d7ddd0aa234d_a /scratch/zaki/workspace/baobab/roachf_1024_bao/sysgen/synth_model/roachf_1024_bao.vhd sub00/vhpl59 1340858165
AR bitbasher_0b7a692256 behavior /scratch/zaki/workspace/baobab/roachf_1024_bao/sysgen/synth_model/roachf_1024_bao.vhd sub02/vhpl249 1340858355
EN dmg_62_d4b1790d74a4992a NULL /scratch/zaki/workspace/baobab/roachf_1024_bao/sysgen/synth_model/roachf_1024_bao.vhd sub00/vhpl22 1340858128
AR quant1_entity_29594371c6 structural /scratch/zaki/workspace/baobab/roachf_1024_bao/sysgen/synth_model/roachf_1024_bao.vhd sub04/vhpl405 1340858511
EN pulse_ext2_entity_6e7bbec365 NULL /scratch/zaki/workspace/baobab/roachf_1024_bao/sysgen/synth_model/roachf_1024_bao.vhd sub04/vhpl416 1340858522
EN pfbs_entity_5b3a77ef5c NULL /scratch/zaki/workspace/baobab/roachf_1024_bao/sysgen/synth_model/roachf_1024_bao.vhd sub04/vhpl424 1340858530
AR delay_6b2b456c91 behavior /scratch/zaki/workspace/baobab/roachf_1024_bao/sysgen/synth_model/roachf_1024_bao.vhd sub02/vhpl245 1340858351
AR adc_unpack0_entity_e15e6835ac structural /scratch/zaki/workspace/baobab/roachf_1024_bao/sysgen/synth_model/roachf_1024_bao.vhd sub04/vhpl423 1340858529
AR xldelay behavior /scratch/zaki/workspace/baobab/roachf_1024_bao/sysgen/synth_model/roachf_1024_bao.vhd sub01/vhpl147 1340858253
AR u2n_entity_dbd9a311bf structural /scratch/zaki/workspace/baobab/roachf_1024_bao/sysgen/synth_model/roachf_1024_bao.vhd sub04/vhpl451 1340858557
EN xlregister NULL /scratch/zaki/workspace/baobab/roachf_1024_bao/sysgen/synth_model/roachf_1024_bao.vhd sub01/vhpl182 1340858288
EN convert_entity_27c790ff6d NULL /scratch/zaki/workspace/baobab/roachf_1024_bao/sysgen/synth_model/roachf_1024_bao.vhd sub04/vhpl432 1340858538
AR concat_a1e126f11c behavior /scratch/zaki/workspace/baobab/roachf_1024_bao/sysgen/synth_model/roachf_1024_bao.vhd sub00/vhpl89 1340858195
AR xlconvert behavior /scratch/zaki/workspace/baobab/roachf_1024_bao/sysgen/synth_model/roachf_1024_bao.vhd sub01/vhpl127 1340858233
AR concat_1a070f1f35 behavior /scratch/zaki/workspace/baobab/roachf_1024_bao/sysgen/synth_model/roachf_1024_bao.vhd sub01/vhpl113 1340858219
EN delay_a99984b20e NULL /scratch/zaki/workspace/baobab/roachf_1024_bao/sysgen/synth_model/roachf_1024_bao.vhd sub03/vhpl382 1340858488
AR gbe2_entity_04f1430afd structural /scratch/zaki/workspace/baobab/roachf_1024_bao/sysgen/synth_model/roachf_1024_bao.vhd sub04/vhpl461 1340858567
EN constant_a3d619979c NULL /scratch/zaki/workspace/baobab/roachf_1024_bao/sysgen/synth_model/roachf_1024_bao.vhd sub01/vhpl120 1340858226
AR constant_b361ec1997 behavior /scratch/zaki/workspace/baobab/roachf_1024_bao/sysgen/synth_model/roachf_1024_bao.vhd sub01/vhpl169 1340858275
AR inverter_e2b989a05e behavior /scratch/zaki/workspace/baobab/roachf_1024_bao/sysgen/synth_model/roachf_1024_bao.vhd sub00/vhpl85 1340858191
EN u2n_entity_dbd9a311bf NULL /scratch/zaki/workspace/baobab/roachf_1024_bao/sysgen/synth_model/roachf_1024_bao.vhd sub04/vhpl450 1340858556
EN delay_6b2b456c91 NULL /scratch/zaki/workspace/baobab/roachf_1024_bao/sysgen/synth_model/roachf_1024_bao.vhd sub02/vhpl244 1340858350
EN lb_fifo_error_entity_b6367d63c2 NULL /scratch/zaki/workspace/baobab/roachf_1024_bao/sysgen/synth_model/roachf_1024_bao.vhd sub04/vhpl494 1340858600
EN xldelay NULL /scratch/zaki/workspace/baobab/roachf_1024_bao/sysgen/synth_model/roachf_1024_bao.vhd sub01/vhpl146 1340858252
AR shift_a3d6e8e72f behavior /scratch/zaki/workspace/baobab/roachf_1024_bao/sysgen/synth_model/roachf_1024_bao.vhd sub02/vhpl211 1340858317
AR default_clock_driver structural /scratch/zaki/workspace/baobab/roachf_1024_bao/sysgen/synth_model/roachf_1024_bao_cw.vhd sub05/vhpl571 1340858677
AR reorder1_entity_017a884d17 structural /scratch/zaki/workspace/baobab/roachf_1024_bao/sysgen/synth_model/roachf_1024_bao.vhd sub05/vhpl563 1340858669
EN cntr_11_0_49c9a47affa95a54 NULL /scratch/zaki/workspace/baobab/roachf_1024_bao/sysgen/synth_model/roachf_1024_bao.vhd sub00/vhpl04 1340858110
EN xlsprom_dist NULL /scratch/zaki/workspace/baobab/roachf_1024_bao/sysgen/synth_model/roachf_1024_bao.vhd sub02/vhpl256 1340858362
EN constant_f1ac4bddff NULL /scratch/zaki/workspace/baobab/roachf_1024_bao/sysgen/synth_model/roachf_1024_bao.vhd sub03/vhpl368 1340858474
AR eq_entity_f4312da414 structural /scratch/zaki/workspace/baobab/roachf_1024_bao/sysgen/synth_model/roachf_1024_bao.vhd sub04/vhpl411 1340858517
EN cntr_11_0_520b146027c1d89b NULL /scratch/zaki/workspace/baobab/roachf_1024_bao/sysgen/synth_model/roachf_1024_bao.vhd sub00/vhpl60 1340858166
AR cntr_11_0_59da7a7e9e683c63 cntr_11_0_59da7a7e9e683c63_a /scratch/zaki/workspace/baobab/roachf_1024_bao/sysgen/synth_model/roachf_1024_bao.vhd sub00/vhpl03 1340858109
AR subsystem1_entity_c23e69437f structural /scratch/zaki/workspace/baobab/roachf_1024_bao/sysgen/synth_model/roachf_1024_bao.vhd sub04/vhpl485 1340858591
EN logical_127a315f20 NULL /scratch/zaki/workspace/baobab/roachf_1024_bao/sysgen/synth_model/roachf_1024_bao.vhd sub01/vhpl128 1340858234
AR armed_trigger_entity_ba55ceb7d8 structural /scratch/zaki/workspace/baobab/roachf_1024_bao/sysgen/synth_model/roachf_1024_bao.vhd sub05/vhpl513 1340858619
EN concat_94bc27a9d6 NULL /scratch/zaki/workspace/baobab/roachf_1024_bao/sysgen/synth_model/roachf_1024_bao.vhd sub03/vhpl318 1340858424
EN edge1_entity_213f3f63ba NULL /scratch/zaki/workspace/baobab/roachf_1024_bao/sysgen/synth_model/roachf_1024_bao.vhd sub05/vhpl532 1340858638
EN delay_b6092ad150 NULL /scratch/zaki/workspace/baobab/roachf_1024_bao/sysgen/synth_model/roachf_1024_bao.vhd sub01/vhpl144 1340858250
EN relational_1a5580632c NULL /scratch/zaki/workspace/baobab/roachf_1024_bao/sysgen/synth_model/roachf_1024_bao.vhd sub01/vhpl108 1340858214
EN cntr_11_0_e94528e03054f4e0 NULL /scratch/zaki/workspace/baobab/roachf_1024_bao/sysgen/synth_model/roachf_1024_bao.vhd sub00/vhpl00 1340858106
EN logical_1e8142cab4 NULL /scratch/zaki/workspace/baobab/roachf_1024_bao/sysgen/synth_model/roachf_1024_bao.vhd sub02/vhpl202 1340858308
AR mult_ca473f56c4 behavior /scratch/zaki/workspace/baobab/roachf_1024_bao/sysgen/synth_model/roachf_1024_bao.vhd sub01/vhpl131 1340858237
AR cntr_11_0_7ca694f8efe8d963 cntr_11_0_7ca694f8efe8d963_a /scratch/zaki/workspace/baobab/roachf_1024_bao/sysgen/synth_model/roachf_1024_bao.vhd sub00/vhpl45 1340858151
EN constant_6a1bb6dda6 NULL /scratch/zaki/workspace/baobab/roachf_1024_bao/sysgen/synth_model/roachf_1024_bao.vhd sub03/vhpl302 1340858408
AR timebase_entity_9c465eac4b structural /scratch/zaki/workspace/baobab/roachf_1024_bao/sysgen/synth_model/roachf_1024_bao.vhd sub04/vhpl431 1340858537
EN reorder_entity_6581cc8be0 NULL /scratch/zaki/workspace/baobab/roachf_1024_bao/sysgen/synth_model/roachf_1024_bao.vhd sub05/vhpl546 1340858652
AR constant_79cd191324 behavior /scratch/zaki/workspace/baobab/roachf_1024_bao/sysgen/synth_model/roachf_1024_bao.vhd sub02/vhpl223 1340858329
AR leds_entity_dca6373a98 structural /scratch/zaki/workspace/baobab/roachf_1024_bao/sysgen/synth_model/roachf_1024_bao.vhd sub04/vhpl421 1340858527
EN gbe_errors_entity_ba2d32ce40 NULL /scratch/zaki/workspace/baobab/roachf_1024_bao/sysgen/synth_model/roachf_1024_bao.vhd sub04/vhpl488 1340858594
EN addsb_11_0_e48e31d556a35f15 NULL /scratch/zaki/workspace/baobab/roachf_1024_bao/sysgen/synth_model/roachf_1024_bao.vhd sub00/vhpl40 1340858146
EN mux_86a34309e7 NULL /scratch/zaki/workspace/baobab/roachf_1024_bao/sysgen/synth_model/roachf_1024_bao.vhd sub02/vhpl220 1340858326
EN shift_9c14cd27bd NULL /scratch/zaki/workspace/baobab/roachf_1024_bao/sysgen/synth_model/roachf_1024_bao.vhd sub02/vhpl212 1340858318
EN relational_47932db5b1 NULL /scratch/zaki/workspace/baobab/roachf_1024_bao/sysgen/synth_model/roachf_1024_bao.vhd sub02/vhpl276 1340858382
AR constant_06590e4008 behavior /scratch/zaki/workspace/baobab/roachf_1024_bao/sysgen/synth_model/roachf_1024_bao.vhd sub03/vhpl365 1340858471
AR xlcounter_limit behavior /scratch/zaki/workspace/baobab/roachf_1024_bao/sysgen/synth_model/roachf_1024_bao.vhd sub03/vhpl339 1340858445
EN logical_80f90b97d0 NULL /scratch/zaki/workspace/baobab/roachf_1024_bao/sysgen/synth_model/roachf_1024_bao.vhd sub01/vhpl154 1340858260
EN edge_detect_entity_61764bf456 NULL /scratch/zaki/workspace/baobab/roachf_1024_bao/sysgen/synth_model/roachf_1024_bao.vhd sub05/vhpl510 1340858616
AR concat_eab913768e behavior /scratch/zaki/workspace/baobab/roachf_1024_bao/sysgen/synth_model/roachf_1024_bao.vhd sub02/vhpl271 1340858377
EN logical_0fa52c7c40 NULL /scratch/zaki/workspace/baobab/roachf_1024_bao/sysgen/synth_model/roachf_1024_bao.vhd sub02/vhpl204 1340858310
EN dmg_62_0a86efc0bb6fa1ec NULL /scratch/zaki/workspace/baobab/roachf_1024_bao/sysgen/synth_model/roachf_1024_bao.vhd sub00/vhpl50 1340858156
AR delay16_entity_a12aa4bb98 structural /scratch/zaki/workspace/baobab/roachf_1024_bao/sysgen/synth_model/roachf_1024_bao.vhd sub04/vhpl479 1340858585
AR reorder_entity_1809c99170 structural /scratch/zaki/workspace/baobab/roachf_1024_bao/sysgen/synth_model/roachf_1024_bao.vhd sub05/vhpl561 1340858667
EN concat_1e5f8fbcb6 NULL /scratch/zaki/workspace/baobab/roachf_1024_bao/sysgen/synth_model/roachf_1024_bao.vhd sub03/vhpl336 1340858442
AR cntr_11_0_813142b9460b2f27 cntr_11_0_813142b9460b2f27_a /scratch/zaki/workspace/baobab/roachf_1024_bao/sysgen/synth_model/roachf_1024_bao.vhd sub00/vhpl07 1340858113
EN constant_b713aad2a7 NULL /scratch/zaki/workspace/baobab/roachf_1024_bao/sysgen/synth_model/roachf_1024_bao.vhd sub01/vhpl160 1340858266
AR shift_9c14cd27bd behavior /scratch/zaki/workspace/baobab/roachf_1024_bao/sysgen/synth_model/roachf_1024_bao.vhd sub02/vhpl213 1340858319
AR pulse_ext2_entity_6e7bbec365 structural /scratch/zaki/workspace/baobab/roachf_1024_bao/sysgen/synth_model/roachf_1024_bao.vhd sub04/vhpl417 1340858523
AR mux_c77e20fa3c behavior /scratch/zaki/workspace/baobab/roachf_1024_bao/sysgen/synth_model/roachf_1024_bao.vhd sub03/vhpl379 1340858485
EN xlconvert NULL /scratch/zaki/workspace/baobab/roachf_1024_bao/sysgen/synth_model/roachf_1024_bao.vhd sub01/vhpl126 1340858232
AR reinterpret_df53fd8fe7 behavior /scratch/zaki/workspace/baobab/roachf_1024_bao/sysgen/synth_model/roachf_1024_bao.vhd sub01/vhpl137 1340858243
EN constant_3a5e4c2c66 NULL /scratch/zaki/workspace/baobab/roachf_1024_bao/sysgen/synth_model/roachf_1024_bao.vhd sub03/vhpl352 1340858458
AR constant_f8d41441cb behavior /scratch/zaki/workspace/baobab/roachf_1024_bao/sysgen/synth_model/roachf_1024_bao.vhd sub02/vhpl207 1340858313
EN constant_6293007044 NULL /scratch/zaki/workspace/baobab/roachf_1024_bao/sysgen/synth_model/roachf_1024_bao.vhd sub01/vhpl172 1340858278
EN reinterpret_4389dc89bf NULL /scratch/zaki/workspace/baobab/roachf_1024_bao/sysgen/synth_model/roachf_1024_bao.vhd sub00/vhpl86 1340858192
EN cntr_11_0_aecd98f86e85228c NULL /scratch/zaki/workspace/baobab/roachf_1024_bao/sysgen/synth_model/roachf_1024_bao.vhd sub00/vhpl08 1340858114
EN concat_32afb77cd2 NULL /scratch/zaki/workspace/baobab/roachf_1024_bao/sysgen/synth_model/roachf_1024_bao.vhd sub01/vhpl114 1340858220
EN quant3_entity_26d02fdb0a NULL /scratch/zaki/workspace/baobab/roachf_1024_bao/sysgen/synth_model/roachf_1024_bao.vhd sub04/vhpl408 1340858514
EN constant_b361ec1997 NULL /scratch/zaki/workspace/baobab/roachf_1024_bao/sysgen/synth_model/roachf_1024_bao.vhd sub01/vhpl168 1340858274
EN addsub_c13097e33e NULL /scratch/zaki/workspace/baobab/roachf_1024_bao/sysgen/synth_model/roachf_1024_bao.vhd sub03/vhpl304 1340858410
AR p24_extender_entity_c0f36f30a5 structural /scratch/zaki/workspace/baobab/roachf_1024_bao/sysgen/synth_model/roachf_1024_bao.vhd sub04/vhpl441 1340858547
AR logical_5773759131 behavior /scratch/zaki/workspace/baobab/roachf_1024_bao/sysgen/synth_model/roachf_1024_bao.vhd sub01/vhpl189 1340858295
AR r_edge_detect_entity_42f50804fe structural /scratch/zaki/workspace/baobab/roachf_1024_bao/sysgen/synth_model/roachf_1024_bao.vhd sub04/vhpl443 1340858549
AR relational_831189b190 behavior /scratch/zaki/workspace/baobab/roachf_1024_bao/sysgen/synth_model/roachf_1024_bao.vhd sub01/vhpl159 1340858265
EN relational_0ffd72e037 NULL /scratch/zaki/workspace/baobab/roachf_1024_bao/sysgen/synth_model/roachf_1024_bao.vhd sub03/vhpl374 1340858480
AR concat_09e13b86e0 behavior /scratch/zaki/workspace/baobab/roachf_1024_bao/sysgen/synth_model/roachf_1024_bao.vhd sub02/vhpl265 1340858371
EN constant_06590e4008 NULL /scratch/zaki/workspace/baobab/roachf_1024_bao/sysgen/synth_model/roachf_1024_bao.vhd sub03/vhpl364 1340858470
AR loopback_fifo_pkt_count_entity_1b2606d2ca structural /scratch/zaki/workspace/baobab/roachf_1024_bao/sysgen/synth_model/roachf_1024_bao.vhd sub04/vhpl497 1340858603
EN constant_7a5a41eeb1 NULL /scratch/zaki/workspace/baobab/roachf_1024_bao/sysgen/synth_model/roachf_1024_bao.vhd sub02/vhpl208 1340858314
EN timebase_entity_9c465eac4b NULL /scratch/zaki/workspace/baobab/roachf_1024_bao/sysgen/synth_model/roachf_1024_bao.vhd sub04/vhpl430 1340858536
AR constant_faaf314423 behavior /scratch/zaki/workspace/baobab/roachf_1024_bao/sysgen/synth_model/roachf_1024_bao.vhd sub02/vhpl275 1340858381
AR constant_fe72737ca0 behavior /scratch/zaki/workspace/baobab/roachf_1024_bao/sysgen/synth_model/roachf_1024_bao.vhd sub03/vhpl323 1340858429
AR constant_3d1b04c74c behavior /scratch/zaki/workspace/baobab/roachf_1024_bao/sysgen/synth_model/roachf_1024_bao.vhd sub01/vhpl119 1340858225
AR bmg_62_73edef83fb7839d9 bmg_62_73edef83fb7839d9_a /scratch/zaki/workspace/baobab/roachf_1024_bao/sysgen/synth_model/roachf_1024_bao.vhd sub00/vhpl25 1340858131
EN constant_822933f89b NULL /scratch/zaki/workspace/baobab/roachf_1024_bao/sysgen/synth_model/roachf_1024_bao.vhd sub03/vhpl344 1340858450
AR pol_pack0_entity_f12789f01f structural /scratch/zaki/workspace/baobab/roachf_1024_bao/sysgen/synth_model/roachf_1024_bao.vhd sub03/vhpl395 1340858501
EN cntr_11_0_2b657e2d1d4c21af NULL /scratch/zaki/workspace/baobab/roachf_1024_bao/sysgen/synth_model/roachf_1024_bao.vhd sub00/vhpl46 1340858152
EN concat_39a9232e16 NULL /scratch/zaki/workspace/baobab/roachf_1024_bao/sysgen/synth_model/roachf_1024_bao.vhd sub02/vhpl290 1340858396
EN sync_delay_en_entity_be14bb2386 NULL /scratch/zaki/workspace/baobab/roachf_1024_bao/sysgen/synth_model/roachf_1024_bao.vhd sub05/vhpl544 1340858650
EN mux_4fe5face7f NULL /scratch/zaki/workspace/baobab/roachf_1024_bao/sysgen/synth_model/roachf_1024_bao.vhd sub03/vhpl308 1340858414
EN logical_954ee29728 NULL /scratch/zaki/workspace/baobab/roachf_1024_bao/sysgen/synth_model/roachf_1024_bao.vhd sub02/vhpl282 1340858388
EN constant_fbc2f0cce1 NULL /scratch/zaki/workspace/baobab/roachf_1024_bao/sysgen/synth_model/roachf_1024_bao.vhd sub03/vhpl372 1340858478
EN mux_9723c3381b NULL /scratch/zaki/workspace/baobab/roachf_1024_bao/sysgen/synth_model/roachf_1024_bao.vhd sub01/vhpl132 1340858238
EN eq_entity_f4312da414 NULL /scratch/zaki/workspace/baobab/roachf_1024_bao/sysgen/synth_model/roachf_1024_bao.vhd sub04/vhpl410 1340858516
AR bmg_62_bd93aafb66935d25 bmg_62_bd93aafb66935d25_a /scratch/zaki/workspace/baobab/roachf_1024_bao/sysgen/synth_model/roachf_1024_bao.vhd sub00/vhpl35 1340858141
AR reorder_entity_6581cc8be0 structural /scratch/zaki/workspace/baobab/roachf_1024_bao/sysgen/synth_model/roachf_1024_bao.vhd sub05/vhpl547 1340858653
AR relational_6ee59656d1 behavior /scratch/zaki/workspace/baobab/roachf_1024_bao/sysgen/synth_model/roachf_1024_bao.vhd sub01/vhpl187 1340858293
EN relational_b19165022f NULL /scratch/zaki/workspace/baobab/roachf_1024_bao/sysgen/synth_model/roachf_1024_bao.vhd sub02/vhpl260 1340858366
EN dmg_62_29a7fd57730c35e5 NULL /scratch/zaki/workspace/baobab/roachf_1024_bao/sysgen/synth_model/roachf_1024_bao.vhd sub00/vhpl30 1340858136
AR sync_delay_en_entity_be14bb2386 structural /scratch/zaki/workspace/baobab/roachf_1024_bao/sysgen/synth_model/roachf_1024_bao.vhd sub05/vhpl545 1340858651
AR sync_delay_entity_05a8db3bf6 structural /scratch/zaki/workspace/baobab/roachf_1024_bao/sysgen/synth_model/roachf_1024_bao.vhd sub04/vhpl427 1340858533
EN relational_831189b190 NULL /scratch/zaki/workspace/baobab/roachf_1024_bao/sysgen/synth_model/roachf_1024_bao.vhd sub01/vhpl158 1340858264
AR reinterpret_573890e1c0 behavior /scratch/zaki/workspace/baobab/roachf_1024_bao/sysgen/synth_model/roachf_1024_bao.vhd sub01/vhpl193 1340858299
AR logical_80f90b97d0 behavior /scratch/zaki/workspace/baobab/roachf_1024_bao/sysgen/synth_model/roachf_1024_bao.vhd sub01/vhpl155 1340858261
AR quant2_entity_8d0aee881d structural /scratch/zaki/workspace/baobab/roachf_1024_bao/sysgen/synth_model/roachf_1024_bao.vhd sub04/vhpl407 1340858513
EN xlspram NULL /scratch/zaki/workspace/baobab/roachf_1024_bao/sysgen/synth_model/roachf_1024_bao.vhd sub03/vhpl380 1340858486
AR constant_f1ac4bddff behavior /scratch/zaki/workspace/baobab/roachf_1024_bao/sysgen/synth_model/roachf_1024_bao.vhd sub03/vhpl369 1340858475
EN round1_entity_3a17b4da42 NULL /scratch/zaki/workspace/baobab/roachf_1024_bao/sysgen/synth_model/roachf_1024_bao.vhd sub04/vhpl400 1340858506
AR bitbasher_5b1e76c782 behavior /scratch/zaki/workspace/baobab/roachf_1024_bao/sysgen/synth_model/roachf_1024_bao.vhd sub02/vhpl299 1340858405
AR gbe_errors_entity_ba2d32ce40 structural /scratch/zaki/workspace/baobab/roachf_1024_bao/sysgen/synth_model/roachf_1024_bao.vhd sub04/vhpl489 1340858595
AR relational_b19165022f behavior /scratch/zaki/workspace/baobab/roachf_1024_bao/sysgen/synth_model/roachf_1024_bao.vhd sub02/vhpl261 1340858367
EN cntr_11_0_06789a19cedc7671 NULL /scratch/zaki/workspace/baobab/roachf_1024_bao/sysgen/synth_model/roachf_1024_bao.vhd sub00/vhpl26 1340858132
EN reinterpret_d51df7ac30 NULL /scratch/zaki/workspace/baobab/roachf_1024_bao/sysgen/synth_model/roachf_1024_bao.vhd sub00/vhpl90 1340858196
AR concat_15d98836ad behavior /scratch/zaki/workspace/baobab/roachf_1024_bao/sysgen/synth_model/roachf_1024_bao.vhd sub01/vhpl151 1340858257
EN loopback_mux_entity_c2598f182e NULL /scratch/zaki/workspace/baobab/roachf_1024_bao/sysgen/synth_model/roachf_1024_bao.vhd sub04/vhpl490 1340858596
EN rollback_fifo_entity_6ec568e1ad NULL /scratch/zaki/workspace/baobab/roachf_1024_bao/sysgen/synth_model/roachf_1024_bao.vhd sub05/vhpl500 1340858606
EN concat_a9b7ee2019 NULL /scratch/zaki/workspace/baobab/roachf_1024_bao/sysgen/synth_model/roachf_1024_bao.vhd sub03/vhpl334 1340858440
AR logical_aacf6e1b0e behavior /scratch/zaki/workspace/baobab/roachf_1024_bao/sysgen/synth_model/roachf_1024_bao.vhd sub01/vhpl149 1340858255
AR relational_502d6cf7c0 behavior /scratch/zaki/workspace/baobab/roachf_1024_bao/sysgen/synth_model/roachf_1024_bao.vhd sub01/vhpl163 1340858269
EN input_entity_419054c073 NULL /scratch/zaki/workspace/baobab/roachf_1024_bao/sysgen/synth_model/roachf_1024_bao.vhd sub04/vhpl468 1340858574
EN constant_bbd7b31fe5 NULL /scratch/zaki/workspace/baobab/roachf_1024_bao/sysgen/synth_model/roachf_1024_bao.vhd sub00/vhpl98 1340858204
AR expr_52ec6336d5 behavior /scratch/zaki/workspace/baobab/roachf_1024_bao/sysgen/synth_model/roachf_1024_bao.vhd sub02/vhpl229 1340858335
AR xladdsub behavior /scratch/zaki/workspace/baobab/roachf_1024_bao/sysgen/synth_model/roachf_1024_bao.vhd sub03/vhpl315 1340858421
EN adc_unpack0_entity_e15e6835ac NULL /scratch/zaki/workspace/baobab/roachf_1024_bao/sysgen/synth_model/roachf_1024_bao.vhd sub04/vhpl422 1340858528
AR logical_1e8142cab4 behavior /scratch/zaki/workspace/baobab/roachf_1024_bao/sysgen/synth_model/roachf_1024_bao.vhd sub02/vhpl203 1340858309
AR concat_62c4475a80 behavior /scratch/zaki/workspace/baobab/roachf_1024_bao/sysgen/synth_model/roachf_1024_bao.vhd sub03/vhpl321 1340858427
AR constant_a533fa908a behavior /scratch/zaki/workspace/baobab/roachf_1024_bao/sysgen/synth_model/roachf_1024_bao.vhd sub01/vhpl171 1340858277
EN asr_11_0_baa2205482699974 NULL /scratch/zaki/workspace/baobab/roachf_1024_bao/sysgen/synth_model/roachf_1024_bao.vhd sub00/vhpl52 1340858158
AR loopback_entity_e3d9044413 structural /scratch/zaki/workspace/baobab/roachf_1024_bao/sysgen/synth_model/roachf_1024_bao.vhd sub05/vhpl509 1340858615
AR qdr_entity_46e41fe4d7 structural /scratch/zaki/workspace/baobab/roachf_1024_bao/sysgen/synth_model/roachf_1024_bao.vhd sub05/vhpl541 1340858647
AR quant0_entity_a1ec737c60 structural /scratch/zaki/workspace/baobab/roachf_1024_bao/sysgen/synth_model/roachf_1024_bao.vhd sub04/vhpl403 1340858509
AR relational_0ffd72e037 behavior /scratch/zaki/workspace/baobab/roachf_1024_bao/sysgen/synth_model/roachf_1024_bao.vhd sub03/vhpl375 1340858481
EN constant_fe72737ca0 NULL /scratch/zaki/workspace/baobab/roachf_1024_bao/sysgen/synth_model/roachf_1024_bao.vhd sub03/vhpl322 1340858428
EN calc_add_entity_55831640b4 NULL /scratch/zaki/workspace/baobab/roachf_1024_bao/sysgen/synth_model/roachf_1024_bao.vhd sub05/vhpl520 1340858626
AR delay17_entity_286e674199 structural /scratch/zaki/workspace/baobab/roachf_1024_bao/sysgen/synth_model/roachf_1024_bao.vhd sub04/vhpl481 1340858587
AR led1_arm_entity_eb12274228 structural /scratch/zaki/workspace/baobab/roachf_1024_bao/sysgen/synth_model/roachf_1024_bao.vhd sub04/vhpl413 1340858519
EN expr_52ec6336d5 NULL /scratch/zaki/workspace/baobab/roachf_1024_bao/sysgen/synth_model/roachf_1024_bao.vhd sub02/vhpl228 1340858334
AR pulse_ext4_entity_9928d70aee structural /scratch/zaki/workspace/baobab/roachf_1024_bao/sysgen/synth_model/roachf_1024_bao.vhd sub04/vhpl419 1340858525
EN xlslice NULL /scratch/zaki/workspace/baobab/roachf_1024_bao/sysgen/synth_model/roachf_1024_bao.vhd sub00/vhpl80 1340858186
AR round1_entity_3a17b4da42 structural /scratch/zaki/workspace/baobab/roachf_1024_bao/sysgen/synth_model/roachf_1024_bao.vhd sub04/vhpl401 1340858507
AR relational_80f62ac01d behavior /scratch/zaki/workspace/baobab/roachf_1024_bao/sysgen/synth_model/roachf_1024_bao.vhd sub01/vhpl177 1340858283
EN concat_62c4475a80 NULL /scratch/zaki/workspace/baobab/roachf_1024_bao/sysgen/synth_model/roachf_1024_bao.vhd sub03/vhpl320 1340858426
EN mux_52ae77d946 NULL /scratch/zaki/workspace/baobab/roachf_1024_bao/sysgen/synth_model/roachf_1024_bao.vhd sub02/vhpl218 1340858324
EN mux_1bef4ba0e4 NULL /scratch/zaki/workspace/baobab/roachf_1024_bao/sysgen/synth_model/roachf_1024_bao.vhd sub01/vhpl174 1340858280
EN reinterpret_f21e7f2ddf NULL /scratch/zaki/workspace/baobab/roachf_1024_bao/sysgen/synth_model/roachf_1024_bao.vhd sub03/vhpl316 1340858422
EN delay_9f02caa990 NULL /scratch/zaki/workspace/baobab/roachf_1024_bao/sysgen/synth_model/roachf_1024_bao.vhd sub00/vhpl92 1340858198
EN muxin0_entity_3eb0ba2729 NULL /scratch/zaki/workspace/baobab/roachf_1024_bao/sysgen/synth_model/roachf_1024_bao.vhd sub04/vhpl470 1340858576
AR constant_f5d769813d behavior /scratch/zaki/workspace/baobab/roachf_1024_bao/sysgen/synth_model/roachf_1024_bao.vhd sub01/vhpl197 1340858303
AR loopback_fifo_entity_12efd103ed structural /scratch/zaki/workspace/baobab/roachf_1024_bao/sysgen/synth_model/roachf_1024_bao.vhd sub05/vhpl503 1340858609
EN freeze_cntr_entity_9e6f7163c6 NULL /scratch/zaki/workspace/baobab/roachf_1024_bao/sysgen/synth_model/roachf_1024_bao.vhd sub05/vhpl524 1340858630
EN set_cnt_entity_0e6bd3622d NULL /scratch/zaki/workspace/baobab/roachf_1024_bao/sysgen/synth_model/roachf_1024_bao.vhd sub04/vhpl498 1340858604
EN bitbasher_0b7a692256 NULL /scratch/zaki/workspace/baobab/roachf_1024_bao/sysgen/synth_model/roachf_1024_bao.vhd sub02/vhpl248 1340858354
AR lb_fifo_error_entity_b6367d63c2 structural /scratch/zaki/workspace/baobab/roachf_1024_bao/sysgen/synth_model/roachf_1024_bao.vhd sub04/vhpl495 1340858601
AR convert_func_call behavior /scratch/zaki/workspace/baobab/roachf_1024_bao/sysgen/synth_model/roachf_1024_bao.vhd sub01/vhpl125 1340858231
AR delay15_entity_bf4f957bed structural /scratch/zaki/workspace/baobab/roachf_1024_bao/sysgen/synth_model/roachf_1024_bao.vhd sub04/vhpl477 1340858583
EN xlsprom NULL /scratch/zaki/workspace/baobab/roachf_1024_bao/sysgen/synth_model/roachf_1024_bao.vhd sub02/vhpl232 1340858338
AR status_entity_862e12a4dd structural /scratch/zaki/workspace/baobab/roachf_1024_bao/sysgen/synth_model/roachf_1024_bao.vhd sub05/vhpl517 1340858623
AR logical_dfe2dded7f behavior /scratch/zaki/workspace/baobab/roachf_1024_bao/sysgen/synth_model/roachf_1024_bao.vhd sub02/vhpl297 1340858403
AR constant_fbc2f0cce1 behavior /scratch/zaki/workspace/baobab/roachf_1024_bao/sysgen/synth_model/roachf_1024_bao.vhd sub03/vhpl373 1340858479
AR inverter_251f82b86b behavior /scratch/zaki/workspace/baobab/roachf_1024_bao/sysgen/synth_model/roachf_1024_bao.vhd sub01/vhpl181 1340858287
AR delay_54d5af2115 behavior /scratch/zaki/workspace/baobab/roachf_1024_bao/sysgen/synth_model/roachf_1024_bao.vhd sub03/vhpl329 1340858435
AR relational_770e12e4ab behavior /scratch/zaki/workspace/baobab/roachf_1024_bao/sysgen/synth_model/roachf_1024_bao.vhd sub02/vhpl293 1340858399
AR shift_82822b2849 behavior /scratch/zaki/workspace/baobab/roachf_1024_bao/sysgen/synth_model/roachf_1024_bao.vhd sub02/vhpl225 1340858331
EN relational_6dfa374756 NULL /scratch/zaki/workspace/baobab/roachf_1024_bao/sysgen/synth_model/roachf_1024_bao.vhd sub02/vhpl288 1340858394
EN delay_d8eaaced1c NULL /scratch/zaki/workspace/baobab/roachf_1024_bao/sysgen/synth_model/roachf_1024_bao.vhd sub03/vhpl326 1340858432
AR dmg_62_d4b1790d74a4992a dmg_62_d4b1790d74a4992a_a /scratch/zaki/workspace/baobab/roachf_1024_bao/sysgen/synth_model/roachf_1024_bao.vhd sub00/vhpl23 1340858129
AR relational_ecc398b3c4 behavior /scratch/zaki/workspace/baobab/roachf_1024_bao/sysgen/synth_model/roachf_1024_bao.vhd sub01/vhpl139 1340858245
AR xlsprom behavior /scratch/zaki/workspace/baobab/roachf_1024_bao/sysgen/synth_model/roachf_1024_bao.vhd sub02/vhpl233 1340858339
EN constant_4848f0569f NULL /scratch/zaki/workspace/baobab/roachf_1024_bao/sysgen/synth_model/roachf_1024_bao.vhd sub03/vhpl356 1340858462
AR xlsprom_dist behavior /scratch/zaki/workspace/baobab/roachf_1024_bao/sysgen/synth_model/roachf_1024_bao.vhd sub02/vhpl257 1340858363
AR mux_c7fc178374 behavior /scratch/zaki/workspace/baobab/roachf_1024_bao/sysgen/synth_model/roachf_1024_bao.vhd sub02/vhpl253 1340858359
EN fft_wideband_real_core2 NULL /scratch/zaki/workspace/baobab/roachf_1024_bao/sysgen/synth_model/roachf_1024_bao.vhd sub01/vhpl164 1340858270
AR mux_dc8b84fd59 behavior /scratch/zaki/workspace/baobab/roachf_1024_bao/sysgen/synth_model/roachf_1024_bao.vhd sub03/vhpl331 1340858437
EN constant_f5d769813d NULL /scratch/zaki/workspace/baobab/roachf_1024_bao/sysgen/synth_model/roachf_1024_bao.vhd sub01/vhpl196 1340858302
AR concat_a9b7ee2019 behavior /scratch/zaki/workspace/baobab/roachf_1024_bao/sysgen/synth_model/roachf_1024_bao.vhd sub03/vhpl335 1340858441
EN pol_pack0_entity_f12789f01f NULL /scratch/zaki/workspace/baobab/roachf_1024_bao/sysgen/synth_model/roachf_1024_bao.vhd sub03/vhpl394 1340858500
EN p24_extender_entity_c0f36f30a5 NULL /scratch/zaki/workspace/baobab/roachf_1024_bao/sysgen/synth_model/roachf_1024_bao.vhd sub04/vhpl440 1340858546
EN subsystem1_entity_c23e69437f NULL /scratch/zaki/workspace/baobab/roachf_1024_bao/sysgen/synth_model/roachf_1024_bao.vhd sub04/vhpl484 1340858590
EN loopback_entity_e3d9044413 NULL /scratch/zaki/workspace/baobab/roachf_1024_bao/sysgen/synth_model/roachf_1024_bao.vhd sub05/vhpl508 1340858614
AR mux_66eab071c1 behavior /scratch/zaki/workspace/baobab/roachf_1024_bao/sysgen/synth_model/roachf_1024_bao.vhd sub03/vhpl367 1340858473
AR pfbs_entity_5b3a77ef5c structural /scratch/zaki/workspace/baobab/roachf_1024_bao/sysgen/synth_model/roachf_1024_bao.vhd sub04/vhpl425 1340858531
AR cntr_11_0_b9730cea34623a8b cntr_11_0_b9730cea34623a8b_a /scratch/zaki/workspace/baobab/roachf_1024_bao/sysgen/synth_model/roachf_1024_bao.vhd sub00/vhpl33 1340858139
EN reinterpret_573890e1c0 NULL /scratch/zaki/workspace/baobab/roachf_1024_bao/sysgen/synth_model/roachf_1024_bao.vhd sub01/vhpl192 1340858298
AR relational_8fc7f5539b behavior /scratch/zaki/workspace/baobab/roachf_1024_bao/sysgen/synth_model/roachf_1024_bao.vhd sub03/vhpl349 1340858455
EN switch_entity_e19760fbab NULL /scratch/zaki/workspace/baobab/roachf_1024_bao/sysgen/synth_model/roachf_1024_bao.vhd sub05/vhpl536 1340858642
EN xlpassthrough NULL /scratch/zaki/workspace/baobab/roachf_1024_bao/sysgen/synth_model/roachf_1024_bao.vhd sub00/vhpl96 1340858202
EN synth_reg_w_init NULL /scratch/zaki/workspace/baobab/roachf_1024_bao/sysgen/synth_model/roachf_1024_bao.vhd sub00/vhpl76 1340858182
AR asr_11_0_baa2205482699974 asr_11_0_baa2205482699974_a /scratch/zaki/workspace/baobab/roachf_1024_bao/sysgen/synth_model/roachf_1024_bao.vhd sub00/vhpl53 1340858159
AR constant_efdc042771 behavior /scratch/zaki/workspace/baobab/roachf_1024_bao/sysgen/synth_model/roachf_1024_bao.vhd sub01/vhpl167 1340858273
AR cntr_11_0_2f4d5faecc7b9ee5 cntr_11_0_2f4d5faecc7b9ee5_a /scratch/zaki/workspace/baobab/roachf_1024_bao/sysgen/synth_model/roachf_1024_bao.vhd sub00/vhpl17 1340858123
AR cntr_11_0_7310fc5156c4342e cntr_11_0_7310fc5156c4342e_a /scratch/zaki/workspace/baobab/roachf_1024_bao/sysgen/synth_model/roachf_1024_bao.vhd sub00/vhpl13 1340858119
EN quant0_entity_a1ec737c60 NULL /scratch/zaki/workspace/baobab/roachf_1024_bao/sysgen/synth_model/roachf_1024_bao.vhd sub04/vhpl402 1340858508
EN mult_ca473f56c4 NULL /scratch/zaki/workspace/baobab/roachf_1024_bao/sysgen/synth_model/roachf_1024_bao.vhd sub01/vhpl130 1340858236
AR mux_66e06093b2 behavior /scratch/zaki/workspace/baobab/roachf_1024_bao/sysgen/synth_model/roachf_1024_bao.vhd sub02/vhpl267 1340858373
EN delay_cf4f99539f NULL /scratch/zaki/workspace/baobab/roachf_1024_bao/sysgen/synth_model/roachf_1024_bao.vhd sub01/vhpl104 1340858210
AR constant_963ed6358a behavior /scratch/zaki/workspace/baobab/roachf_1024_bao/sysgen/synth_model/roachf_1024_bao.vhd sub01/vhpl101 1340858207
EN gbe3_entity_284bc3277d NULL /scratch/zaki/workspace/baobab/roachf_1024_bao/sysgen/synth_model/roachf_1024_bao.vhd sub05/vhpl528 1340858634
AR adc_entity_bb24f9e134 structural /scratch/zaki/workspace/baobab/roachf_1024_bao/sysgen/synth_model/roachf_1024_bao.vhd sub03/vhpl391 1340858497
EN constant_bdd7f47790 NULL /scratch/zaki/workspace/baobab/roachf_1024_bao/sysgen/synth_model/roachf_1024_bao.vhd sub01/vhpl156 1340858262
AR gbe3_entity_284bc3277d structural /scratch/zaki/workspace/baobab/roachf_1024_bao/sysgen/synth_model/roachf_1024_bao.vhd sub05/vhpl529 1340858635
AR packetiser1_entity_8e5e7ec95a structural /scratch/zaki/workspace/baobab/roachf_1024_bao/sysgen/synth_model/roachf_1024_bao.vhd sub05/vhpl535 1340858641
EN cntr_11_0_75f1adc66a6c6121 NULL /scratch/zaki/workspace/baobab/roachf_1024_bao/sysgen/synth_model/roachf_1024_bao.vhd sub00/vhpl20 1340858126
EN mux_dc8b84fd59 NULL /scratch/zaki/workspace/baobab/roachf_1024_bao/sysgen/synth_model/roachf_1024_bao.vhd sub03/vhpl330 1340858436
AR constant_7ea0f2fff7 behavior /scratch/zaki/workspace/baobab/roachf_1024_bao/sysgen/synth_model/roachf_1024_bao.vhd sub02/vhpl273 1340858379
AR concat_32afb77cd2 behavior /scratch/zaki/workspace/baobab/roachf_1024_bao/sysgen/synth_model/roachf_1024_bao.vhd sub01/vhpl115 1340858221
AR bmg_62_45150160fbf326f2 bmg_62_45150160fbf326f2_a /scratch/zaki/workspace/baobab/roachf_1024_bao/sysgen/synth_model/roachf_1024_bao.vhd sub00/vhpl39 1340858145
AR constant_8dd5e0b380 behavior /scratch/zaki/workspace/baobab/roachf_1024_bao/sysgen/synth_model/roachf_1024_bao.vhd sub03/vhpl355 1340858461
AR cntr_11_0_06789a19cedc7671 cntr_11_0_06789a19cedc7671_a /scratch/zaki/workspace/baobab/roachf_1024_bao/sysgen/synth_model/roachf_1024_bao.vhd sub00/vhpl27 1340858133
EN logical_aacf6e1b0e NULL /scratch/zaki/workspace/baobab/roachf_1024_bao/sysgen/synth_model/roachf_1024_bao.vhd sub01/vhpl148 1340858254
AR bmg_62_4780518c6f20c162 bmg_62_4780518c6f20c162_a /scratch/zaki/workspace/baobab/roachf_1024_bao/sysgen/synth_model/roachf_1024_bao.vhd sub00/vhpl49 1340858155
EN addr_entity_8e2907ad88 NULL /scratch/zaki/workspace/baobab/roachf_1024_bao/sysgen/synth_model/roachf_1024_bao.vhd sub05/vhpl518 1340858624
EN pulse_ext4_entity_9928d70aee NULL /scratch/zaki/workspace/baobab/roachf_1024_bao/sysgen/synth_model/roachf_1024_bao.vhd sub04/vhpl418 1340858524
EN constant_a1c496ea88 NULL /scratch/zaki/workspace/baobab/roachf_1024_bao/sysgen/synth_model/roachf_1024_bao.vhd sub03/vhpl342 1340858448
AR cntr_11_0_aecd98f86e85228c cntr_11_0_aecd98f86e85228c_a /scratch/zaki/workspace/baobab/roachf_1024_bao/sysgen/synth_model/roachf_1024_bao.vhd sub00/vhpl09 1340858115
EN moore_state_machine_entity_0aa912d7d4 NULL /scratch/zaki/workspace/baobab/roachf_1024_bao/sysgen/synth_model/roachf_1024_bao.vhd sub04/vhpl486 1340858592
AR inverter_e5b38cca3b behavior /scratch/zaki/workspace/baobab/roachf_1024_bao/sysgen/synth_model/roachf_1024_bao.vhd sub01/vhpl153 1340858259
AR addsb_11_0_e48e31d556a35f15 addsb_11_0_e48e31d556a35f15_a /scratch/zaki/workspace/baobab/roachf_1024_bao/sysgen/synth_model/roachf_1024_bao.vhd sub00/vhpl41 1340858147
EN reinterpret_9306b5127f NULL /scratch/zaki/workspace/baobab/roachf_1024_bao/sysgen/synth_model/roachf_1024_bao.vhd sub01/vhpl106 1340858212
AR reinterpret_4389dc89bf behavior /scratch/zaki/workspace/baobab/roachf_1024_bao/sysgen/synth_model/roachf_1024_bao.vhd sub00/vhpl87 1340858193
EN conv_entity_e9ddda52b5 NULL /scratch/zaki/workspace/baobab/roachf_1024_bao/sysgen/synth_model/roachf_1024_bao.vhd sub03/vhpl388 1340858494
EN delay_e4b9fcaf02 NULL /scratch/zaki/workspace/baobab/roachf_1024_bao/sysgen/synth_model/roachf_1024_bao.vhd sub01/vhpl142 1340858248
AR xldpram behavior /scratch/zaki/workspace/baobab/roachf_1024_bao/sysgen/synth_model/roachf_1024_bao.vhd sub01/vhpl111 1340858217
AR relational_237db0f5b9 behavior /scratch/zaki/workspace/baobab/roachf_1024_bao/sysgen/synth_model/roachf_1024_bao.vhd sub03/vhpl361 1340858467
EN sync_delay_entity_2197b989b8 NULL /scratch/zaki/workspace/baobab/roachf_1024_bao/sysgen/synth_model/roachf_1024_bao.vhd sub05/vhpl548 1340858654
AR moore_state_machine_entity_0aa912d7d4 structural /scratch/zaki/workspace/baobab/roachf_1024_bao/sysgen/synth_model/roachf_1024_bao.vhd sub04/vhpl487 1340858593
AR wgns_entity_141b1491ee structural /scratch/zaki/workspace/baobab/roachf_1024_bao/sysgen/synth_model/roachf_1024_bao.vhd sub04/vhpl457 1340858563
AR delay_a99984b20e behavior /scratch/zaki/workspace/baobab/roachf_1024_bao/sysgen/synth_model/roachf_1024_bao.vhd sub03/vhpl383 1340858489
AR freeze_cntr_entity_9e6f7163c6 structural /scratch/zaki/workspace/baobab/roachf_1024_bao/sysgen/synth_model/roachf_1024_bao.vhd sub05/vhpl525 1340858631
AR logical_a6d07705dd behavior /scratch/zaki/workspace/baobab/roachf_1024_bao/sysgen/synth_model/roachf_1024_bao.vhd sub00/vhpl95 1340858201
EN xlclockdriver NULL /scratch/zaki/workspace/baobab/roachf_1024_bao/sysgen/synth_model/roachf_1024_bao_cw.vhd sub05/vhpl568 1340858674
EN noise0_entity_e51b957e94 NULL /scratch/zaki/workspace/baobab/roachf_1024_bao/sysgen/synth_model/roachf_1024_bao.vhd sub04/vhpl454 1340858560
EN cntr_11_0_59da7a7e9e683c63 NULL /scratch/zaki/workspace/baobab/roachf_1024_bao/sysgen/synth_model/roachf_1024_bao.vhd sub00/vhpl02 1340858108
AR concat_1d98d96b58 behavior /scratch/zaki/workspace/baobab/roachf_1024_bao/sysgen/synth_model/roachf_1024_bao.vhd sub03/vhpl307 1340858413
AR addsub_542df25df6 behavior /scratch/zaki/workspace/baobab/roachf_1024_bao/sysgen/synth_model/roachf_1024_bao.vhd sub01/vhpl195 1340858301
AR xlcounter_free behavior /scratch/zaki/workspace/baobab/roachf_1024_bao/sysgen/synth_model/roachf_1024_bao.vhd sub01/vhpl103 1340858209
EN expr_c255d1cf74 NULL /scratch/zaki/workspace/baobab/roachf_1024_bao/sysgen/synth_model/roachf_1024_bao.vhd sub02/vhpl226 1340858332
AR constant_bdd7f47790 behavior /scratch/zaki/workspace/baobab/roachf_1024_bao/sysgen/synth_model/roachf_1024_bao.vhd sub01/vhpl157 1340858263
EN mux_d99e59b6d4 NULL /scratch/zaki/workspace/baobab/roachf_1024_bao/sysgen/synth_model/roachf_1024_bao.vhd sub02/vhpl268 1340858374
EN leds_entity_dca6373a98 NULL /scratch/zaki/workspace/baobab/roachf_1024_bao/sysgen/synth_model/roachf_1024_bao.vhd sub04/vhpl420 1340858526
EN shift_82822b2849 NULL /scratch/zaki/workspace/baobab/roachf_1024_bao/sysgen/synth_model/roachf_1024_bao.vhd sub02/vhpl224 1340858330
EN bmg_62_8b6902f70206a636 NULL /scratch/zaki/workspace/baobab/roachf_1024_bao/sysgen/synth_model/roachf_1024_bao.vhd sub00/vhpl18 1340858124
EN concat_8f12c32de0 NULL /scratch/zaki/workspace/baobab/roachf_1024_bao/sysgen/synth_model/roachf_1024_bao.vhd sub02/vhpl254 1340858360
EN bmg_62_4780518c6f20c162 NULL /scratch/zaki/workspace/baobab/roachf_1024_bao/sysgen/synth_model/roachf_1024_bao.vhd sub00/vhpl48 1340858154
AR eq_store0_entity_66fb14fa71 structural /scratch/zaki/workspace/baobab/roachf_1024_bao/sysgen/synth_model/roachf_1024_bao.vhd sub03/vhpl399 1340858505
EN delay_din_bram0_entity_e39d1fc4a6 NULL /scratch/zaki/workspace/baobab/roachf_1024_bao/sysgen/synth_model/roachf_1024_bao.vhd sub05/vhpl542 1340858648
AR constant_a1c496ea88 behavior /scratch/zaki/workspace/baobab/roachf_1024_bao/sysgen/synth_model/roachf_1024_bao.vhd sub03/vhpl343 1340858449
AR xlmult behavior /scratch/zaki/workspace/baobab/roachf_1024_bao/sysgen/synth_model/roachf_1024_bao.vhd sub02/vhpl235 1340858341
EN relational_0bd6d8bc7a NULL /scratch/zaki/workspace/baobab/roachf_1024_bao/sysgen/synth_model/roachf_1024_bao.vhd sub02/vhpl262 1340858368
EN reorder1_entity_017a884d17 NULL /scratch/zaki/workspace/baobab/roachf_1024_bao/sysgen/synth_model/roachf_1024_bao.vhd sub05/vhpl562 1340858668
EN transpose_entity_392290f6fe NULL /scratch/zaki/workspace/baobab/roachf_1024_bao/sysgen/synth_model/roachf_1024_bao.vhd sub05/vhpl564 1340858670
AR relational_a4fe5a77f9 behavior /scratch/zaki/workspace/baobab/roachf_1024_bao/sysgen/synth_model/roachf_1024_bao.vhd sub02/vhpl279 1340858385
EN relational_8fc7f5539b NULL /scratch/zaki/workspace/baobab/roachf_1024_bao/sysgen/synth_model/roachf_1024_bao.vhd sub03/vhpl348 1340858454
AR constant_6a1bb6dda6 behavior /scratch/zaki/workspace/baobab/roachf_1024_bao/sysgen/synth_model/roachf_1024_bao.vhd sub03/vhpl303 1340858409
AR logical_e82b2f8c26 behavior /scratch/zaki/workspace/baobab/roachf_1024_bao/sysgen/synth_model/roachf_1024_bao.vhd sub02/vhpl285 1340858391
EN sync_delay_en_entity_85b0139e89 NULL /scratch/zaki/workspace/baobab/roachf_1024_bao/sysgen/synth_model/roachf_1024_bao.vhd sub05/vhpl558 1340858664
EN concat_a1e126f11c NULL /scratch/zaki/workspace/baobab/roachf_1024_bao/sysgen/synth_model/roachf_1024_bao.vhd sub00/vhpl88 1340858194
AR xlspram_dist behavior /scratch/zaki/workspace/baobab/roachf_1024_bao/sysgen/synth_model/roachf_1024_bao.vhd sub03/vhpl341 1340858447
AR reinterpret_6b1adb5d55 behavior /scratch/zaki/workspace/baobab/roachf_1024_bao/sysgen/synth_model/roachf_1024_bao.vhd sub01/vhpl199 1340858305
AR relational_b96ef4c7a7 behavior /scratch/zaki/workspace/baobab/roachf_1024_bao/sysgen/synth_model/roachf_1024_bao.vhd sub01/vhpl179 1340858285
AR logical_e77c53f8bd behavior /scratch/zaki/workspace/baobab/roachf_1024_bao/sysgen/synth_model/roachf_1024_bao.vhd sub02/vhpl281 1340858387
EN reinterpret_6b1adb5d55 NULL /scratch/zaki/workspace/baobab/roachf_1024_bao/sysgen/synth_model/roachf_1024_bao.vhd sub01/vhpl198 1340858304
AR mux_1bef4ba0e4 behavior /scratch/zaki/workspace/baobab/roachf_1024_bao/sysgen/synth_model/roachf_1024_bao.vhd sub01/vhpl175 1340858281
AR mux_52ae77d946 behavior /scratch/zaki/workspace/baobab/roachf_1024_bao/sysgen/synth_model/roachf_1024_bao.vhd sub02/vhpl219 1340858325
AR cntr_11_0_e94528e03054f4e0 cntr_11_0_e94528e03054f4e0_a /scratch/zaki/workspace/baobab/roachf_1024_bao/sysgen/synth_model/roachf_1024_bao.vhd sub00/vhpl01 1340858107
EN relational_237db0f5b9 NULL /scratch/zaki/workspace/baobab/roachf_1024_bao/sysgen/synth_model/roachf_1024_bao.vhd sub03/vhpl360 1340858466
EN quant2_entity_8d0aee881d NULL /scratch/zaki/workspace/baobab/roachf_1024_bao/sysgen/synth_model/roachf_1024_bao.vhd sub04/vhpl406 1340858512
AR relational_1a5580632c behavior /scratch/zaki/workspace/baobab/roachf_1024_bao/sysgen/synth_model/roachf_1024_bao.vhd sub01/vhpl109 1340858215
AR concat_8f12c32de0 behavior /scratch/zaki/workspace/baobab/roachf_1024_bao/sysgen/synth_model/roachf_1024_bao.vhd sub02/vhpl255 1340858361
EN logical_e82b2f8c26 NULL /scratch/zaki/workspace/baobab/roachf_1024_bao/sysgen/synth_model/roachf_1024_bao.vhd sub02/vhpl284 1340858390
EN x10gbetxsnap_entity_0c32b1f23a NULL /scratch/zaki/workspace/baobab/roachf_1024_bao/sysgen/synth_model/roachf_1024_bao.vhd sub05/vhpl526 1340858632
EN delay_e2d047c154 NULL /scratch/zaki/workspace/baobab/roachf_1024_bao/sysgen/synth_model/roachf_1024_bao.vhd sub03/vhpl324 1340858430
AR rx_pkt_fifo_entity_3b8b649db2 structural /scratch/zaki/workspace/baobab/roachf_1024_bao/sysgen/synth_model/roachf_1024_bao.vhd sub05/vhpl507 1340858613
AR relational_bf28cbdb81 behavior /scratch/zaki/workspace/baobab/roachf_1024_bao/sysgen/synth_model/roachf_1024_bao.vhd sub03/vhpl359 1340858465
EN relational_ecc398b3c4 NULL /scratch/zaki/workspace/baobab/roachf_1024_bao/sysgen/synth_model/roachf_1024_bao.vhd sub01/vhpl138 1340858244
EN synth_reg_reg NULL /scratch/zaki/workspace/baobab/roachf_1024_bao/sysgen/synth_model/roachf_1024_bao.vhd sub00/vhpl72 1340858178
AR transpose_entity_392290f6fe structural /scratch/zaki/workspace/baobab/roachf_1024_bao/sysgen/synth_model/roachf_1024_bao.vhd sub05/vhpl565 1340858671
AR synth_reg_reg behav /scratch/zaki/workspace/baobab/roachf_1024_bao/sysgen/synth_model/roachf_1024_bao.vhd sub00/vhpl73 1340858179
AR roachf_1024_bao_cw structural /scratch/zaki/workspace/baobab/roachf_1024_bao/sysgen/synth_model/roachf_1024_bao_cw.vhd sub05/vhpl573 1340858679
AR concat_6f0047a4a5 behavior /scratch/zaki/workspace/baobab/roachf_1024_bao/sysgen/synth_model/roachf_1024_bao.vhd sub03/vhpl311 1340858417
EN reinterpret_9a13f6a2a0 NULL /scratch/zaki/workspace/baobab/roachf_1024_bao/sysgen/synth_model/roachf_1024_bao.vhd sub03/vhpl312 1340858418
EN concat_83e473517e NULL /scratch/zaki/workspace/baobab/roachf_1024_bao/sysgen/synth_model/roachf_1024_bao.vhd sub00/vhpl82 1340858188
EN lsb_entity_efdbd85c26 NULL /scratch/zaki/workspace/baobab/roachf_1024_bao/sysgen/synth_model/roachf_1024_bao.vhd sub04/vhpl462 1340858568
AR mcnt_entity_b302e6a25d structural /scratch/zaki/workspace/baobab/roachf_1024_bao/sysgen/synth_model/roachf_1024_bao.vhd sub04/vhpl465 1340858571
EN bmg_62_45150160fbf326f2 NULL /scratch/zaki/workspace/baobab/roachf_1024_bao/sysgen/synth_model/roachf_1024_bao.vhd sub00/vhpl38 1340858144
AR sync_delay_entity_2197b989b8 structural /scratch/zaki/workspace/baobab/roachf_1024_bao/sysgen/synth_model/roachf_1024_bao.vhd sub05/vhpl549 1340858655
EN constant_3ee5f91fcf NULL /scratch/zaki/workspace/baobab/roachf_1024_bao/sysgen/synth_model/roachf_1024_bao.vhd sub01/vhpl116 1340858222
AR cntr_11_0_75f1adc66a6c6121 cntr_11_0_75f1adc66a6c6121_a /scratch/zaki/workspace/baobab/roachf_1024_bao/sysgen/synth_model/roachf_1024_bao.vhd sub00/vhpl21 1340858127
EN delay_54d5af2115 NULL /scratch/zaki/workspace/baobab/roachf_1024_bao/sysgen/synth_model/roachf_1024_bao.vhd sub03/vhpl328 1340858434
AR delay_e4b9fcaf02 behavior /scratch/zaki/workspace/baobab/roachf_1024_bao/sysgen/synth_model/roachf_1024_bao.vhd sub01/vhpl143 1340858249
EN input_mux_entity_0d9ee34ec0 NULL /scratch/zaki/workspace/baobab/roachf_1024_bao/sysgen/synth_model/roachf_1024_bao.vhd sub04/vhpl472 1340858578
EN reinterpret_86b044698f NULL /scratch/zaki/workspace/baobab/roachf_1024_bao/sysgen/synth_model/roachf_1024_bao.vhd sub03/vhpl332 1340858438
AR dmg_62_0a86efc0bb6fa1ec dmg_62_0a86efc0bb6fa1ec_a /scratch/zaki/workspace/baobab/roachf_1024_bao/sysgen/synth_model/roachf_1024_bao.vhd sub00/vhpl51 1340858157
AR bootstrap_entity_f4ae31524b structural /scratch/zaki/workspace/baobab/roachf_1024_bao/sysgen/synth_model/roachf_1024_bao.vhd sub04/vhpl439 1340858545
AR constant_822933f89b behavior /scratch/zaki/workspace/baobab/roachf_1024_bao/sysgen/synth_model/roachf_1024_bao.vhd sub03/vhpl345 1340858451
EN relational_d36fe12c1c NULL /scratch/zaki/workspace/baobab/roachf_1024_bao/sysgen/synth_model/roachf_1024_bao.vhd sub02/vhpl286 1340858392
AR cntr_11_0_56cea93c32f2afe9 cntr_11_0_56cea93c32f2afe9_a /scratch/zaki/workspace/baobab/roachf_1024_bao/sysgen/synth_model/roachf_1024_bao.vhd sub00/vhpl63 1340858169
AR ip_generator_entity_03b2fa9a07 structural /scratch/zaki/workspace/baobab/roachf_1024_bao/sysgen/synth_model/roachf_1024_bao.vhd sub05/vhpl531 1340858637
EN default_clock_driver NULL /scratch/zaki/workspace/baobab/roachf_1024_bao/sysgen/synth_model/roachf_1024_bao_cw.vhd sub05/vhpl570 1340858676
AR xlslice behavior /scratch/zaki/workspace/baobab/roachf_1024_bao/sysgen/synth_model/roachf_1024_bao.vhd sub00/vhpl81 1340858187
AR cntr_11_0_2b657e2d1d4c21af cntr_11_0_2b657e2d1d4c21af_a /scratch/zaki/workspace/baobab/roachf_1024_bao/sysgen/synth_model/roachf_1024_bao.vhd sub00/vhpl47 1340858153
EN sincos_entity_8be6732481 NULL /scratch/zaki/workspace/baobab/roachf_1024_bao/sysgen/synth_model/roachf_1024_bao.vhd sub04/vhpl448 1340858554
EN eq_store0_entity_66fb14fa71 NULL /scratch/zaki/workspace/baobab/roachf_1024_bao/sysgen/synth_model/roachf_1024_bao.vhd sub03/vhpl398 1340858504
EN constant_efdc042771 NULL /scratch/zaki/workspace/baobab/roachf_1024_bao/sysgen/synth_model/roachf_1024_bao.vhd sub01/vhpl166 1340858272
EN relational_47b317dab6 NULL /scratch/zaki/workspace/baobab/roachf_1024_bao/sysgen/synth_model/roachf_1024_bao.vhd sub03/vhpl350 1340858456
AR cntr_11_0_0c416b7970c344c3 cntr_11_0_0c416b7970c344c3_a /scratch/zaki/workspace/baobab/roachf_1024_bao/sysgen/synth_model/roachf_1024_bao.vhd sub00/vhpl65 1340858171
EN constant_f8d41441cb NULL /scratch/zaki/workspace/baobab/roachf_1024_bao/sysgen/synth_model/roachf_1024_bao.vhd sub02/vhpl206 1340858312
AR constant_b713aad2a7 behavior /scratch/zaki/workspace/baobab/roachf_1024_bao/sysgen/synth_model/roachf_1024_bao.vhd sub01/vhpl161 1340858267
EN synth_reg NULL /scratch/zaki/workspace/baobab/roachf_1024_bao/sysgen/synth_model/roachf_1024_bao.vhd sub00/vhpl70 1340858176
AR tt800_uprng_entity_f26ddee7e7 structural /scratch/zaki/workspace/baobab/roachf_1024_bao/sysgen/synth_model/roachf_1024_bao.vhd sub04/vhpl447 1340858553
EN constant_498bc68c14 NULL /scratch/zaki/workspace/baobab/roachf_1024_bao/sysgen/synth_model/roachf_1024_bao.vhd sub03/vhpl370 1340858476
EN srl17e NULL /scratch/zaki/workspace/baobab/roachf_1024_bao/sysgen/synth_model/roachf_1024_bao.vhd sub00/vhpl68 1340858174
AR reinterpret_d9988e3d87 behavior /scratch/zaki/workspace/baobab/roachf_1024_bao/sysgen/synth_model/roachf_1024_bao.vhd sub02/vhpl237 1340858343
EN lfsr_f82dbd1991 NULL /scratch/zaki/workspace/baobab/roachf_1024_bao/sysgen/synth_model/roachf_1024_bao.vhd sub02/vhpl230 1340858336
EN tt800_engine_entity_2098f6d430 NULL /scratch/zaki/workspace/baobab/roachf_1024_bao/sysgen/synth_model/roachf_1024_bao.vhd sub04/vhpl436 1340858542
AR reinterpret_9a0fa0f632 behavior /scratch/zaki/workspace/baobab/roachf_1024_bao/sysgen/synth_model/roachf_1024_bao.vhd sub01/vhpl135 1340858241
EN gbe2_entity_04f1430afd NULL /scratch/zaki/workspace/baobab/roachf_1024_bao/sysgen/synth_model/roachf_1024_bao.vhd sub04/vhpl460 1340858566
AR input_entity_419054c073 structural /scratch/zaki/workspace/baobab/roachf_1024_bao/sysgen/synth_model/roachf_1024_bao.vhd sub04/vhpl469 1340858575
EN bitbasher_a85d9bdfd2 NULL /scratch/zaki/workspace/baobab/roachf_1024_bao/sysgen/synth_model/roachf_1024_bao.vhd sub02/vhpl242 1340858348
AR xladdrsr behavior /scratch/zaki/workspace/baobab/roachf_1024_bao/sysgen/synth_model/roachf_1024_bao.vhd sub02/vhpl251 1340858357
EN concat_09e13b86e0 NULL /scratch/zaki/workspace/baobab/roachf_1024_bao/sysgen/synth_model/roachf_1024_bao.vhd sub02/vhpl264 1340858370
EN bootstrap_entity_f4ae31524b NULL /scratch/zaki/workspace/baobab/roachf_1024_bao/sysgen/synth_model/roachf_1024_bao.vhd sub04/vhpl438 1340858544
EN mult_11_2_d745d7ddd0aa234d NULL /scratch/zaki/workspace/baobab/roachf_1024_bao/sysgen/synth_model/roachf_1024_bao.vhd sub00/vhpl58 1340858164
AR relational_0bd6d8bc7a behavior /scratch/zaki/workspace/baobab/roachf_1024_bao/sysgen/synth_model/roachf_1024_bao.vhd sub02/vhpl263 1340858369
AR reinterpret_d51df7ac30 behavior /scratch/zaki/workspace/baobab/roachf_1024_bao/sysgen/synth_model/roachf_1024_bao.vhd sub00/vhpl91 1340858197
AR posedge_entity_21f484bc47 structural /scratch/zaki/workspace/baobab/roachf_1024_bao/sysgen/synth_model/roachf_1024_bao.vhd sub04/vhpl415 1340858521
AR constant_37567836aa behavior /scratch/zaki/workspace/baobab/roachf_1024_bao/sysgen/synth_model/roachf_1024_bao.vhd sub02/vhpl215 1340858321
AR concat_83e473517e behavior /scratch/zaki/workspace/baobab/roachf_1024_bao/sysgen/synth_model/roachf_1024_bao.vhd sub00/vhpl83 1340858189
AR delay_672d2b8d1e behavior /scratch/zaki/workspace/baobab/roachf_1024_bao/sysgen/synth_model/roachf_1024_bao.vhd sub00/vhpl79 1340858185
EN xlspram_dist NULL /scratch/zaki/workspace/baobab/roachf_1024_bao/sysgen/synth_model/roachf_1024_bao.vhd sub03/vhpl340 1340858446
EN bmg_62_73edef83fb7839d9 NULL /scratch/zaki/workspace/baobab/roachf_1024_bao/sysgen/synth_model/roachf_1024_bao.vhd sub00/vhpl24 1340858130
AR qdr_entity_37f034c09d structural /scratch/zaki/workspace/baobab/roachf_1024_bao/sysgen/synth_model/roachf_1024_bao.vhd sub05/vhpl553 1340858659
EN reinterpret_df53fd8fe7 NULL /scratch/zaki/workspace/baobab/roachf_1024_bao/sysgen/synth_model/roachf_1024_bao.vhd sub01/vhpl136 1340858242
AR cntr_11_0_9d1193ca144fd60c cntr_11_0_9d1193ca144fd60c_a /scratch/zaki/workspace/baobab/roachf_1024_bao/sysgen/synth_model/roachf_1024_bao.vhd sub00/vhpl37 1340858143
EN relational_80f62ac01d NULL /scratch/zaki/workspace/baobab/roachf_1024_bao/sysgen/synth_model/roachf_1024_bao.vhd sub01/vhpl176 1340858282
AR quant3_entity_26d02fdb0a structural /scratch/zaki/workspace/baobab/roachf_1024_bao/sysgen/synth_model/roachf_1024_bao.vhd sub04/vhpl409 1340858515
AR delay_9f02caa990 behavior /scratch/zaki/workspace/baobab/roachf_1024_bao/sysgen/synth_model/roachf_1024_bao.vhd sub00/vhpl93 1340858199
EN constant_a533fa908a NULL /scratch/zaki/workspace/baobab/roachf_1024_bao/sysgen/synth_model/roachf_1024_bao.vhd sub01/vhpl170 1340858276
AR gpu_entity_053cfe3f50 structural /scratch/zaki/workspace/baobab/roachf_1024_bao/sysgen/synth_model/roachf_1024_bao.vhd sub04/vhpl467 1340858573
AR xlspram behavior /scratch/zaki/workspace/baobab/roachf_1024_bao/sysgen/synth_model/roachf_1024_bao.vhd sub03/vhpl381 1340858487
EN reinterpret_9a0fa0f632 NULL /scratch/zaki/workspace/baobab/roachf_1024_bao/sysgen/synth_model/roachf_1024_bao.vhd sub01/vhpl134 1340858240
EN delay15_entity_bf4f957bed NULL /scratch/zaki/workspace/baobab/roachf_1024_bao/sysgen/synth_model/roachf_1024_bao.vhd sub04/vhpl476 1340858582
AR cntr_11_0_38c9cb0851a20d91 cntr_11_0_38c9cb0851a20d91_a /scratch/zaki/workspace/baobab/roachf_1024_bao/sysgen/synth_model/roachf_1024_bao.vhd sub00/vhpl57 1340858163
EN concat_1d98d96b58 NULL /scratch/zaki/workspace/baobab/roachf_1024_bao/sysgen/synth_model/roachf_1024_bao.vhd sub03/vhpl306 1340858412
EN gpu_entity_053cfe3f50 NULL /scratch/zaki/workspace/baobab/roachf_1024_bao/sysgen/synth_model/roachf_1024_bao.vhd sub04/vhpl466 1340858572
EN rx_pkt_fifo_entity_3b8b649db2 NULL /scratch/zaki/workspace/baobab/roachf_1024_bao/sysgen/synth_model/roachf_1024_bao.vhd sub05/vhpl506 1340858612
AR single_reg_w_init structural /scratch/zaki/workspace/baobab/roachf_1024_bao/sysgen/synth_model/roachf_1024_bao.vhd sub00/vhpl75 1340858181
AR addsub_c13097e33e behavior /scratch/zaki/workspace/baobab/roachf_1024_bao/sysgen/synth_model/roachf_1024_bao.vhd sub03/vhpl305 1340858411
EN constant_963ed6358a NULL /scratch/zaki/workspace/baobab/roachf_1024_bao/sysgen/synth_model/roachf_1024_bao.vhd sub01/vhpl100 1340858206
EN mux_c7fc178374 NULL /scratch/zaki/workspace/baobab/roachf_1024_bao/sysgen/synth_model/roachf_1024_bao.vhd sub02/vhpl252 1340858358
AR sincos_entity_8be6732481 structural /scratch/zaki/workspace/baobab/roachf_1024_bao/sysgen/synth_model/roachf_1024_bao.vhd sub04/vhpl449 1340858555
EN concat_1a070f1f35 NULL /scratch/zaki/workspace/baobab/roachf_1024_bao/sysgen/synth_model/roachf_1024_bao.vhd sub01/vhpl112 1340858218
EN seed_entity_ed487ed0f0 NULL /scratch/zaki/workspace/baobab/roachf_1024_bao/sysgen/synth_model/roachf_1024_bao.vhd sub05/vhpl514 1340858620
EN relational_b96ef4c7a7 NULL /scratch/zaki/workspace/baobab/roachf_1024_bao/sysgen/synth_model/roachf_1024_bao.vhd sub01/vhpl178 1340858284
EN reorder_entity_426b6f55ca NULL /scratch/zaki/workspace/baobab/roachf_1024_bao/sysgen/synth_model/roachf_1024_bao.vhd sub05/vhpl554 1340858660
AR delay22_entity_131dd68804 structural /scratch/zaki/workspace/baobab/roachf_1024_bao/sysgen/synth_model/roachf_1024_bao.vhd sub04/vhpl483 1340858589
EN qdr_entity_46e41fe4d7 NULL /scratch/zaki/workspace/baobab/roachf_1024_bao/sysgen/synth_model/roachf_1024_bao.vhd sub05/vhpl540 1340858646
AR mux_86a34309e7 behavior /scratch/zaki/workspace/baobab/roachf_1024_bao/sysgen/synth_model/roachf_1024_bao.vhd sub02/vhpl221 1340858327
EN mcnt_entity_b302e6a25d NULL /scratch/zaki/workspace/baobab/roachf_1024_bao/sysgen/synth_model/roachf_1024_bao.vhd sub04/vhpl464 1340858570
EN delay_entity_d3ad252e0c NULL /scratch/zaki/workspace/baobab/roachf_1024_bao/sysgen/synth_model/roachf_1024_bao.vhd sub04/vhpl458 1340858564
AR seed_entity_ed487ed0f0 structural /scratch/zaki/workspace/baobab/roachf_1024_bao/sysgen/synth_model/roachf_1024_bao.vhd sub05/vhpl515 1340858621
AR sync_delay_en_entity_85b0139e89 structural /scratch/zaki/workspace/baobab/roachf_1024_bao/sysgen/synth_model/roachf_1024_bao.vhd sub05/vhpl559 1340858665
AR noise0_entity_e51b957e94 structural /scratch/zaki/workspace/baobab/roachf_1024_bao/sysgen/synth_model/roachf_1024_bao.vhd sub04/vhpl455 1340858561
AR mux_d99e59b6d4 behavior /scratch/zaki/workspace/baobab/roachf_1024_bao/sysgen/synth_model/roachf_1024_bao.vhd sub02/vhpl269 1340858375
EN constant_8dd5e0b380 NULL /scratch/zaki/workspace/baobab/roachf_1024_bao/sysgen/synth_model/roachf_1024_bao.vhd sub03/vhpl354 1340858460
EN relational_6ee59656d1 NULL /scratch/zaki/workspace/baobab/roachf_1024_bao/sysgen/synth_model/roachf_1024_bao.vhd sub01/vhpl186 1340858292
EN sync_delay_entity_05a8db3bf6 NULL /scratch/zaki/workspace/baobab/roachf_1024_bao/sysgen/synth_model/roachf_1024_bao.vhd sub04/vhpl426 1340858532
EN roachf_1024_bao_cw NULL /scratch/zaki/workspace/baobab/roachf_1024_bao/sysgen/synth_model/roachf_1024_bao_cw.vhd sub05/vhpl572 1340858678
EN xlcounter_limit NULL /scratch/zaki/workspace/baobab/roachf_1024_bao/sysgen/synth_model/roachf_1024_bao.vhd sub03/vhpl338 1340858444
EN constant_faaf314423 NULL /scratch/zaki/workspace/baobab/roachf_1024_bao/sysgen/synth_model/roachf_1024_bao.vhd sub02/vhpl274 1340858380
EN convert_func_call NULL /scratch/zaki/workspace/baobab/roachf_1024_bao/sysgen/synth_model/roachf_1024_bao.vhd sub01/vhpl124 1340858230
AR reinterpret_f21e7f2ddf behavior /scratch/zaki/workspace/baobab/roachf_1024_bao/sysgen/synth_model/roachf_1024_bao.vhd sub03/vhpl317 1340858423
EN inverter_251f82b86b NULL /scratch/zaki/workspace/baobab/roachf_1024_bao/sysgen/synth_model/roachf_1024_bao.vhd sub01/vhpl180 1340858286
AR lfsr_f82dbd1991 behavior /scratch/zaki/workspace/baobab/roachf_1024_bao/sysgen/synth_model/roachf_1024_bao.vhd sub02/vhpl231 1340858337
EN constant_a629aefb53 NULL /scratch/zaki/workspace/baobab/roachf_1024_bao/sysgen/synth_model/roachf_1024_bao.vhd sub01/vhpl122 1340858228
EN quant1_entity_29594371c6 NULL /scratch/zaki/workspace/baobab/roachf_1024_bao/sysgen/synth_model/roachf_1024_bao.vhd sub04/vhpl404 1340858510
EN logical_a6d07705dd NULL /scratch/zaki/workspace/baobab/roachf_1024_bao/sysgen/synth_model/roachf_1024_bao.vhd sub00/vhpl94 1340858200
AR constant_469094441c behavior /scratch/zaki/workspace/baobab/roachf_1024_bao/sysgen/synth_model/roachf_1024_bao.vhd sub03/vhpl347 1340858453
AR addr_entity_8e2907ad88 structural /scratch/zaki/workspace/baobab/roachf_1024_bao/sysgen/synth_model/roachf_1024_bao.vhd sub05/vhpl519 1340858625
AR x_entity_5fb5868062 structural /scratch/zaki/workspace/baobab/roachf_1024_bao/sysgen/synth_model/roachf_1024_bao.vhd sub03/vhpl387 1340858493
AR logical_127a315f20 behavior /scratch/zaki/workspace/baobab/roachf_1024_bao/sysgen/synth_model/roachf_1024_bao.vhd sub01/vhpl129 1340858235
EN qdr_reorder1_entity_727a2c9079 NULL /scratch/zaki/workspace/baobab/roachf_1024_bao/sysgen/synth_model/roachf_1024_bao.vhd sub05/vhpl556 1340858662
AR loopback_mux_entity_c2598f182e structural /scratch/zaki/workspace/baobab/roachf_1024_bao/sysgen/synth_model/roachf_1024_bao.vhd sub04/vhpl491 1340858597
AR constant_0c7d8005f2 behavior /scratch/zaki/workspace/baobab/roachf_1024_bao/sysgen/synth_model/roachf_1024_bao.vhd sub02/vhpl259 1340858365
AR srl17e structural /scratch/zaki/workspace/baobab/roachf_1024_bao/sysgen/synth_model/roachf_1024_bao.vhd sub00/vhpl69 1340858175
AR break_and_reset_entity_b8007708e2 structural /scratch/zaki/workspace/baobab/roachf_1024_bao/sysgen/synth_model/roachf_1024_bao.vhd sub04/vhpl493 1340858599
AR constant_3ee5f91fcf behavior /scratch/zaki/workspace/baobab/roachf_1024_bao/sysgen/synth_model/roachf_1024_bao.vhd sub01/vhpl117 1340858223
AR cntr_11_0_92cf1c8e61537910 cntr_11_0_92cf1c8e61537910_a /scratch/zaki/workspace/baobab/roachf_1024_bao/sysgen/synth_model/roachf_1024_bao.vhd sub00/vhpl43 1340858149
EN xlcounter_free NULL /scratch/zaki/workspace/baobab/roachf_1024_bao/sysgen/synth_model/roachf_1024_bao.vhd sub01/vhpl102 1340858208
AR xlpassthrough passthrough_arch /scratch/zaki/workspace/baobab/roachf_1024_bao/sysgen/synth_model/roachf_1024_bao.vhd sub00/vhpl97 1340858203
EN wgns_entity_141b1491ee NULL /scratch/zaki/workspace/baobab/roachf_1024_bao/sysgen/synth_model/roachf_1024_bao.vhd sub04/vhpl456 1340858562
AR tt800_engine_entity_2098f6d430 structural /scratch/zaki/workspace/baobab/roachf_1024_bao/sysgen/synth_model/roachf_1024_bao.vhd sub04/vhpl437 1340858543
AR bram_lsb_entity_5338a180ab structural /scratch/zaki/workspace/baobab/roachf_1024_bao/sysgen/synth_model/roachf_1024_bao.vhd sub05/vhpl523 1340858629
AR lsb_entity_efdbd85c26 structural /scratch/zaki/workspace/baobab/roachf_1024_bao/sysgen/synth_model/roachf_1024_bao.vhd sub04/vhpl463 1340858569
AR rollback_fifo_entity_6ec568e1ad structural /scratch/zaki/workspace/baobab/roachf_1024_bao/sysgen/synth_model/roachf_1024_bao.vhd sub05/vhpl501 1340858607
AR delay5_entity_65262209bb structural /scratch/zaki/workspace/baobab/roachf_1024_bao/sysgen/synth_model/roachf_1024_bao.vhd sub05/vhpl539 1340858645
EN constant_79cd191324 NULL /scratch/zaki/workspace/baobab/roachf_1024_bao/sysgen/synth_model/roachf_1024_bao.vhd sub02/vhpl222 1340858328
EN constant_7ea0f2fff7 NULL /scratch/zaki/workspace/baobab/roachf_1024_bao/sysgen/synth_model/roachf_1024_bao.vhd sub02/vhpl272 1340858378
AR delay_cf4f99539f behavior /scratch/zaki/workspace/baobab/roachf_1024_bao/sysgen/synth_model/roachf_1024_bao.vhd sub01/vhpl105 1340858211
EN xlmult NULL /scratch/zaki/workspace/baobab/roachf_1024_bao/sysgen/synth_model/roachf_1024_bao.vhd sub02/vhpl234 1340858340
AR delay_d8eaaced1c behavior /scratch/zaki/workspace/baobab/roachf_1024_bao/sysgen/synth_model/roachf_1024_bao.vhd sub03/vhpl327 1340858433
AR constant_3a5e4c2c66 behavior /scratch/zaki/workspace/baobab/roachf_1024_bao/sysgen/synth_model/roachf_1024_bao.vhd sub03/vhpl353 1340858459
AR output_entity_96ea4ae0c6 structural /scratch/zaki/workspace/baobab/roachf_1024_bao/sysgen/synth_model/roachf_1024_bao.vhd sub04/vhpl435 1340858541
AR concat_31382efd95 behavior /scratch/zaki/workspace/baobab/roachf_1024_bao/sysgen/synth_model/roachf_1024_bao.vhd sub03/vhpl301 1340858407
AR constant_6293007044 behavior /scratch/zaki/workspace/baobab/roachf_1024_bao/sysgen/synth_model/roachf_1024_bao.vhd sub01/vhpl173 1340858279
AR delay_din_bram0_entity_e39d1fc4a6 structural /scratch/zaki/workspace/baobab/roachf_1024_bao/sysgen/synth_model/roachf_1024_bao.vhd sub05/vhpl543 1340858649
AR relational_d36fe12c1c behavior /scratch/zaki/workspace/baobab/roachf_1024_bao/sysgen/synth_model/roachf_1024_bao.vhd sub02/vhpl287 1340858393
EN packetiser1_entity_8e5e7ec95a NULL /scratch/zaki/workspace/baobab/roachf_1024_bao/sysgen/synth_model/roachf_1024_bao.vhd sub05/vhpl534 1340858640
EN cntr_11_0_511daee48ac62764 NULL /scratch/zaki/workspace/baobab/roachf_1024_bao/sysgen/synth_model/roachf_1024_bao.vhd sub00/vhpl10 1340858116
AR dmg_62_29a7fd57730c35e5 dmg_62_29a7fd57730c35e5_a /scratch/zaki/workspace/baobab/roachf_1024_bao/sysgen/synth_model/roachf_1024_bao.vhd sub00/vhpl31 1340858137
EN delay5_entity_65262209bb NULL /scratch/zaki/workspace/baobab/roachf_1024_bao/sysgen/synth_model/roachf_1024_bao.vhd sub05/vhpl538 1340858644
EN armed_trigger_entity_ba55ceb7d8 NULL /scratch/zaki/workspace/baobab/roachf_1024_bao/sysgen/synth_model/roachf_1024_bao.vhd sub05/vhpl512 1340858618
AR logical_f1acd27428 behavior /scratch/zaki/workspace/baobab/roachf_1024_bao/sysgen/synth_model/roachf_1024_bao.vhd sub02/vhpl217 1340858323
EN constant_0c7d8005f2 NULL /scratch/zaki/workspace/baobab/roachf_1024_bao/sysgen/synth_model/roachf_1024_bao.vhd sub02/vhpl258 1340858364
EN ip_generator_entity_03b2fa9a07 NULL /scratch/zaki/workspace/baobab/roachf_1024_bao/sysgen/synth_model/roachf_1024_bao.vhd sub05/vhpl530 1340858636
AR edge1_entity_213f3f63ba structural /scratch/zaki/workspace/baobab/roachf_1024_bao/sysgen/synth_model/roachf_1024_bao.vhd sub05/vhpl533 1340858639
AR qdr_reorder_entity_1330d48ff5 structural /scratch/zaki/workspace/baobab/roachf_1024_bao/sysgen/synth_model/roachf_1024_bao.vhd sub05/vhpl551 1340858657
EN bmg_62_a60cf5549354b619 NULL /scratch/zaki/workspace/baobab/roachf_1024_bao/sysgen/synth_model/roachf_1024_bao.vhd sub00/vhpl14 1340858120
EN constant_61c6ce8811 NULL /scratch/zaki/workspace/baobab/roachf_1024_bao/sysgen/synth_model/roachf_1024_bao.vhd sub01/vhpl184 1340858290
AR relational_6dfa374756 behavior /scratch/zaki/workspace/baobab/roachf_1024_bao/sysgen/synth_model/roachf_1024_bao.vhd sub02/vhpl289 1340858395
AR mux_4fe5face7f behavior /scratch/zaki/workspace/baobab/roachf_1024_bao/sysgen/synth_model/roachf_1024_bao.vhd sub03/vhpl309 1340858415
AR reinterpret_9306b5127f behavior /scratch/zaki/workspace/baobab/roachf_1024_bao/sysgen/synth_model/roachf_1024_bao.vhd sub01/vhpl107 1340858213
EN tt800_seed_gen_entity_d212a92f8e NULL /scratch/zaki/workspace/baobab/roachf_1024_bao/sysgen/synth_model/roachf_1024_bao.vhd sub04/vhpl444 1340858550
EN mux_c77e20fa3c NULL /scratch/zaki/workspace/baobab/roachf_1024_bao/sysgen/synth_model/roachf_1024_bao.vhd sub03/vhpl378 1340858484
EN cntr_11_0_92cf1c8e61537910 NULL /scratch/zaki/workspace/baobab/roachf_1024_bao/sysgen/synth_model/roachf_1024_bao.vhd sub00/vhpl42 1340858148
EN relational_a4fe5a77f9 NULL /scratch/zaki/workspace/baobab/roachf_1024_bao/sysgen/synth_model/roachf_1024_bao.vhd sub02/vhpl278 1340858384
AR set_cnt_entity_0e6bd3622d structural /scratch/zaki/workspace/baobab/roachf_1024_bao/sysgen/synth_model/roachf_1024_bao.vhd sub04/vhpl499 1340858605
EN break_and_reset_entity_b8007708e2 NULL /scratch/zaki/workspace/baobab/roachf_1024_bao/sysgen/synth_model/roachf_1024_bao.vhd sub04/vhpl492 1340858598
EN bmg_62_bd93aafb66935d25 NULL /scratch/zaki/workspace/baobab/roachf_1024_bao/sysgen/synth_model/roachf_1024_bao.vhd sub00/vhpl34 1340858140
EN mux_66e06093b2 NULL /scratch/zaki/workspace/baobab/roachf_1024_bao/sysgen/synth_model/roachf_1024_bao.vhd sub02/vhpl266 1340858372
AR edge_detect_entity_61764bf456 structural /scratch/zaki/workspace/baobab/roachf_1024_bao/sysgen/synth_model/roachf_1024_bao.vhd sub05/vhpl511 1340858617
EN relational_502d6cf7c0 NULL /scratch/zaki/workspace/baobab/roachf_1024_bao/sysgen/synth_model/roachf_1024_bao.vhd sub01/vhpl162 1340858268
EN loopback_fifo_pkt_count_entity_1b2606d2ca NULL /scratch/zaki/workspace/baobab/roachf_1024_bao/sysgen/synth_model/roachf_1024_bao.vhd sub04/vhpl496 1340858602
AR relational_47932db5b1 behavior /scratch/zaki/workspace/baobab/roachf_1024_bao/sysgen/synth_model/roachf_1024_bao.vhd sub02/vhpl277 1340858383
AR calc_add_entity_55831640b4 structural /scratch/zaki/workspace/baobab/roachf_1024_bao/sysgen/synth_model/roachf_1024_bao.vhd sub05/vhpl521 1340858627
EN delay_e18fb31a3d NULL /scratch/zaki/workspace/baobab/roachf_1024_bao/sysgen/synth_model/roachf_1024_bao.vhd sub02/vhpl246 1340858352
AR bitbasher_6b8a394067 behavior /scratch/zaki/workspace/baobab/roachf_1024_bao/sysgen/synth_model/roachf_1024_bao.vhd sub03/vhpl385 1340858491
EN reorder_entity_1809c99170 NULL /scratch/zaki/workspace/baobab/roachf_1024_bao/sysgen/synth_model/roachf_1024_bao.vhd sub05/vhpl560 1340858666
EN relational_f6702ea2f7 NULL /scratch/zaki/workspace/baobab/roachf_1024_bao/sysgen/synth_model/roachf_1024_bao.vhd sub03/vhpl376 1340858482
EN relational_1661032f65 NULL /scratch/zaki/workspace/baobab/roachf_1024_bao/sysgen/synth_model/roachf_1024_bao.vhd sub01/vhpl140 1340858246
AR delay_e2d047c154 behavior /scratch/zaki/workspace/baobab/roachf_1024_bao/sysgen/synth_model/roachf_1024_bao.vhd sub03/vhpl325 1340858431
EN cntr_11_0_b9730cea34623a8b NULL /scratch/zaki/workspace/baobab/roachf_1024_bao/sysgen/synth_model/roachf_1024_bao.vhd sub00/vhpl32 1340858138
EN bmg_62_61722a40b5652b33 NULL /scratch/zaki/workspace/baobab/roachf_1024_bao/sysgen/synth_model/roachf_1024_bao.vhd sub00/vhpl54 1340858160
EN cntr_11_0_0c416b7970c344c3 NULL /scratch/zaki/workspace/baobab/roachf_1024_bao/sysgen/synth_model/roachf_1024_bao.vhd sub00/vhpl64 1340858170
AR switch_entity_e19760fbab structural /scratch/zaki/workspace/baobab/roachf_1024_bao/sysgen/synth_model/roachf_1024_bao.vhd sub05/vhpl537 1340858643
AR relational_47b317dab6 behavior /scratch/zaki/workspace/baobab/roachf_1024_bao/sysgen/synth_model/roachf_1024_bao.vhd sub03/vhpl351 1340858457
EN inverter_e2b989a05e NULL /scratch/zaki/workspace/baobab/roachf_1024_bao/sysgen/synth_model/roachf_1024_bao.vhd sub00/vhpl84 1340858190
EN xladdrsr NULL /scratch/zaki/workspace/baobab/roachf_1024_bao/sysgen/synth_model/roachf_1024_bao.vhd sub02/vhpl250 1340858356
AR bmg_62_a60cf5549354b619 bmg_62_a60cf5549354b619_a /scratch/zaki/workspace/baobab/roachf_1024_bao/sysgen/synth_model/roachf_1024_bao.vhd sub00/vhpl15 1340858121
EN delay_920dce5cac NULL /scratch/zaki/workspace/baobab/roachf_1024_bao/sysgen/synth_model/roachf_1024_bao.vhd sub02/vhpl240 1340858346
EN adc1_entity_1286a9963a NULL /scratch/zaki/workspace/baobab/roachf_1024_bao/sysgen/synth_model/roachf_1024_bao.vhd sub03/vhpl392 1340858498
AR relational_1661032f65 behavior /scratch/zaki/workspace/baobab/roachf_1024_bao/sysgen/synth_model/roachf_1024_bao.vhd sub01/vhpl141 1340858247
EN mux_66eab071c1 NULL /scratch/zaki/workspace/baobab/roachf_1024_bao/sysgen/synth_model/roachf_1024_bao.vhd sub03/vhpl366 1340858472
AR concat_39a9232e16 behavior /scratch/zaki/workspace/baobab/roachf_1024_bao/sysgen/synth_model/roachf_1024_bao.vhd sub02/vhpl291 1340858397
EN adc_entity_bb24f9e134 NULL /scratch/zaki/workspace/baobab/roachf_1024_bao/sysgen/synth_model/roachf_1024_bao.vhd sub03/vhpl390 1340858496
AR expr_c255d1cf74 behavior /scratch/zaki/workspace/baobab/roachf_1024_bao/sysgen/synth_model/roachf_1024_bao.vhd sub02/vhpl227 1340858333
AR logical_9d76333483 behavior /scratch/zaki/workspace/baobab/roachf_1024_bao/sysgen/synth_model/roachf_1024_bao.vhd sub02/vhpl201 1340858307
EN relational_bf28cbdb81 NULL /scratch/zaki/workspace/baobab/roachf_1024_bao/sysgen/synth_model/roachf_1024_bao.vhd sub03/vhpl358 1340858464
PH conv_pkg NULL /scratch/zaki/workspace/baobab/roachf_1024_bao/sysgen/synth_model/roachf_1024_bao.vhd sub00/vhpl66 1340858172
EN inverter_e5b38cca3b NULL /scratch/zaki/workspace/baobab/roachf_1024_bao/sysgen/synth_model/roachf_1024_bao.vhd sub01/vhpl152 1340858258
EN constant_3d1b04c74c NULL /scratch/zaki/workspace/baobab/roachf_1024_bao/sysgen/synth_model/roachf_1024_bao.vhd sub01/vhpl118 1340858224
EN posedge_entity_21f484bc47 NULL /scratch/zaki/workspace/baobab/roachf_1024_bao/sysgen/synth_model/roachf_1024_bao.vhd sub04/vhpl414 1340858520
AR delay14_entity_5fd1606dd3 structural /scratch/zaki/workspace/baobab/roachf_1024_bao/sysgen/synth_model/roachf_1024_bao.vhd sub04/vhpl475 1340858581
EN xladdsub NULL /scratch/zaki/workspace/baobab/roachf_1024_bao/sysgen/synth_model/roachf_1024_bao.vhd sub03/vhpl314 1340858420
AR roachf_1024_bao structural /scratch/zaki/workspace/baobab/roachf_1024_bao/sysgen/synth_model/roachf_1024_bao.vhd sub05/vhpl567 1340858673
AR logical_0fa52c7c40 behavior /scratch/zaki/workspace/baobab/roachf_1024_bao/sysgen/synth_model/roachf_1024_bao.vhd sub02/vhpl205 1340858311
AR reinterpret_86b044698f behavior /scratch/zaki/workspace/baobab/roachf_1024_bao/sysgen/synth_model/roachf_1024_bao.vhd sub03/vhpl333 1340858439
AR delay_e18fb31a3d behavior /scratch/zaki/workspace/baobab/roachf_1024_bao/sysgen/synth_model/roachf_1024_bao.vhd sub02/vhpl247 1340858353
EN cntr_11_0_38c9cb0851a20d91 NULL /scratch/zaki/workspace/baobab/roachf_1024_bao/sysgen/synth_model/roachf_1024_bao.vhd sub00/vhpl56 1340858162
EN reinterpret_d9988e3d87 NULL /scratch/zaki/workspace/baobab/roachf_1024_bao/sysgen/synth_model/roachf_1024_bao.vhd sub02/vhpl236 1340858342
AR convert_entity_27c790ff6d structural /scratch/zaki/workspace/baobab/roachf_1024_bao/sysgen/synth_model/roachf_1024_bao.vhd sub04/vhpl433 1340858539
EN concat_66f3e02bd3 NULL /scratch/zaki/workspace/baobab/roachf_1024_bao/sysgen/synth_model/roachf_1024_bao.vhd sub01/vhpl190 1340858296
AR tt800_seed_gen_entity_d212a92f8e structural /scratch/zaki/workspace/baobab/roachf_1024_bao/sysgen/synth_model/roachf_1024_bao.vhd sub04/vhpl445 1340858551
AR cntr_11_0_49c9a47affa95a54 cntr_11_0_49c9a47affa95a54_a /scratch/zaki/workspace/baobab/roachf_1024_bao/sysgen/synth_model/roachf_1024_bao.vhd sub00/vhpl05 1340858111
EN sync_gen_entity_5da19c32c5 NULL /scratch/zaki/workspace/baobab/roachf_1024_bao/sysgen/synth_model/roachf_1024_bao.vhd sub04/vhpl428 1340858534
AR synth_reg_w_init structural /scratch/zaki/workspace/baobab/roachf_1024_bao/sysgen/synth_model/roachf_1024_bao.vhd sub00/vhpl77 1340858183
AR constant_4848f0569f behavior /scratch/zaki/workspace/baobab/roachf_1024_bao/sysgen/synth_model/roachf_1024_bao.vhd sub03/vhpl357 1340858463
AR delay_920dce5cac behavior /scratch/zaki/workspace/baobab/roachf_1024_bao/sysgen/synth_model/roachf_1024_bao.vhd sub02/vhpl241 1340858347
AR qdr_reorder1_entity_727a2c9079 structural /scratch/zaki/workspace/baobab/roachf_1024_bao/sysgen/synth_model/roachf_1024_bao.vhd sub05/vhpl557 1340858663
EN single_reg_w_init NULL /scratch/zaki/workspace/baobab/roachf_1024_bao/sysgen/synth_model/roachf_1024_bao.vhd sub00/vhpl74 1340858180
AR synth_reg structural /scratch/zaki/workspace/baobab/roachf_1024_bao/sysgen/synth_model/roachf_1024_bao.vhd sub00/vhpl71 1340858177
EN status_entity_862e12a4dd NULL /scratch/zaki/workspace/baobab/roachf_1024_bao/sysgen/synth_model/roachf_1024_bao.vhd sub05/vhpl516 1340858622
AR xlclockdriver behavior /scratch/zaki/workspace/baobab/roachf_1024_bao/sysgen/synth_model/roachf_1024_bao_cw.vhd sub05/vhpl569 1340858675
AR constant_a629aefb53 behavior /scratch/zaki/workspace/baobab/roachf_1024_bao/sysgen/synth_model/roachf_1024_bao.vhd sub01/vhpl123 1340858229
EN concat_6f0047a4a5 NULL /scratch/zaki/workspace/baobab/roachf_1024_bao/sysgen/synth_model/roachf_1024_bao.vhd sub03/vhpl310 1340858416
AR mux_9723c3381b behavior /scratch/zaki/workspace/baobab/roachf_1024_bao/sysgen/synth_model/roachf_1024_bao.vhd sub01/vhpl133 1340858239
AR delay_entity_d3ad252e0c structural /scratch/zaki/workspace/baobab/roachf_1024_bao/sysgen/synth_model/roachf_1024_bao.vhd sub04/vhpl459 1340858565
AR concat_66f3e02bd3 behavior /scratch/zaki/workspace/baobab/roachf_1024_bao/sysgen/synth_model/roachf_1024_bao.vhd sub01/vhpl191 1340858297
AR cntr_11_0_520b146027c1d89b cntr_11_0_520b146027c1d89b_a /scratch/zaki/workspace/baobab/roachf_1024_bao/sysgen/synth_model/roachf_1024_bao.vhd sub00/vhpl61 1340858167
EN bitbasher_5b1e76c782 NULL /scratch/zaki/workspace/baobab/roachf_1024_bao/sysgen/synth_model/roachf_1024_bao.vhd sub02/vhpl298 1340858404
EN loopback_fifo_entity_12efd103ed NULL /scratch/zaki/workspace/baobab/roachf_1024_bao/sysgen/synth_model/roachf_1024_bao.vhd sub05/vhpl502 1340858608
AR logical_954ee29728 behavior /scratch/zaki/workspace/baobab/roachf_1024_bao/sysgen/synth_model/roachf_1024_bao.vhd sub02/vhpl283 1340858389
AR concat_1e5f8fbcb6 behavior /scratch/zaki/workspace/baobab/roachf_1024_bao/sysgen/synth_model/roachf_1024_bao.vhd sub03/vhpl337 1340858443
EN concat_15d98836ad NULL /scratch/zaki/workspace/baobab/roachf_1024_bao/sysgen/synth_model/roachf_1024_bao.vhd sub01/vhpl150 1340858256
EN bitbasher_6b8a394067 NULL /scratch/zaki/workspace/baobab/roachf_1024_bao/sysgen/synth_model/roachf_1024_bao.vhd sub03/vhpl384 1340858490
EN constant_469094441c NULL /scratch/zaki/workspace/baobab/roachf_1024_bao/sysgen/synth_model/roachf_1024_bao.vhd sub03/vhpl346 1340858452
EN wgn_entity_5ed77cdf43 NULL /scratch/zaki/workspace/baobab/roachf_1024_bao/sysgen/synth_model/roachf_1024_bao.vhd sub04/vhpl452 1340858558
EN scale_b42effccbc NULL /scratch/zaki/workspace/baobab/roachf_1024_bao/sysgen/synth_model/roachf_1024_bao.vhd sub02/vhpl238 1340858344
AR constant_498bc68c14 behavior /scratch/zaki/workspace/baobab/roachf_1024_bao/sysgen/synth_model/roachf_1024_bao.vhd sub03/vhpl371 1340858477
AR bmg_62_8b6902f70206a636 bmg_62_8b6902f70206a636_a /scratch/zaki/workspace/baobab/roachf_1024_bao/sysgen/synth_model/roachf_1024_bao.vhd sub00/vhpl19 1340858125
EN concat_eab913768e NULL /scratch/zaki/workspace/baobab/roachf_1024_bao/sysgen/synth_model/roachf_1024_bao.vhd sub02/vhpl270 1340858376
EN qdr_entity_37f034c09d NULL /scratch/zaki/workspace/baobab/roachf_1024_bao/sysgen/synth_model/roachf_1024_bao.vhd sub05/vhpl552 1340858658
EN constant_37567836aa NULL /scratch/zaki/workspace/baobab/roachf_1024_bao/sysgen/synth_model/roachf_1024_bao.vhd sub02/vhpl214 1340858320
EN logical_9d76333483 NULL /scratch/zaki/workspace/baobab/roachf_1024_bao/sysgen/synth_model/roachf_1024_bao.vhd sub02/vhpl200 1340858306
EN fir_core NULL /scratch/zaki/workspace/baobab/roachf_1024_bao/sysgen/synth_model/roachf_1024_bao.vhd sub01/vhpl165 1340858271
AR sync_gen_entity_5da19c32c5 structural /scratch/zaki/workspace/baobab/roachf_1024_bao/sysgen/synth_model/roachf_1024_bao.vhd sub04/vhpl429 1340858535
AR concat_94bc27a9d6 behavior /scratch/zaki/workspace/baobab/roachf_1024_bao/sysgen/synth_model/roachf_1024_bao.vhd sub03/vhpl319 1340858425
EN adc_s_entity_f0dd80136b NULL /scratch/zaki/workspace/baobab/roachf_1024_bao/sysgen/synth_model/roachf_1024_bao.vhd sub03/vhpl396 1340858502
AR scale_b42effccbc behavior /scratch/zaki/workspace/baobab/roachf_1024_bao/sysgen/synth_model/roachf_1024_bao.vhd sub02/vhpl239 1340858345
AR constant_7a5a41eeb1 behavior /scratch/zaki/workspace/baobab/roachf_1024_bao/sysgen/synth_model/roachf_1024_bao.vhd sub02/vhpl209 1340858315
AR muxin0_entity_3eb0ba2729 structural /scratch/zaki/workspace/baobab/roachf_1024_bao/sysgen/synth_model/roachf_1024_bao.vhd sub04/vhpl471 1340858577
EN cntr_11_0_7ca694f8efe8d963 NULL /scratch/zaki/workspace/baobab/roachf_1024_bao/sysgen/synth_model/roachf_1024_bao.vhd sub00/vhpl44 1340858150
EN roachf_1024_bao NULL /scratch/zaki/workspace/baobab/roachf_1024_bao/sysgen/synth_model/roachf_1024_bao.vhd sub05/vhpl566 1340858672
EN delay22_entity_131dd68804 NULL /scratch/zaki/workspace/baobab/roachf_1024_bao/sysgen/synth_model/roachf_1024_bao.vhd sub04/vhpl482 1340858588
