EN concat_d9fe3bde03 NULL /scratch/zaki/workspace/baobab/roachf_1024_bao/sysgen/synth_model/roachf_1024_bao.vhd sub02/vhpl284 1340850210
EN delay17_entity_286e674199 NULL /scratch/zaki/workspace/baobab/roachf_1024_bao/sysgen/synth_model/roachf_1024_bao.vhd sub05/vhpl534 1340850460
EN x10gbetxsnap_entity_805174daad NULL /scratch/zaki/workspace/baobab/roachf_1024_bao/sysgen/synth_model/roachf_1024_bao.vhd sub05/vhpl512 1340850438
EN cntr_11_0_e9eaaa5672e4be4d NULL /scratch/zaki/workspace/baobab/roachf_1024_bao/sysgen/synth_model/roachf_1024_bao.vhd sub00/vhpl36 1340849962
EN cntr_11_0_2f4d5faecc7b9ee5 NULL /scratch/zaki/workspace/baobab/roachf_1024_bao/sysgen/synth_model/roachf_1024_bao.vhd sub00/vhpl22 1340849948
AR xlregister behavior /scratch/zaki/workspace/baobab/roachf_1024_bao/sysgen/synth_model/roachf_1024_bao.vhd sub01/vhpl195 1340850121
EN cnts_entity_ddc3eafeb3 NULL /scratch/zaki/workspace/baobab/roachf_1024_bao/sysgen/synth_model/roachf_1024_bao.vhd sub05/vhpl588 1340850514
AR reinterpret_9a13f6a2a0 behavior /scratch/zaki/workspace/baobab/roachf_1024_bao/sysgen/synth_model/roachf_1024_bao.vhd sub02/vhpl267 1340850193
AR input_mux_entity_0d9ee34ec0 structural /scratch/zaki/workspace/baobab/roachf_1024_bao/sysgen/synth_model/roachf_1024_bao.vhd sub05/vhpl527 1340850453
EN cntr_11_0_7310fc5156c4342e NULL /scratch/zaki/workspace/baobab/roachf_1024_bao/sysgen/synth_model/roachf_1024_bao.vhd sub00/vhpl18 1340849944
AR constant_a3d619979c behavior /scratch/zaki/workspace/baobab/roachf_1024_bao/sysgen/synth_model/roachf_1024_bao.vhd sub01/vhpl133 1340850059
EN delay16_entity_a12aa4bb98 NULL /scratch/zaki/workspace/baobab/roachf_1024_bao/sysgen/synth_model/roachf_1024_bao.vhd sub05/vhpl532 1340850458
AR bmg_62_61722a40b5652b33 bmg_62_61722a40b5652b33_a /scratch/zaki/workspace/baobab/roachf_1024_bao/sysgen/synth_model/roachf_1024_bao.vhd sub00/vhpl67 1340849993
EN output_entity_96ea4ae0c6 NULL /scratch/zaki/workspace/baobab/roachf_1024_bao/sysgen/synth_model/roachf_1024_bao.vhd sub04/vhpl478 1340850404
EN addsub_542df25df6 NULL /scratch/zaki/workspace/baobab/roachf_1024_bao/sysgen/synth_model/roachf_1024_bao.vhd sub02/vhpl206 1340850132
PB conv_pkg conv_pkg /scratch/zaki/workspace/baobab/roachf_1024_bao/sysgen/synth_model/roachf_1024_bao.vhd sub00/vhpl79 1340850005
EN r_edge_detect_entity_42f50804fe NULL /scratch/zaki/workspace/baobab/roachf_1024_bao/sysgen/synth_model/roachf_1024_bao.vhd sub04/vhpl486 1340850412
AR relational_8e7646e9fc behavior /scratch/zaki/workspace/baobab/roachf_1024_bao/sysgen/synth_model/roachf_1024_bao.vhd sub03/vhpl331 1340850257
AR adc_s_entity_f0dd80136b structural /scratch/zaki/workspace/baobab/roachf_1024_bao/sysgen/synth_model/roachf_1024_bao.vhd sub04/vhpl441 1340850367
AR cntr_11_0_e9eaaa5672e4be4d cntr_11_0_e9eaaa5672e4be4d_a /scratch/zaki/workspace/baobab/roachf_1024_bao/sysgen/synth_model/roachf_1024_bao.vhd sub00/vhpl37 1340849963
EN logical_5773759131 NULL /scratch/zaki/workspace/baobab/roachf_1024_bao/sysgen/synth_model/roachf_1024_bao.vhd sub02/vhpl200 1340850126
EN led1_arm_entity_eb12274228 NULL /scratch/zaki/workspace/baobab/roachf_1024_bao/sysgen/synth_model/roachf_1024_bao.vhd sub04/vhpl456 1340850382
AR bitbasher_2e2993cc32 behavior /scratch/zaki/workspace/baobab/roachf_1024_bao/sysgen/synth_model/roachf_1024_bao.vhd sub04/vhpl407 1340850333
EN concat_31382efd95 NULL /scratch/zaki/workspace/baobab/roachf_1024_bao/sysgen/synth_model/roachf_1024_bao.vhd sub03/vhpl336 1340850262
AR bitbasher_a85d9bdfd2 behavior /scratch/zaki/workspace/baobab/roachf_1024_bao/sysgen/synth_model/roachf_1024_bao.vhd sub02/vhpl255 1340850181
EN delay14_entity_5fd1606dd3 NULL /scratch/zaki/workspace/baobab/roachf_1024_bao/sysgen/synth_model/roachf_1024_bao.vhd sub05/vhpl528 1340850454
AR constant_bbd7b31fe5 behavior /scratch/zaki/workspace/baobab/roachf_1024_bao/sysgen/synth_model/roachf_1024_bao.vhd sub01/vhpl111 1340850037
EN bitbasher_2e2993cc32 NULL /scratch/zaki/workspace/baobab/roachf_1024_bao/sysgen/synth_model/roachf_1024_bao.vhd sub04/vhpl406 1340850332
EN logical_f1acd27428 NULL /scratch/zaki/workspace/baobab/roachf_1024_bao/sysgen/synth_model/roachf_1024_bao.vhd sub02/vhpl228 1340850154
EN cntr_11_0_813142b9460b2f27 NULL /scratch/zaki/workspace/baobab/roachf_1024_bao/sysgen/synth_model/roachf_1024_bao.vhd sub00/vhpl06 1340849932
EN relational_770e12e4ab NULL /scratch/zaki/workspace/baobab/roachf_1024_bao/sysgen/synth_model/roachf_1024_bao.vhd sub03/vhpl328 1340850254
EN logical_444d3f5046 NULL /scratch/zaki/workspace/baobab/roachf_1024_bao/sysgen/synth_model/roachf_1024_bao.vhd sub02/vhpl288 1340850214
AR delay_b6092ad150 behavior /scratch/zaki/workspace/baobab/roachf_1024_bao/sysgen/synth_model/roachf_1024_bao.vhd sub01/vhpl157 1340850083
AR addr_entity_b5022074dd structural /scratch/zaki/workspace/baobab/roachf_1024_bao/sysgen/synth_model/roachf_1024_bao.vhd sub05/vhpl505 1340850431
AR cntr_11_0_511daee48ac62764 cntr_11_0_511daee48ac62764_a /scratch/zaki/workspace/baobab/roachf_1024_bao/sysgen/synth_model/roachf_1024_bao.vhd sub00/vhpl13 1340849939
EN shift_a3d6e8e72f NULL /scratch/zaki/workspace/baobab/roachf_1024_bao/sysgen/synth_model/roachf_1024_bao.vhd sub02/vhpl222 1340850148
EN logical_e77c53f8bd NULL /scratch/zaki/workspace/baobab/roachf_1024_bao/sysgen/synth_model/roachf_1024_bao.vhd sub03/vhpl316 1340850242
AR adc1_entity_1286a9963a structural /scratch/zaki/workspace/baobab/roachf_1024_bao/sysgen/synth_model/roachf_1024_bao.vhd sub04/vhpl437 1340850363
EN logical_dfe2dded7f NULL /scratch/zaki/workspace/baobab/roachf_1024_bao/sysgen/synth_model/roachf_1024_bao.vhd sub03/vhpl332 1340850258
EN tt800_uprng_entity_f26ddee7e7 NULL /scratch/zaki/workspace/baobab/roachf_1024_bao/sysgen/synth_model/roachf_1024_bao.vhd sub04/vhpl490 1340850416
AR constant_61c6ce8811 behavior /scratch/zaki/workspace/baobab/roachf_1024_bao/sysgen/synth_model/roachf_1024_bao.vhd sub01/vhpl197 1340850123
AR relational_f6702ea2f7 behavior /scratch/zaki/workspace/baobab/roachf_1024_bao/sysgen/synth_model/roachf_1024_bao.vhd sub04/vhpl419 1340850345
EN cntr_11_0_56cea93c32f2afe9 NULL /scratch/zaki/workspace/baobab/roachf_1024_bao/sysgen/synth_model/roachf_1024_bao.vhd sub00/vhpl74 1340850000
AR santa_entity_d2f1961a14 structural /scratch/zaki/workspace/baobab/roachf_1024_bao/sysgen/synth_model/roachf_1024_bao.vhd sub05/vhpl567 1340850493
EN x_entity_5fb5868062 NULL /scratch/zaki/workspace/baobab/roachf_1024_bao/sysgen/synth_model/roachf_1024_bao.vhd sub04/vhpl430 1340850356
EN bram_lsb_entity_6fae7c0dfe NULL /scratch/zaki/workspace/baobab/roachf_1024_bao/sysgen/synth_model/roachf_1024_bao.vhd sub05/vhpl508 1340850434
EN santa_entity_d2f1961a14 NULL /scratch/zaki/workspace/baobab/roachf_1024_bao/sysgen/synth_model/roachf_1024_bao.vhd sub05/vhpl566 1340850492
EN cntr_11_0_9d1193ca144fd60c NULL /scratch/zaki/workspace/baobab/roachf_1024_bao/sysgen/synth_model/roachf_1024_bao.vhd sub00/vhpl46 1340849972
AR wgn_entity_5ed77cdf43 structural /scratch/zaki/workspace/baobab/roachf_1024_bao/sysgen/synth_model/roachf_1024_bao.vhd sub04/vhpl497 1340850423
EN relational_8e7646e9fc NULL /scratch/zaki/workspace/baobab/roachf_1024_bao/sysgen/synth_model/roachf_1024_bao.vhd sub03/vhpl330 1340850256
AR conv_entity_e9ddda52b5 structural /scratch/zaki/workspace/baobab/roachf_1024_bao/sysgen/synth_model/roachf_1024_bao.vhd sub04/vhpl433 1340850359
EN delay_672d2b8d1e NULL /scratch/zaki/workspace/baobab/roachf_1024_bao/sysgen/synth_model/roachf_1024_bao.vhd sub00/vhpl90 1340850016
EN xldpram NULL /scratch/zaki/workspace/baobab/roachf_1024_bao/sysgen/synth_model/roachf_1024_bao.vhd sub01/vhpl122 1340850048
EN qdr_reorder_entity_1330d48ff5 NULL /scratch/zaki/workspace/baobab/roachf_1024_bao/sysgen/synth_model/roachf_1024_bao.vhd sub06/vhpl616 1340850542
AR x10gbetxsnap_entity_0c32b1f23a structural /scratch/zaki/workspace/baobab/roachf_1024_bao/sysgen/synth_model/roachf_1024_bao.vhd sub05/vhpl587 1340850513
AR mult_11_2_d745d7ddd0aa234d mult_11_2_d745d7ddd0aa234d_a /scratch/zaki/workspace/baobab/roachf_1024_bao/sysgen/synth_model/roachf_1024_bao.vhd sub00/vhpl71 1340849997
AR bitbasher_0b7a692256 behavior /scratch/zaki/workspace/baobab/roachf_1024_bao/sysgen/synth_model/roachf_1024_bao.vhd sub02/vhpl275 1340850201
EN dmg_62_d4b1790d74a4992a NULL /scratch/zaki/workspace/baobab/roachf_1024_bao/sysgen/synth_model/roachf_1024_bao.vhd sub00/vhpl30 1340849956
AR quant1_entity_29594371c6 structural /scratch/zaki/workspace/baobab/roachf_1024_bao/sysgen/synth_model/roachf_1024_bao.vhd sub04/vhpl449 1340850375
EN pulse_ext2_entity_6e7bbec365 NULL /scratch/zaki/workspace/baobab/roachf_1024_bao/sysgen/synth_model/roachf_1024_bao.vhd sub04/vhpl460 1340850386
EN data_lsb_entity_4ee46f026d NULL /scratch/zaki/workspace/baobab/roachf_1024_bao/sysgen/synth_model/roachf_1024_bao.vhd sub05/vhpl542 1340850468
EN cntr_11_0_30c19e6310bb8df4 NULL /scratch/zaki/workspace/baobab/roachf_1024_bao/sysgen/synth_model/roachf_1024_bao.vhd sub00/vhpl16 1340849942
EN pfbs_entity_5b3a77ef5c NULL /scratch/zaki/workspace/baobab/roachf_1024_bao/sysgen/synth_model/roachf_1024_bao.vhd sub04/vhpl468 1340850394
AR delay_6b2b456c91 behavior /scratch/zaki/workspace/baobab/roachf_1024_bao/sysgen/synth_model/roachf_1024_bao.vhd sub02/vhpl269 1340850195
AR adc_unpack0_entity_e15e6835ac structural /scratch/zaki/workspace/baobab/roachf_1024_bao/sysgen/synth_model/roachf_1024_bao.vhd sub04/vhpl467 1340850393
AR xldelay behavior /scratch/zaki/workspace/baobab/roachf_1024_bao/sysgen/synth_model/roachf_1024_bao.vhd sub01/vhpl159 1340850085
AR u2n_entity_dbd9a311bf structural /scratch/zaki/workspace/baobab/roachf_1024_bao/sysgen/synth_model/roachf_1024_bao.vhd sub04/vhpl495 1340850421
EN xlregister NULL /scratch/zaki/workspace/baobab/roachf_1024_bao/sysgen/synth_model/roachf_1024_bao.vhd sub01/vhpl194 1340850120
EN convert_entity_27c790ff6d NULL /scratch/zaki/workspace/baobab/roachf_1024_bao/sysgen/synth_model/roachf_1024_bao.vhd sub04/vhpl476 1340850402
AR concat_a1e126f11c behavior /scratch/zaki/workspace/baobab/roachf_1024_bao/sysgen/synth_model/roachf_1024_bao.vhd sub01/vhpl101 1340850027
AR xlconvert behavior /scratch/zaki/workspace/baobab/roachf_1024_bao/sysgen/synth_model/roachf_1024_bao.vhd sub01/vhpl139 1340850065
AR concat_1a070f1f35 behavior /scratch/zaki/workspace/baobab/roachf_1024_bao/sysgen/synth_model/roachf_1024_bao.vhd sub01/vhpl125 1340850051
EN delay_a99984b20e NULL /scratch/zaki/workspace/baobab/roachf_1024_bao/sysgen/synth_model/roachf_1024_bao.vhd sub04/vhpl422 1340850348
AR gbe2_entity_04f1430afd structural /scratch/zaki/workspace/baobab/roachf_1024_bao/sysgen/synth_model/roachf_1024_bao.vhd sub05/vhpl515 1340850441
EN constant_a3d619979c NULL /scratch/zaki/workspace/baobab/roachf_1024_bao/sysgen/synth_model/roachf_1024_bao.vhd sub01/vhpl132 1340850058
AR constant_b361ec1997 behavior /scratch/zaki/workspace/baobab/roachf_1024_bao/sysgen/synth_model/roachf_1024_bao.vhd sub01/vhpl181 1340850107
AR inverter_e2b989a05e behavior /scratch/zaki/workspace/baobab/roachf_1024_bao/sysgen/synth_model/roachf_1024_bao.vhd sub00/vhpl97 1340850023
EN u2n_entity_dbd9a311bf NULL /scratch/zaki/workspace/baobab/roachf_1024_bao/sysgen/synth_model/roachf_1024_bao.vhd sub04/vhpl494 1340850420
EN delay_6b2b456c91 NULL /scratch/zaki/workspace/baobab/roachf_1024_bao/sysgen/synth_model/roachf_1024_bao.vhd sub02/vhpl268 1340850194
EN lb_fifo_error_entity_b6367d63c2 NULL /scratch/zaki/workspace/baobab/roachf_1024_bao/sysgen/synth_model/roachf_1024_bao.vhd sub05/vhpl556 1340850482
EN xldelay NULL /scratch/zaki/workspace/baobab/roachf_1024_bao/sysgen/synth_model/roachf_1024_bao.vhd sub01/vhpl158 1340850084
AR shift_a3d6e8e72f behavior /scratch/zaki/workspace/baobab/roachf_1024_bao/sysgen/synth_model/roachf_1024_bao.vhd sub02/vhpl223 1340850149
AR default_clock_driver structural /scratch/zaki/workspace/baobab/roachf_1024_bao/sysgen/synth_model/roachf_1024_bao_cw.vhd sub06/vhpl639 1340850565
AR reorder1_entity_017a884d17 structural /scratch/zaki/workspace/baobab/roachf_1024_bao/sysgen/synth_model/roachf_1024_bao.vhd sub06/vhpl627 1340850553
AR cntr_11_0_ef4fa43970ed82d0 cntr_11_0_ef4fa43970ed82d0_a /scratch/zaki/workspace/baobab/roachf_1024_bao/sysgen/synth_model/roachf_1024_bao.vhd sub00/vhpl27 1340849953
EN cntr_11_0_49c9a47affa95a54 NULL /scratch/zaki/workspace/baobab/roachf_1024_bao/sysgen/synth_model/roachf_1024_bao.vhd sub00/vhpl04 1340849930
EN xlsprom_dist NULL /scratch/zaki/workspace/baobab/roachf_1024_bao/sysgen/synth_model/roachf_1024_bao.vhd sub02/vhpl294 1340850220
EN constant_f1ac4bddff NULL /scratch/zaki/workspace/baobab/roachf_1024_bao/sysgen/synth_model/roachf_1024_bao.vhd sub04/vhpl412 1340850338
AR eq_entity_f4312da414 structural /scratch/zaki/workspace/baobab/roachf_1024_bao/sysgen/synth_model/roachf_1024_bao.vhd sub04/vhpl455 1340850381
EN cntr_11_0_520b146027c1d89b NULL /scratch/zaki/workspace/baobab/roachf_1024_bao/sysgen/synth_model/roachf_1024_bao.vhd sub00/vhpl72 1340849998
AR cntr_11_0_59da7a7e9e683c63 cntr_11_0_59da7a7e9e683c63_a /scratch/zaki/workspace/baobab/roachf_1024_bao/sysgen/synth_model/roachf_1024_bao.vhd sub00/vhpl03 1340849929
AR subsystem1_entity_c23e69437f structural /scratch/zaki/workspace/baobab/roachf_1024_bao/sysgen/synth_model/roachf_1024_bao.vhd sub05/vhpl539 1340850465
EN mux_2af8d8c05a NULL /scratch/zaki/workspace/baobab/roachf_1024_bao/sysgen/synth_model/roachf_1024_bao.vhd sub03/vhpl380 1340850306
EN logical_127a315f20 NULL /scratch/zaki/workspace/baobab/roachf_1024_bao/sysgen/synth_model/roachf_1024_bao.vhd sub01/vhpl140 1340850066
AR armed_trigger_entity_ba55ceb7d8 structural /scratch/zaki/workspace/baobab/roachf_1024_bao/sysgen/synth_model/roachf_1024_bao.vhd sub05/vhpl575 1340850501
EN x10gberxsnap_entity_63dcd88b33 NULL /scratch/zaki/workspace/baobab/roachf_1024_bao/sysgen/synth_model/roachf_1024_bao.vhd sub05/vhpl584 1340850510
EN concat_94bc27a9d6 NULL /scratch/zaki/workspace/baobab/roachf_1024_bao/sysgen/synth_model/roachf_1024_bao.vhd sub03/vhpl348 1340850274
EN edge1_entity_213f3f63ba NULL /scratch/zaki/workspace/baobab/roachf_1024_bao/sysgen/synth_model/roachf_1024_bao.vhd sub05/vhpl594 1340850520
EN delay_b6092ad150 NULL /scratch/zaki/workspace/baobab/roachf_1024_bao/sysgen/synth_model/roachf_1024_bao.vhd sub01/vhpl156 1340850082
EN relational_1a5580632c NULL /scratch/zaki/workspace/baobab/roachf_1024_bao/sysgen/synth_model/roachf_1024_bao.vhd sub01/vhpl120 1340850046
EN cntr_11_0_e94528e03054f4e0 NULL /scratch/zaki/workspace/baobab/roachf_1024_bao/sysgen/synth_model/roachf_1024_bao.vhd sub00/vhpl00 1340849926
EN logical_1e8142cab4 NULL /scratch/zaki/workspace/baobab/roachf_1024_bao/sysgen/synth_model/roachf_1024_bao.vhd sub02/vhpl214 1340850140
AR mult_ca473f56c4 behavior /scratch/zaki/workspace/baobab/roachf_1024_bao/sysgen/synth_model/roachf_1024_bao.vhd sub01/vhpl143 1340850069
AR cntr_11_0_7ca694f8efe8d963 cntr_11_0_7ca694f8efe8d963_a /scratch/zaki/workspace/baobab/roachf_1024_bao/sysgen/synth_model/roachf_1024_bao.vhd sub00/vhpl55 1340849981
EN constant_6a1bb6dda6 NULL /scratch/zaki/workspace/baobab/roachf_1024_bao/sysgen/synth_model/roachf_1024_bao.vhd sub03/vhpl338 1340850264
AR constant_91ef1678ca behavior /scratch/zaki/workspace/baobab/roachf_1024_bao/sysgen/synth_model/roachf_1024_bao.vhd sub04/vhpl425 1340850351
EN reorder_entity_6581cc8be0 NULL /scratch/zaki/workspace/baobab/roachf_1024_bao/sysgen/synth_model/roachf_1024_bao.vhd sub06/vhpl612 1340850538
AR timebase_entity_9c465eac4b structural /scratch/zaki/workspace/baobab/roachf_1024_bao/sysgen/synth_model/roachf_1024_bao.vhd sub04/vhpl475 1340850401
AR constant_79cd191324 behavior /scratch/zaki/workspace/baobab/roachf_1024_bao/sysgen/synth_model/roachf_1024_bao.vhd sub02/vhpl235 1340850161
AR leds_entity_dca6373a98 structural /scratch/zaki/workspace/baobab/roachf_1024_bao/sysgen/synth_model/roachf_1024_bao.vhd sub04/vhpl465 1340850391
EN gbe_errors_entity_ba2d32ce40 NULL /scratch/zaki/workspace/baobab/roachf_1024_bao/sysgen/synth_model/roachf_1024_bao.vhd sub05/vhpl550 1340850476
EN addsb_11_0_e48e31d556a35f15 NULL /scratch/zaki/workspace/baobab/roachf_1024_bao/sysgen/synth_model/roachf_1024_bao.vhd sub00/vhpl50 1340849976
EN mux_86a34309e7 NULL /scratch/zaki/workspace/baobab/roachf_1024_bao/sysgen/synth_model/roachf_1024_bao.vhd sub02/vhpl232 1340850158
EN shift_9c14cd27bd NULL /scratch/zaki/workspace/baobab/roachf_1024_bao/sysgen/synth_model/roachf_1024_bao.vhd sub02/vhpl224 1340850150
EN relational_47932db5b1 NULL /scratch/zaki/workspace/baobab/roachf_1024_bao/sysgen/synth_model/roachf_1024_bao.vhd sub03/vhpl312 1340850238
EN concat_83d07cc341 NULL /scratch/zaki/workspace/baobab/roachf_1024_bao/sysgen/synth_model/roachf_1024_bao.vhd sub02/vhpl258 1340850184
AR constant_06590e4008 behavior /scratch/zaki/workspace/baobab/roachf_1024_bao/sysgen/synth_model/roachf_1024_bao.vhd sub04/vhpl409 1340850335
AR xlcounter_limit behavior /scratch/zaki/workspace/baobab/roachf_1024_bao/sysgen/synth_model/roachf_1024_bao.vhd sub03/vhpl363 1340850289
EN logical_80f90b97d0 NULL /scratch/zaki/workspace/baobab/roachf_1024_bao/sysgen/synth_model/roachf_1024_bao.vhd sub01/vhpl166 1340850092
EN edge_detect_entity_61764bf456 NULL /scratch/zaki/workspace/baobab/roachf_1024_bao/sysgen/synth_model/roachf_1024_bao.vhd sub05/vhpl572 1340850498
AR calc_add_entity_a259fbaca4 structural /scratch/zaki/workspace/baobab/roachf_1024_bao/sysgen/synth_model/roachf_1024_bao.vhd sub05/vhpl507 1340850433
AR concat_eab913768e behavior /scratch/zaki/workspace/baobab/roachf_1024_bao/sysgen/synth_model/roachf_1024_bao.vhd sub03/vhpl307 1340850233
EN logical_0fa52c7c40 NULL /scratch/zaki/workspace/baobab/roachf_1024_bao/sysgen/synth_model/roachf_1024_bao.vhd sub02/vhpl216 1340850142
EN dmg_62_0a86efc0bb6fa1ec NULL /scratch/zaki/workspace/baobab/roachf_1024_bao/sysgen/synth_model/roachf_1024_bao.vhd sub00/vhpl60 1340849986
AR delay16_entity_a12aa4bb98 structural /scratch/zaki/workspace/baobab/roachf_1024_bao/sysgen/synth_model/roachf_1024_bao.vhd sub05/vhpl533 1340850459
AR reorder_entity_1809c99170 structural /scratch/zaki/workspace/baobab/roachf_1024_bao/sysgen/synth_model/roachf_1024_bao.vhd sub06/vhpl625 1340850551
EN concat_1e5f8fbcb6 NULL /scratch/zaki/workspace/baobab/roachf_1024_bao/sysgen/synth_model/roachf_1024_bao.vhd sub03/vhpl386 1340850312
AR cntr_11_0_813142b9460b2f27 cntr_11_0_813142b9460b2f27_a /scratch/zaki/workspace/baobab/roachf_1024_bao/sysgen/synth_model/roachf_1024_bao.vhd sub00/vhpl07 1340849933
EN constant_b713aad2a7 NULL /scratch/zaki/workspace/baobab/roachf_1024_bao/sysgen/synth_model/roachf_1024_bao.vhd sub01/vhpl172 1340850098
AR shift_9c14cd27bd behavior /scratch/zaki/workspace/baobab/roachf_1024_bao/sysgen/synth_model/roachf_1024_bao.vhd sub02/vhpl225 1340850151
AR pulse_ext2_entity_6e7bbec365 structural /scratch/zaki/workspace/baobab/roachf_1024_bao/sysgen/synth_model/roachf_1024_bao.vhd sub04/vhpl461 1340850387
AR concat_d9fe3bde03 behavior /scratch/zaki/workspace/baobab/roachf_1024_bao/sysgen/synth_model/roachf_1024_bao.vhd sub02/vhpl285 1340850211
AR mux_c77e20fa3c behavior /scratch/zaki/workspace/baobab/roachf_1024_bao/sysgen/synth_model/roachf_1024_bao.vhd sub04/vhpl421 1340850347
EN cntr_11_0_df2bb90b8fe02ecf NULL /scratch/zaki/workspace/baobab/roachf_1024_bao/sysgen/synth_model/roachf_1024_bao.vhd sub00/vhpl10 1340849936
EN xlconvert NULL /scratch/zaki/workspace/baobab/roachf_1024_bao/sysgen/synth_model/roachf_1024_bao.vhd sub01/vhpl138 1340850064
AR reinterpret_df53fd8fe7 behavior /scratch/zaki/workspace/baobab/roachf_1024_bao/sysgen/synth_model/roachf_1024_bao.vhd sub01/vhpl149 1340850075
EN freeze_cntr_entity_9a746d98f3 NULL /scratch/zaki/workspace/baobab/roachf_1024_bao/sysgen/synth_model/roachf_1024_bao.vhd sub05/vhpl510 1340850436
AR constant_f8d41441cb behavior /scratch/zaki/workspace/baobab/roachf_1024_bao/sysgen/synth_model/roachf_1024_bao.vhd sub02/vhpl219 1340850145
EN constant_3a5e4c2c66 NULL /scratch/zaki/workspace/baobab/roachf_1024_bao/sysgen/synth_model/roachf_1024_bao.vhd sub03/vhpl396 1340850322
EN constant_6293007044 NULL /scratch/zaki/workspace/baobab/roachf_1024_bao/sysgen/synth_model/roachf_1024_bao.vhd sub01/vhpl184 1340850110
EN reinterpret_4389dc89bf NULL /scratch/zaki/workspace/baobab/roachf_1024_bao/sysgen/synth_model/roachf_1024_bao.vhd sub00/vhpl98 1340850024
EN cntr_11_0_aecd98f86e85228c NULL /scratch/zaki/workspace/baobab/roachf_1024_bao/sysgen/synth_model/roachf_1024_bao.vhd sub00/vhpl08 1340849934
EN concat_32afb77cd2 NULL /scratch/zaki/workspace/baobab/roachf_1024_bao/sysgen/synth_model/roachf_1024_bao.vhd sub01/vhpl126 1340850052
EN quant3_entity_26d02fdb0a NULL /scratch/zaki/workspace/baobab/roachf_1024_bao/sysgen/synth_model/roachf_1024_bao.vhd sub04/vhpl452 1340850378
EN constant_b361ec1997 NULL /scratch/zaki/workspace/baobab/roachf_1024_bao/sysgen/synth_model/roachf_1024_bao.vhd sub01/vhpl180 1340850106
AR x10gbetxsnap_entity_805174daad structural /scratch/zaki/workspace/baobab/roachf_1024_bao/sysgen/synth_model/roachf_1024_bao.vhd sub05/vhpl513 1340850439
EN addsub_c13097e33e NULL /scratch/zaki/workspace/baobab/roachf_1024_bao/sysgen/synth_model/roachf_1024_bao.vhd sub02/vhpl256 1340850182
AR p24_extender_entity_c0f36f30a5 structural /scratch/zaki/workspace/baobab/roachf_1024_bao/sysgen/synth_model/roachf_1024_bao.vhd sub04/vhpl485 1340850411
AR logical_5773759131 behavior /scratch/zaki/workspace/baobab/roachf_1024_bao/sysgen/synth_model/roachf_1024_bao.vhd sub02/vhpl201 1340850127
AR r_edge_detect_entity_42f50804fe structural /scratch/zaki/workspace/baobab/roachf_1024_bao/sysgen/synth_model/roachf_1024_bao.vhd sub04/vhpl487 1340850413
AR relational_831189b190 behavior /scratch/zaki/workspace/baobab/roachf_1024_bao/sysgen/synth_model/roachf_1024_bao.vhd sub01/vhpl171 1340850097
EN relational_0ffd72e037 NULL /scratch/zaki/workspace/baobab/roachf_1024_bao/sysgen/synth_model/roachf_1024_bao.vhd sub02/vhpl290 1340850216
AR concat_09e13b86e0 behavior /scratch/zaki/workspace/baobab/roachf_1024_bao/sysgen/synth_model/roachf_1024_bao.vhd sub03/vhpl303 1340850229
EN constant_06590e4008 NULL /scratch/zaki/workspace/baobab/roachf_1024_bao/sysgen/synth_model/roachf_1024_bao.vhd sub04/vhpl408 1340850334
AR loopback_fifo_pkt_count_entity_1b2606d2ca structural /scratch/zaki/workspace/baobab/roachf_1024_bao/sysgen/synth_model/roachf_1024_bao.vhd sub05/vhpl559 1340850485
EN constant_7a5a41eeb1 NULL /scratch/zaki/workspace/baobab/roachf_1024_bao/sysgen/synth_model/roachf_1024_bao.vhd sub02/vhpl220 1340850146
EN timebase_entity_9c465eac4b NULL /scratch/zaki/workspace/baobab/roachf_1024_bao/sysgen/synth_model/roachf_1024_bao.vhd sub04/vhpl474 1340850400
AR constant_faaf314423 behavior /scratch/zaki/workspace/baobab/roachf_1024_bao/sysgen/synth_model/roachf_1024_bao.vhd sub03/vhpl311 1340850237
AR constant_fe72737ca0 behavior /scratch/zaki/workspace/baobab/roachf_1024_bao/sysgen/synth_model/roachf_1024_bao.vhd sub03/vhpl353 1340850279
AR constant_3d1b04c74c behavior /scratch/zaki/workspace/baobab/roachf_1024_bao/sysgen/synth_model/roachf_1024_bao.vhd sub01/vhpl131 1340850057
AR bmg_62_73edef83fb7839d9 bmg_62_73edef83fb7839d9_a /scratch/zaki/workspace/baobab/roachf_1024_bao/sysgen/synth_model/roachf_1024_bao.vhd sub00/vhpl33 1340849959
EN constant_822933f89b NULL /scratch/zaki/workspace/baobab/roachf_1024_bao/sysgen/synth_model/roachf_1024_bao.vhd sub03/vhpl370 1340850296
AR pol_pack0_entity_f12789f01f structural /scratch/zaki/workspace/baobab/roachf_1024_bao/sysgen/synth_model/roachf_1024_bao.vhd sub04/vhpl439 1340850365
EN cntr_11_0_2b657e2d1d4c21af NULL /scratch/zaki/workspace/baobab/roachf_1024_bao/sysgen/synth_model/roachf_1024_bao.vhd sub00/vhpl56 1340849982
EN concat_39a9232e16 NULL /scratch/zaki/workspace/baobab/roachf_1024_bao/sysgen/synth_model/roachf_1024_bao.vhd sub03/vhpl326 1340850252
EN sync_delay_en_entity_be14bb2386 NULL /scratch/zaki/workspace/baobab/roachf_1024_bao/sysgen/synth_model/roachf_1024_bao.vhd sub06/vhpl610 1340850536
EN mux_4fe5face7f NULL /scratch/zaki/workspace/baobab/roachf_1024_bao/sysgen/synth_model/roachf_1024_bao.vhd sub02/vhpl282 1340850208
EN logical_954ee29728 NULL /scratch/zaki/workspace/baobab/roachf_1024_bao/sysgen/synth_model/roachf_1024_bao.vhd sub03/vhpl318 1340850244
EN constant_fbc2f0cce1 NULL /scratch/zaki/workspace/baobab/roachf_1024_bao/sysgen/synth_model/roachf_1024_bao.vhd sub04/vhpl416 1340850342
EN mux_9723c3381b NULL /scratch/zaki/workspace/baobab/roachf_1024_bao/sysgen/synth_model/roachf_1024_bao.vhd sub01/vhpl144 1340850070
EN eq_entity_f4312da414 NULL /scratch/zaki/workspace/baobab/roachf_1024_bao/sysgen/synth_model/roachf_1024_bao.vhd sub04/vhpl454 1340850380
AR bmg_62_bd93aafb66935d25 bmg_62_bd93aafb66935d25_a /scratch/zaki/workspace/baobab/roachf_1024_bao/sysgen/synth_model/roachf_1024_bao.vhd sub00/vhpl45 1340849971
AR reorder_entity_6581cc8be0 structural /scratch/zaki/workspace/baobab/roachf_1024_bao/sysgen/synth_model/roachf_1024_bao.vhd sub06/vhpl613 1340850539
AR relational_6ee59656d1 behavior /scratch/zaki/workspace/baobab/roachf_1024_bao/sysgen/synth_model/roachf_1024_bao.vhd sub01/vhpl199 1340850125
EN relational_b19165022f NULL /scratch/zaki/workspace/baobab/roachf_1024_bao/sysgen/synth_model/roachf_1024_bao.vhd sub02/vhpl298 1340850224
EN dmg_62_29a7fd57730c35e5 NULL /scratch/zaki/workspace/baobab/roachf_1024_bao/sysgen/synth_model/roachf_1024_bao.vhd sub00/vhpl38 1340849964
AR sync_delay_en_entity_be14bb2386 structural /scratch/zaki/workspace/baobab/roachf_1024_bao/sysgen/synth_model/roachf_1024_bao.vhd sub06/vhpl611 1340850537
AR sync_delay_entity_05a8db3bf6 structural /scratch/zaki/workspace/baobab/roachf_1024_bao/sysgen/synth_model/roachf_1024_bao.vhd sub04/vhpl471 1340850397
AR bmg_62_bf3d90b03236aeec bmg_62_bf3d90b03236aeec_a /scratch/zaki/workspace/baobab/roachf_1024_bao/sysgen/synth_model/roachf_1024_bao.vhd sub00/vhpl15 1340849941
EN relational_831189b190 NULL /scratch/zaki/workspace/baobab/roachf_1024_bao/sysgen/synth_model/roachf_1024_bao.vhd sub01/vhpl170 1340850096
AR reinterpret_573890e1c0 behavior /scratch/zaki/workspace/baobab/roachf_1024_bao/sysgen/synth_model/roachf_1024_bao.vhd sub02/vhpl205 1340850131
AR logical_80f90b97d0 behavior /scratch/zaki/workspace/baobab/roachf_1024_bao/sysgen/synth_model/roachf_1024_bao.vhd sub01/vhpl167 1340850093
AR quant2_entity_8d0aee881d structural /scratch/zaki/workspace/baobab/roachf_1024_bao/sysgen/synth_model/roachf_1024_bao.vhd sub04/vhpl451 1340850377
EN xlspram NULL /scratch/zaki/workspace/baobab/roachf_1024_bao/sysgen/synth_model/roachf_1024_bao.vhd sub03/vhpl364 1340850290
AR constant_f1ac4bddff behavior /scratch/zaki/workspace/baobab/roachf_1024_bao/sysgen/synth_model/roachf_1024_bao.vhd sub04/vhpl413 1340850339
EN round1_entity_3a17b4da42 NULL /scratch/zaki/workspace/baobab/roachf_1024_bao/sysgen/synth_model/roachf_1024_bao.vhd sub04/vhpl444 1340850370
AR bitbasher_5b1e76c782 behavior /scratch/zaki/workspace/baobab/roachf_1024_bao/sysgen/synth_model/roachf_1024_bao.vhd sub03/vhpl335 1340850261
AR gbe_errors_entity_ba2d32ce40 structural /scratch/zaki/workspace/baobab/roachf_1024_bao/sysgen/synth_model/roachf_1024_bao.vhd sub05/vhpl551 1340850477
AR relational_b19165022f behavior /scratch/zaki/workspace/baobab/roachf_1024_bao/sysgen/synth_model/roachf_1024_bao.vhd sub02/vhpl299 1340850225
EN cntr_11_0_06789a19cedc7671 NULL /scratch/zaki/workspace/baobab/roachf_1024_bao/sysgen/synth_model/roachf_1024_bao.vhd sub00/vhpl34 1340849960
EN reinterpret_d51df7ac30 NULL /scratch/zaki/workspace/baobab/roachf_1024_bao/sysgen/synth_model/roachf_1024_bao.vhd sub01/vhpl102 1340850028
AR concat_15d98836ad behavior /scratch/zaki/workspace/baobab/roachf_1024_bao/sysgen/synth_model/roachf_1024_bao.vhd sub01/vhpl163 1340850089
AR bram_lsb_entity_6fae7c0dfe structural /scratch/zaki/workspace/baobab/roachf_1024_bao/sysgen/synth_model/roachf_1024_bao.vhd sub05/vhpl509 1340850435
AR negedge_entity_3f9c08cd79 structural /scratch/zaki/workspace/baobab/roachf_1024_bao/sysgen/synth_model/roachf_1024_bao.vhd sub05/vhpl545 1340850471
EN loopback_mux_entity_c2598f182e NULL /scratch/zaki/workspace/baobab/roachf_1024_bao/sysgen/synth_model/roachf_1024_bao.vhd sub05/vhpl552 1340850478
EN rollback_fifo_entity_6ec568e1ad NULL /scratch/zaki/workspace/baobab/roachf_1024_bao/sysgen/synth_model/roachf_1024_bao.vhd sub05/vhpl562 1340850488
EN concat_a9b7ee2019 NULL /scratch/zaki/workspace/baobab/roachf_1024_bao/sysgen/synth_model/roachf_1024_bao.vhd sub03/vhpl384 1340850310
AR logical_aacf6e1b0e behavior /scratch/zaki/workspace/baobab/roachf_1024_bao/sysgen/synth_model/roachf_1024_bao.vhd sub01/vhpl161 1340850087
AR relational_502d6cf7c0 behavior /scratch/zaki/workspace/baobab/roachf_1024_bao/sysgen/synth_model/roachf_1024_bao.vhd sub01/vhpl175 1340850101
EN input_entity_419054c073 NULL /scratch/zaki/workspace/baobab/roachf_1024_bao/sysgen/synth_model/roachf_1024_bao.vhd sub05/vhpl522 1340850448
EN constant_bbd7b31fe5 NULL /scratch/zaki/workspace/baobab/roachf_1024_bao/sysgen/synth_model/roachf_1024_bao.vhd sub01/vhpl110 1340850036
AR expr_52ec6336d5 behavior /scratch/zaki/workspace/baobab/roachf_1024_bao/sysgen/synth_model/roachf_1024_bao.vhd sub02/vhpl241 1340850167
AR xladdsub behavior /scratch/zaki/workspace/baobab/roachf_1024_bao/sysgen/synth_model/roachf_1024_bao.vhd sub03/vhpl345 1340850271
AR cnts_entity_ddc3eafeb3 structural /scratch/zaki/workspace/baobab/roachf_1024_bao/sysgen/synth_model/roachf_1024_bao.vhd sub05/vhpl589 1340850515
EN adc_unpack0_entity_e15e6835ac NULL /scratch/zaki/workspace/baobab/roachf_1024_bao/sysgen/synth_model/roachf_1024_bao.vhd sub04/vhpl466 1340850392
AR logical_1e8142cab4 behavior /scratch/zaki/workspace/baobab/roachf_1024_bao/sysgen/synth_model/roachf_1024_bao.vhd sub02/vhpl215 1340850141
AR concat_62c4475a80 behavior /scratch/zaki/workspace/baobab/roachf_1024_bao/sysgen/synth_model/roachf_1024_bao.vhd sub03/vhpl351 1340850277
AR sram_tvg1_entity_14d0098b7a structural /scratch/zaki/workspace/baobab/roachf_1024_bao/sysgen/synth_model/roachf_1024_bao.vhd sub06/vhpl631 1340850557
AR constant_a533fa908a behavior /scratch/zaki/workspace/baobab/roachf_1024_bao/sysgen/synth_model/roachf_1024_bao.vhd sub01/vhpl183 1340850109
EN asr_11_0_baa2205482699974 NULL /scratch/zaki/workspace/baobab/roachf_1024_bao/sysgen/synth_model/roachf_1024_bao.vhd sub00/vhpl64 1340849990
AR loopback_entity_e3d9044413 structural /scratch/zaki/workspace/baobab/roachf_1024_bao/sysgen/synth_model/roachf_1024_bao.vhd sub05/vhpl571 1340850497
AR qdr_entity_46e41fe4d7 structural /scratch/zaki/workspace/baobab/roachf_1024_bao/sysgen/synth_model/roachf_1024_bao.vhd sub06/vhpl607 1340850533
AR quant0_entity_a1ec737c60 structural /scratch/zaki/workspace/baobab/roachf_1024_bao/sysgen/synth_model/roachf_1024_bao.vhd sub04/vhpl447 1340850373
AR relational_0ffd72e037 behavior /scratch/zaki/workspace/baobab/roachf_1024_bao/sysgen/synth_model/roachf_1024_bao.vhd sub02/vhpl291 1340850217
EN constant_fe72737ca0 NULL /scratch/zaki/workspace/baobab/roachf_1024_bao/sysgen/synth_model/roachf_1024_bao.vhd sub03/vhpl352 1340850278
EN bmg_62_bf3d90b03236aeec NULL /scratch/zaki/workspace/baobab/roachf_1024_bao/sysgen/synth_model/roachf_1024_bao.vhd sub00/vhpl14 1340849940
AR delay17_entity_286e674199 structural /scratch/zaki/workspace/baobab/roachf_1024_bao/sysgen/synth_model/roachf_1024_bao.vhd sub05/vhpl535 1340850461
AR constant_0f59f02ba5 behavior /scratch/zaki/workspace/baobab/roachf_1024_bao/sysgen/synth_model/roachf_1024_bao.vhd sub03/vhpl377 1340850303
AR led1_arm_entity_eb12274228 structural /scratch/zaki/workspace/baobab/roachf_1024_bao/sysgen/synth_model/roachf_1024_bao.vhd sub04/vhpl457 1340850383
AR concat_d90e7950ae behavior /scratch/zaki/workspace/baobab/roachf_1024_bao/sysgen/synth_model/roachf_1024_bao.vhd sub03/vhpl367 1340850293
EN expr_52ec6336d5 NULL /scratch/zaki/workspace/baobab/roachf_1024_bao/sysgen/synth_model/roachf_1024_bao.vhd sub02/vhpl240 1340850166
AR pulse_ext4_entity_9928d70aee structural /scratch/zaki/workspace/baobab/roachf_1024_bao/sysgen/synth_model/roachf_1024_bao.vhd sub04/vhpl463 1340850389
EN xlslice NULL /scratch/zaki/workspace/baobab/roachf_1024_bao/sysgen/synth_model/roachf_1024_bao.vhd sub00/vhpl92 1340850018
AR round1_entity_3a17b4da42 structural /scratch/zaki/workspace/baobab/roachf_1024_bao/sysgen/synth_model/roachf_1024_bao.vhd sub04/vhpl445 1340850371
AR relational_80f62ac01d behavior /scratch/zaki/workspace/baobab/roachf_1024_bao/sysgen/synth_model/roachf_1024_bao.vhd sub01/vhpl189 1340850115
EN concat_62c4475a80 NULL /scratch/zaki/workspace/baobab/roachf_1024_bao/sysgen/synth_model/roachf_1024_bao.vhd sub03/vhpl350 1340850276
EN mux_52ae77d946 NULL /scratch/zaki/workspace/baobab/roachf_1024_bao/sysgen/synth_model/roachf_1024_bao.vhd sub02/vhpl230 1340850156
EN mux_1bef4ba0e4 NULL /scratch/zaki/workspace/baobab/roachf_1024_bao/sysgen/synth_model/roachf_1024_bao.vhd sub01/vhpl186 1340850112
EN reinterpret_f21e7f2ddf NULL /scratch/zaki/workspace/baobab/roachf_1024_bao/sysgen/synth_model/roachf_1024_bao.vhd sub03/vhpl346 1340850272
EN delay_9f02caa990 NULL /scratch/zaki/workspace/baobab/roachf_1024_bao/sysgen/synth_model/roachf_1024_bao.vhd sub01/vhpl104 1340850030
EN muxin0_entity_3eb0ba2729 NULL /scratch/zaki/workspace/baobab/roachf_1024_bao/sysgen/synth_model/roachf_1024_bao.vhd sub05/vhpl524 1340850450
AR constant_f5d769813d behavior /scratch/zaki/workspace/baobab/roachf_1024_bao/sysgen/synth_model/roachf_1024_bao.vhd sub02/vhpl209 1340850135
AR cntr_11_0_cbdd499775f6d0d5 cntr_11_0_cbdd499775f6d0d5_a /scratch/zaki/workspace/baobab/roachf_1024_bao/sysgen/synth_model/roachf_1024_bao.vhd sub00/vhpl43 1340849969
AR loopback_fifo_entity_12efd103ed structural /scratch/zaki/workspace/baobab/roachf_1024_bao/sysgen/synth_model/roachf_1024_bao.vhd sub05/vhpl565 1340850491
AR mux_f3924dc817 behavior /scratch/zaki/workspace/baobab/roachf_1024_bao/sysgen/synth_model/roachf_1024_bao.vhd sub03/vhpl379 1340850305
EN set_cnt_entity_0e6bd3622d NULL /scratch/zaki/workspace/baobab/roachf_1024_bao/sysgen/synth_model/roachf_1024_bao.vhd sub05/vhpl560 1340850486
EN bitbasher_0b7a692256 NULL /scratch/zaki/workspace/baobab/roachf_1024_bao/sysgen/synth_model/roachf_1024_bao.vhd sub02/vhpl274 1340850200
AR lb_fifo_error_entity_b6367d63c2 structural /scratch/zaki/workspace/baobab/roachf_1024_bao/sysgen/synth_model/roachf_1024_bao.vhd sub05/vhpl557 1340850483
AR convert_func_call behavior /scratch/zaki/workspace/baobab/roachf_1024_bao/sysgen/synth_model/roachf_1024_bao.vhd sub01/vhpl137 1340850063
AR delay15_entity_bf4f957bed structural /scratch/zaki/workspace/baobab/roachf_1024_bao/sysgen/synth_model/roachf_1024_bao.vhd sub05/vhpl531 1340850457
EN xlsprom NULL /scratch/zaki/workspace/baobab/roachf_1024_bao/sysgen/synth_model/roachf_1024_bao.vhd sub02/vhpl244 1340850170
AR status_entity_862e12a4dd structural /scratch/zaki/workspace/baobab/roachf_1024_bao/sysgen/synth_model/roachf_1024_bao.vhd sub05/vhpl579 1340850505
AR logical_dfe2dded7f behavior /scratch/zaki/workspace/baobab/roachf_1024_bao/sysgen/synth_model/roachf_1024_bao.vhd sub03/vhpl333 1340850259
AR constant_fbc2f0cce1 behavior /scratch/zaki/workspace/baobab/roachf_1024_bao/sysgen/synth_model/roachf_1024_bao.vhd sub04/vhpl417 1340850343
AR inverter_251f82b86b behavior /scratch/zaki/workspace/baobab/roachf_1024_bao/sysgen/synth_model/roachf_1024_bao.vhd sub01/vhpl193 1340850119
AR delay_54d5af2115 behavior /scratch/zaki/workspace/baobab/roachf_1024_bao/sysgen/synth_model/roachf_1024_bao.vhd sub03/vhpl359 1340850285
AR cntr_11_0_df2bb90b8fe02ecf cntr_11_0_df2bb90b8fe02ecf_a /scratch/zaki/workspace/baobab/roachf_1024_bao/sysgen/synth_model/roachf_1024_bao.vhd sub00/vhpl11 1340849937
AR relational_770e12e4ab behavior /scratch/zaki/workspace/baobab/roachf_1024_bao/sysgen/synth_model/roachf_1024_bao.vhd sub03/vhpl329 1340850255
AR shift_82822b2849 behavior /scratch/zaki/workspace/baobab/roachf_1024_bao/sysgen/synth_model/roachf_1024_bao.vhd sub02/vhpl237 1340850163
EN relational_6dfa374756 NULL /scratch/zaki/workspace/baobab/roachf_1024_bao/sysgen/synth_model/roachf_1024_bao.vhd sub03/vhpl324 1340850250
EN delay_d8eaaced1c NULL /scratch/zaki/workspace/baobab/roachf_1024_bao/sysgen/synth_model/roachf_1024_bao.vhd sub03/vhpl356 1340850282
AR dmg_62_d4b1790d74a4992a dmg_62_d4b1790d74a4992a_a /scratch/zaki/workspace/baobab/roachf_1024_bao/sysgen/synth_model/roachf_1024_bao.vhd sub00/vhpl31 1340849957
AR relational_ecc398b3c4 behavior /scratch/zaki/workspace/baobab/roachf_1024_bao/sysgen/synth_model/roachf_1024_bao.vhd sub01/vhpl151 1340850077
EN cntr_11_0_3867c5e9d5e6e2ed NULL /scratch/zaki/workspace/baobab/roachf_1024_bao/sysgen/synth_model/roachf_1024_bao.vhd sub00/vhpl62 1340849988
AR constant_1f5cc32f1e behavior /scratch/zaki/workspace/baobab/roachf_1024_bao/sysgen/synth_model/roachf_1024_bao.vhd sub03/vhpl375 1340850301
EN cntr_11_0_ef4fa43970ed82d0 NULL /scratch/zaki/workspace/baobab/roachf_1024_bao/sysgen/synth_model/roachf_1024_bao.vhd sub00/vhpl26 1340849952
AR xlsprom behavior /scratch/zaki/workspace/baobab/roachf_1024_bao/sysgen/synth_model/roachf_1024_bao.vhd sub02/vhpl245 1340850171
EN constant_4848f0569f NULL /scratch/zaki/workspace/baobab/roachf_1024_bao/sysgen/synth_model/roachf_1024_bao.vhd sub04/vhpl400 1340850326
AR xlsprom_dist behavior /scratch/zaki/workspace/baobab/roachf_1024_bao/sysgen/synth_model/roachf_1024_bao.vhd sub02/vhpl295 1340850221
AR mux_c7fc178374 behavior /scratch/zaki/workspace/baobab/roachf_1024_bao/sysgen/synth_model/roachf_1024_bao.vhd sub02/vhpl279 1340850205
EN fft_wideband_real_core2 NULL /scratch/zaki/workspace/baobab/roachf_1024_bao/sysgen/synth_model/roachf_1024_bao.vhd sub01/vhpl176 1340850102
AR mux_dc8b84fd59 behavior /scratch/zaki/workspace/baobab/roachf_1024_bao/sysgen/synth_model/roachf_1024_bao.vhd sub03/vhpl361 1340850287
EN constant_f5d769813d NULL /scratch/zaki/workspace/baobab/roachf_1024_bao/sysgen/synth_model/roachf_1024_bao.vhd sub02/vhpl208 1340850134
AR concat_a9b7ee2019 behavior /scratch/zaki/workspace/baobab/roachf_1024_bao/sysgen/synth_model/roachf_1024_bao.vhd sub03/vhpl385 1340850311
EN pol_pack0_entity_f12789f01f NULL /scratch/zaki/workspace/baobab/roachf_1024_bao/sysgen/synth_model/roachf_1024_bao.vhd sub04/vhpl438 1340850364
EN p24_extender_entity_c0f36f30a5 NULL /scratch/zaki/workspace/baobab/roachf_1024_bao/sysgen/synth_model/roachf_1024_bao.vhd sub04/vhpl484 1340850410
EN subsystem1_entity_c23e69437f NULL /scratch/zaki/workspace/baobab/roachf_1024_bao/sysgen/synth_model/roachf_1024_bao.vhd sub05/vhpl538 1340850464
EN loopback_entity_e3d9044413 NULL /scratch/zaki/workspace/baobab/roachf_1024_bao/sysgen/synth_model/roachf_1024_bao.vhd sub05/vhpl570 1340850496
AR concat_ca389bcebb behavior /scratch/zaki/workspace/baobab/roachf_1024_bao/sysgen/synth_model/roachf_1024_bao.vhd sub03/vhpl369 1340850295
AR mux_66eab071c1 behavior /scratch/zaki/workspace/baobab/roachf_1024_bao/sysgen/synth_model/roachf_1024_bao.vhd sub04/vhpl411 1340850337
EN concat_51e4631301 NULL /scratch/zaki/workspace/baobab/roachf_1024_bao/sysgen/synth_model/roachf_1024_bao.vhd sub03/vhpl342 1340850268
AR pfbs_entity_5b3a77ef5c structural /scratch/zaki/workspace/baobab/roachf_1024_bao/sysgen/synth_model/roachf_1024_bao.vhd sub04/vhpl469 1340850395
EN addr_entity_e2abd01cbb NULL /scratch/zaki/workspace/baobab/roachf_1024_bao/sysgen/synth_model/roachf_1024_bao.vhd sub05/vhpl580 1340850506
AR cntr_11_0_b9730cea34623a8b cntr_11_0_b9730cea34623a8b_a /scratch/zaki/workspace/baobab/roachf_1024_bao/sysgen/synth_model/roachf_1024_bao.vhd sub00/vhpl41 1340849967
EN reinterpret_573890e1c0 NULL /scratch/zaki/workspace/baobab/roachf_1024_bao/sysgen/synth_model/roachf_1024_bao.vhd sub02/vhpl204 1340850130
AR relational_8fc7f5539b behavior /scratch/zaki/workspace/baobab/roachf_1024_bao/sysgen/synth_model/roachf_1024_bao.vhd sub03/vhpl393 1340850319
EN switch_entity_e19760fbab NULL /scratch/zaki/workspace/baobab/roachf_1024_bao/sysgen/synth_model/roachf_1024_bao.vhd sub05/vhpl598 1340850524
EN negedge_entity_3f9c08cd79 NULL /scratch/zaki/workspace/baobab/roachf_1024_bao/sysgen/synth_model/roachf_1024_bao.vhd sub05/vhpl544 1340850470
EN xlpassthrough NULL /scratch/zaki/workspace/baobab/roachf_1024_bao/sysgen/synth_model/roachf_1024_bao.vhd sub01/vhpl108 1340850034
EN synth_reg_w_init NULL /scratch/zaki/workspace/baobab/roachf_1024_bao/sysgen/synth_model/roachf_1024_bao.vhd sub00/vhpl88 1340850014
AR asr_11_0_baa2205482699974 asr_11_0_baa2205482699974_a /scratch/zaki/workspace/baobab/roachf_1024_bao/sysgen/synth_model/roachf_1024_bao.vhd sub00/vhpl65 1340849991
EN calc_add_entity_1c575321c8 NULL /scratch/zaki/workspace/baobab/roachf_1024_bao/sysgen/synth_model/roachf_1024_bao.vhd sub05/vhpl540 1340850466
AR constant_efdc042771 behavior /scratch/zaki/workspace/baobab/roachf_1024_bao/sysgen/synth_model/roachf_1024_bao.vhd sub01/vhpl179 1340850105
AR cntr_11_0_2f4d5faecc7b9ee5 cntr_11_0_2f4d5faecc7b9ee5_a /scratch/zaki/workspace/baobab/roachf_1024_bao/sysgen/synth_model/roachf_1024_bao.vhd sub00/vhpl23 1340849949
AR cntr_11_0_7310fc5156c4342e cntr_11_0_7310fc5156c4342e_a /scratch/zaki/workspace/baobab/roachf_1024_bao/sysgen/synth_model/roachf_1024_bao.vhd sub00/vhpl19 1340849945
EN quant0_entity_a1ec737c60 NULL /scratch/zaki/workspace/baobab/roachf_1024_bao/sysgen/synth_model/roachf_1024_bao.vhd sub04/vhpl446 1340850372
EN mult_ca473f56c4 NULL /scratch/zaki/workspace/baobab/roachf_1024_bao/sysgen/synth_model/roachf_1024_bao.vhd sub01/vhpl142 1340850068
AR mux_66e06093b2 behavior /scratch/zaki/workspace/baobab/roachf_1024_bao/sysgen/synth_model/roachf_1024_bao.vhd sub03/vhpl305 1340850231
EN delay_cf4f99539f NULL /scratch/zaki/workspace/baobab/roachf_1024_bao/sysgen/synth_model/roachf_1024_bao.vhd sub01/vhpl116 1340850042
AR constant_963ed6358a behavior /scratch/zaki/workspace/baobab/roachf_1024_bao/sysgen/synth_model/roachf_1024_bao.vhd sub01/vhpl113 1340850039
EN gbe3_entity_284bc3277d NULL /scratch/zaki/workspace/baobab/roachf_1024_bao/sysgen/synth_model/roachf_1024_bao.vhd sub05/vhpl590 1340850516
AR adc_entity_bb24f9e134 structural /scratch/zaki/workspace/baobab/roachf_1024_bao/sysgen/synth_model/roachf_1024_bao.vhd sub04/vhpl435 1340850361
EN constant_bdd7f47790 NULL /scratch/zaki/workspace/baobab/roachf_1024_bao/sysgen/synth_model/roachf_1024_bao.vhd sub01/vhpl168 1340850094
AR gbe3_entity_284bc3277d structural /scratch/zaki/workspace/baobab/roachf_1024_bao/sysgen/synth_model/roachf_1024_bao.vhd sub05/vhpl591 1340850517
AR packetiser1_entity_8e5e7ec95a structural /scratch/zaki/workspace/baobab/roachf_1024_bao/sysgen/synth_model/roachf_1024_bao.vhd sub05/vhpl597 1340850523
EN cntr_11_0_75f1adc66a6c6121 NULL /scratch/zaki/workspace/baobab/roachf_1024_bao/sysgen/synth_model/roachf_1024_bao.vhd sub00/vhpl28 1340849954
EN mux_dc8b84fd59 NULL /scratch/zaki/workspace/baobab/roachf_1024_bao/sysgen/synth_model/roachf_1024_bao.vhd sub03/vhpl360 1340850286
AR delay_bram_entity_71a8873683 structural /scratch/zaki/workspace/baobab/roachf_1024_bao/sysgen/synth_model/roachf_1024_bao.vhd sub06/vhpl603 1340850529
AR constant_7ea0f2fff7 behavior /scratch/zaki/workspace/baobab/roachf_1024_bao/sysgen/synth_model/roachf_1024_bao.vhd sub03/vhpl309 1340850235
AR concat_32afb77cd2 behavior /scratch/zaki/workspace/baobab/roachf_1024_bao/sysgen/synth_model/roachf_1024_bao.vhd sub01/vhpl127 1340850053
AR bmg_62_45150160fbf326f2 bmg_62_45150160fbf326f2_a /scratch/zaki/workspace/baobab/roachf_1024_bao/sysgen/synth_model/roachf_1024_bao.vhd sub00/vhpl49 1340849975
AR constant_8dd5e0b380 behavior /scratch/zaki/workspace/baobab/roachf_1024_bao/sysgen/synth_model/roachf_1024_bao.vhd sub03/vhpl399 1340850325
AR cntr_11_0_06789a19cedc7671 cntr_11_0_06789a19cedc7671_a /scratch/zaki/workspace/baobab/roachf_1024_bao/sysgen/synth_model/roachf_1024_bao.vhd sub00/vhpl35 1340849961
EN logical_aacf6e1b0e NULL /scratch/zaki/workspace/baobab/roachf_1024_bao/sysgen/synth_model/roachf_1024_bao.vhd sub01/vhpl160 1340850086
AR bmg_62_4780518c6f20c162 bmg_62_4780518c6f20c162_a /scratch/zaki/workspace/baobab/roachf_1024_bao/sysgen/synth_model/roachf_1024_bao.vhd sub00/vhpl59 1340849985
EN pulse_ext4_entity_9928d70aee NULL /scratch/zaki/workspace/baobab/roachf_1024_bao/sysgen/synth_model/roachf_1024_bao.vhd sub04/vhpl462 1340850388
EN mux_eb6266ebdd NULL /scratch/zaki/workspace/baobab/roachf_1024_bao/sysgen/synth_model/roachf_1024_bao.vhd sub02/vhpl260 1340850186
EN constant_a1c496ea88 NULL /scratch/zaki/workspace/baobab/roachf_1024_bao/sysgen/synth_model/roachf_1024_bao.vhd sub03/vhpl372 1340850298
AR logical_444d3f5046 behavior /scratch/zaki/workspace/baobab/roachf_1024_bao/sysgen/synth_model/roachf_1024_bao.vhd sub02/vhpl289 1340850215
AR cntr_11_0_aecd98f86e85228c cntr_11_0_aecd98f86e85228c_a /scratch/zaki/workspace/baobab/roachf_1024_bao/sysgen/synth_model/roachf_1024_bao.vhd sub00/vhpl09 1340849935
EN moore_state_machine_entity_0aa912d7d4 NULL /scratch/zaki/workspace/baobab/roachf_1024_bao/sysgen/synth_model/roachf_1024_bao.vhd sub05/vhpl548 1340850474
AR inverter_e5b38cca3b behavior /scratch/zaki/workspace/baobab/roachf_1024_bao/sysgen/synth_model/roachf_1024_bao.vhd sub01/vhpl165 1340850091
AR addsb_11_0_e48e31d556a35f15 addsb_11_0_e48e31d556a35f15_a /scratch/zaki/workspace/baobab/roachf_1024_bao/sysgen/synth_model/roachf_1024_bao.vhd sub00/vhpl51 1340849977
EN reinterpret_9306b5127f NULL /scratch/zaki/workspace/baobab/roachf_1024_bao/sysgen/synth_model/roachf_1024_bao.vhd sub01/vhpl118 1340850044
AR reinterpret_4389dc89bf behavior /scratch/zaki/workspace/baobab/roachf_1024_bao/sysgen/synth_model/roachf_1024_bao.vhd sub00/vhpl99 1340850025
EN delay_e4b9fcaf02 NULL /scratch/zaki/workspace/baobab/roachf_1024_bao/sysgen/synth_model/roachf_1024_bao.vhd sub01/vhpl154 1340850080
EN conv_entity_e9ddda52b5 NULL /scratch/zaki/workspace/baobab/roachf_1024_bao/sysgen/synth_model/roachf_1024_bao.vhd sub04/vhpl432 1340850358
AR xldpram behavior /scratch/zaki/workspace/baobab/roachf_1024_bao/sysgen/synth_model/roachf_1024_bao.vhd sub01/vhpl123 1340850049
AR relational_237db0f5b9 behavior /scratch/zaki/workspace/baobab/roachf_1024_bao/sysgen/synth_model/roachf_1024_bao.vhd sub04/vhpl405 1340850331
AR calc_add_entity_1c575321c8 structural /scratch/zaki/workspace/baobab/roachf_1024_bao/sysgen/synth_model/roachf_1024_bao.vhd sub05/vhpl541 1340850467
EN sync_delay_entity_2197b989b8 NULL /scratch/zaki/workspace/baobab/roachf_1024_bao/sysgen/synth_model/roachf_1024_bao.vhd sub06/vhpl614 1340850540
AR moore_state_machine_entity_0aa912d7d4 structural /scratch/zaki/workspace/baobab/roachf_1024_bao/sysgen/synth_model/roachf_1024_bao.vhd sub05/vhpl549 1340850475
EN concat_6f053a7fcf NULL /scratch/zaki/workspace/baobab/roachf_1024_bao/sysgen/synth_model/roachf_1024_bao.vhd sub03/vhpl340 1340850266
AR wgns_entity_141b1491ee structural /scratch/zaki/workspace/baobab/roachf_1024_bao/sysgen/synth_model/roachf_1024_bao.vhd sub05/vhpl501 1340850427
AR delay_a99984b20e behavior /scratch/zaki/workspace/baobab/roachf_1024_bao/sysgen/synth_model/roachf_1024_bao.vhd sub04/vhpl423 1340850349
AR logical_a6d07705dd behavior /scratch/zaki/workspace/baobab/roachf_1024_bao/sysgen/synth_model/roachf_1024_bao.vhd sub01/vhpl107 1340850033
EN xlclockdriver NULL /scratch/zaki/workspace/baobab/roachf_1024_bao/sysgen/synth_model/roachf_1024_bao_cw.vhd sub06/vhpl636 1340850562
EN noise0_entity_e51b957e94 NULL /scratch/zaki/workspace/baobab/roachf_1024_bao/sysgen/synth_model/roachf_1024_bao.vhd sub04/vhpl498 1340850424
EN cntr_11_0_59da7a7e9e683c63 NULL /scratch/zaki/workspace/baobab/roachf_1024_bao/sysgen/synth_model/roachf_1024_bao.vhd sub00/vhpl02 1340849928
AR concat_1d98d96b58 behavior /scratch/zaki/workspace/baobab/roachf_1024_bao/sysgen/synth_model/roachf_1024_bao.vhd sub02/vhpl281 1340850207
AR addsub_542df25df6 behavior /scratch/zaki/workspace/baobab/roachf_1024_bao/sysgen/synth_model/roachf_1024_bao.vhd sub02/vhpl207 1340850133
AR xlcounter_free behavior /scratch/zaki/workspace/baobab/roachf_1024_bao/sysgen/synth_model/roachf_1024_bao.vhd sub01/vhpl115 1340850041
EN expr_c255d1cf74 NULL /scratch/zaki/workspace/baobab/roachf_1024_bao/sysgen/synth_model/roachf_1024_bao.vhd sub02/vhpl238 1340850164
AR constant_bdd7f47790 behavior /scratch/zaki/workspace/baobab/roachf_1024_bao/sysgen/synth_model/roachf_1024_bao.vhd sub01/vhpl169 1340850095
EN mux_d99e59b6d4 NULL /scratch/zaki/workspace/baobab/roachf_1024_bao/sysgen/synth_model/roachf_1024_bao.vhd sub02/vhpl264 1340850190
EN leds_entity_dca6373a98 NULL /scratch/zaki/workspace/baobab/roachf_1024_bao/sysgen/synth_model/roachf_1024_bao.vhd sub04/vhpl464 1340850390
EN shift_82822b2849 NULL /scratch/zaki/workspace/baobab/roachf_1024_bao/sysgen/synth_model/roachf_1024_bao.vhd sub02/vhpl236 1340850162
EN bmg_62_8b6902f70206a636 NULL /scratch/zaki/workspace/baobab/roachf_1024_bao/sysgen/synth_model/roachf_1024_bao.vhd sub00/vhpl24 1340849950
EN concat_8f12c32de0 NULL /scratch/zaki/workspace/baobab/roachf_1024_bao/sysgen/synth_model/roachf_1024_bao.vhd sub02/vhpl292 1340850218
AR cntr_11_0_3867c5e9d5e6e2ed cntr_11_0_3867c5e9d5e6e2ed_a /scratch/zaki/workspace/baobab/roachf_1024_bao/sysgen/synth_model/roachf_1024_bao.vhd sub00/vhpl63 1340849989
EN bmg_62_4780518c6f20c162 NULL /scratch/zaki/workspace/baobab/roachf_1024_bao/sysgen/synth_model/roachf_1024_bao.vhd sub00/vhpl58 1340849984
AR eq_store0_entity_66fb14fa71 structural /scratch/zaki/workspace/baobab/roachf_1024_bao/sysgen/synth_model/roachf_1024_bao.vhd sub04/vhpl443 1340850369
EN delay_din_bram0_entity_e39d1fc4a6 NULL /scratch/zaki/workspace/baobab/roachf_1024_bao/sysgen/synth_model/roachf_1024_bao.vhd sub06/vhpl608 1340850534
AR constant_a1c496ea88 behavior /scratch/zaki/workspace/baobab/roachf_1024_bao/sysgen/synth_model/roachf_1024_bao.vhd sub03/vhpl373 1340850299
AR xlmult behavior /scratch/zaki/workspace/baobab/roachf_1024_bao/sysgen/synth_model/roachf_1024_bao.vhd sub02/vhpl247 1340850173
EN relational_0bd6d8bc7a NULL /scratch/zaki/workspace/baobab/roachf_1024_bao/sysgen/synth_model/roachf_1024_bao.vhd sub03/vhpl300 1340850226
EN reorder1_entity_017a884d17 NULL /scratch/zaki/workspace/baobab/roachf_1024_bao/sysgen/synth_model/roachf_1024_bao.vhd sub06/vhpl626 1340850552
AR sram_tvg_entity_a991984dd5 structural /scratch/zaki/workspace/baobab/roachf_1024_bao/sysgen/synth_model/roachf_1024_bao.vhd sub06/vhpl629 1340850555
EN transpose_entity_392290f6fe NULL /scratch/zaki/workspace/baobab/roachf_1024_bao/sysgen/synth_model/roachf_1024_bao.vhd sub06/vhpl632 1340850558
EN constant_0f59f02ba5 NULL /scratch/zaki/workspace/baobab/roachf_1024_bao/sysgen/synth_model/roachf_1024_bao.vhd sub03/vhpl376 1340850302
AR relational_a4fe5a77f9 behavior /scratch/zaki/workspace/baobab/roachf_1024_bao/sysgen/synth_model/roachf_1024_bao.vhd sub03/vhpl315 1340850241
AR constant_6a1bb6dda6 behavior /scratch/zaki/workspace/baobab/roachf_1024_bao/sysgen/synth_model/roachf_1024_bao.vhd sub03/vhpl339 1340850265
EN relational_8fc7f5539b NULL /scratch/zaki/workspace/baobab/roachf_1024_bao/sysgen/synth_model/roachf_1024_bao.vhd sub03/vhpl392 1340850318
AR logical_e82b2f8c26 behavior /scratch/zaki/workspace/baobab/roachf_1024_bao/sysgen/synth_model/roachf_1024_bao.vhd sub03/vhpl321 1340850247
EN sync_delay_en_entity_85b0139e89 NULL /scratch/zaki/workspace/baobab/roachf_1024_bao/sysgen/synth_model/roachf_1024_bao.vhd sub06/vhpl622 1340850548
EN concat_a1e126f11c NULL /scratch/zaki/workspace/baobab/roachf_1024_bao/sysgen/synth_model/roachf_1024_bao.vhd sub01/vhpl100 1340850026
AR xlspram_dist behavior /scratch/zaki/workspace/baobab/roachf_1024_bao/sysgen/synth_model/roachf_1024_bao.vhd sub03/vhpl389 1340850315
AR reinterpret_6b1adb5d55 behavior /scratch/zaki/workspace/baobab/roachf_1024_bao/sysgen/synth_model/roachf_1024_bao.vhd sub02/vhpl211 1340850137
AR relational_b96ef4c7a7 behavior /scratch/zaki/workspace/baobab/roachf_1024_bao/sysgen/synth_model/roachf_1024_bao.vhd sub01/vhpl191 1340850117
AR logical_e77c53f8bd behavior /scratch/zaki/workspace/baobab/roachf_1024_bao/sysgen/synth_model/roachf_1024_bao.vhd sub03/vhpl317 1340850243
EN reinterpret_6b1adb5d55 NULL /scratch/zaki/workspace/baobab/roachf_1024_bao/sysgen/synth_model/roachf_1024_bao.vhd sub02/vhpl210 1340850136
AR mux_1bef4ba0e4 behavior /scratch/zaki/workspace/baobab/roachf_1024_bao/sysgen/synth_model/roachf_1024_bao.vhd sub01/vhpl187 1340850113
AR mux_52ae77d946 behavior /scratch/zaki/workspace/baobab/roachf_1024_bao/sysgen/synth_model/roachf_1024_bao.vhd sub02/vhpl231 1340850157
AR cntr_11_0_e94528e03054f4e0 cntr_11_0_e94528e03054f4e0_a /scratch/zaki/workspace/baobab/roachf_1024_bao/sysgen/synth_model/roachf_1024_bao.vhd sub00/vhpl01 1340849927
EN relational_237db0f5b9 NULL /scratch/zaki/workspace/baobab/roachf_1024_bao/sysgen/synth_model/roachf_1024_bao.vhd sub04/vhpl404 1340850330
EN quant2_entity_8d0aee881d NULL /scratch/zaki/workspace/baobab/roachf_1024_bao/sysgen/synth_model/roachf_1024_bao.vhd sub04/vhpl450 1340850376
AR relational_1a5580632c behavior /scratch/zaki/workspace/baobab/roachf_1024_bao/sysgen/synth_model/roachf_1024_bao.vhd sub01/vhpl121 1340850047
AR concat_8f12c32de0 behavior /scratch/zaki/workspace/baobab/roachf_1024_bao/sysgen/synth_model/roachf_1024_bao.vhd sub02/vhpl293 1340850219
EN logical_e82b2f8c26 NULL /scratch/zaki/workspace/baobab/roachf_1024_bao/sysgen/synth_model/roachf_1024_bao.vhd sub03/vhpl320 1340850246
AR cnts_entity_20ab13c2d7 structural /scratch/zaki/workspace/baobab/roachf_1024_bao/sysgen/synth_model/roachf_1024_bao.vhd sub05/vhpl547 1340850473
EN x10gbetxsnap_entity_0c32b1f23a NULL /scratch/zaki/workspace/baobab/roachf_1024_bao/sysgen/synth_model/roachf_1024_bao.vhd sub05/vhpl586 1340850512
EN delay_e2d047c154 NULL /scratch/zaki/workspace/baobab/roachf_1024_bao/sysgen/synth_model/roachf_1024_bao.vhd sub03/vhpl354 1340850280
AR rx_pkt_fifo_entity_3b8b649db2 structural /scratch/zaki/workspace/baobab/roachf_1024_bao/sysgen/synth_model/roachf_1024_bao.vhd sub05/vhpl569 1340850495
AR relational_bf28cbdb81 behavior /scratch/zaki/workspace/baobab/roachf_1024_bao/sysgen/synth_model/roachf_1024_bao.vhd sub04/vhpl403 1340850329
EN relational_ecc398b3c4 NULL /scratch/zaki/workspace/baobab/roachf_1024_bao/sysgen/synth_model/roachf_1024_bao.vhd sub01/vhpl150 1340850076
EN synth_reg_reg NULL /scratch/zaki/workspace/baobab/roachf_1024_bao/sysgen/synth_model/roachf_1024_bao.vhd sub00/vhpl84 1340850010
AR transpose_entity_392290f6fe structural /scratch/zaki/workspace/baobab/roachf_1024_bao/sysgen/synth_model/roachf_1024_bao.vhd sub06/vhpl633 1340850559
AR synth_reg_reg behav /scratch/zaki/workspace/baobab/roachf_1024_bao/sysgen/synth_model/roachf_1024_bao.vhd sub00/vhpl85 1340850011
AR roachf_1024_bao_cw structural /scratch/zaki/workspace/baobab/roachf_1024_bao/sysgen/synth_model/roachf_1024_bao_cw.vhd sub06/vhpl641 1340850567
AR concat_6f0047a4a5 behavior /scratch/zaki/workspace/baobab/roachf_1024_bao/sysgen/synth_model/roachf_1024_bao.vhd sub02/vhpl263 1340850189
EN reinterpret_9a13f6a2a0 NULL /scratch/zaki/workspace/baobab/roachf_1024_bao/sysgen/synth_model/roachf_1024_bao.vhd sub02/vhpl266 1340850192
EN concat_83e473517e NULL /scratch/zaki/workspace/baobab/roachf_1024_bao/sysgen/synth_model/roachf_1024_bao.vhd sub00/vhpl94 1340850020
EN lsb_entity_efdbd85c26 NULL /scratch/zaki/workspace/baobab/roachf_1024_bao/sysgen/synth_model/roachf_1024_bao.vhd sub05/vhpl516 1340850442
AR mcnt_entity_b302e6a25d structural /scratch/zaki/workspace/baobab/roachf_1024_bao/sysgen/synth_model/roachf_1024_bao.vhd sub05/vhpl519 1340850445
EN bmg_62_45150160fbf326f2 NULL /scratch/zaki/workspace/baobab/roachf_1024_bao/sysgen/synth_model/roachf_1024_bao.vhd sub00/vhpl48 1340849974
AR sync_delay_entity_2197b989b8 structural /scratch/zaki/workspace/baobab/roachf_1024_bao/sysgen/synth_model/roachf_1024_bao.vhd sub06/vhpl615 1340850541
EN constant_75dd29cbe7 NULL /scratch/zaki/workspace/baobab/roachf_1024_bao/sysgen/synth_model/roachf_1024_bao.vhd sub02/vhpl286 1340850212
EN constant_3ee5f91fcf NULL /scratch/zaki/workspace/baobab/roachf_1024_bao/sysgen/synth_model/roachf_1024_bao.vhd sub01/vhpl128 1340850054
AR cntr_11_0_75f1adc66a6c6121 cntr_11_0_75f1adc66a6c6121_a /scratch/zaki/workspace/baobab/roachf_1024_bao/sysgen/synth_model/roachf_1024_bao.vhd sub00/vhpl29 1340849955
AR constant_0c5228935e behavior /scratch/zaki/workspace/baobab/roachf_1024_bao/sysgen/synth_model/roachf_1024_bao.vhd sub02/vhpl273 1340850199
EN delay_54d5af2115 NULL /scratch/zaki/workspace/baobab/roachf_1024_bao/sysgen/synth_model/roachf_1024_bao.vhd sub03/vhpl358 1340850284
AR delay_e4b9fcaf02 behavior /scratch/zaki/workspace/baobab/roachf_1024_bao/sysgen/synth_model/roachf_1024_bao.vhd sub01/vhpl155 1340850081
EN input_mux_entity_0d9ee34ec0 NULL /scratch/zaki/workspace/baobab/roachf_1024_bao/sysgen/synth_model/roachf_1024_bao.vhd sub05/vhpl526 1340850452
EN reinterpret_86b044698f NULL /scratch/zaki/workspace/baobab/roachf_1024_bao/sysgen/synth_model/roachf_1024_bao.vhd sub03/vhpl382 1340850308
AR dmg_62_0a86efc0bb6fa1ec dmg_62_0a86efc0bb6fa1ec_a /scratch/zaki/workspace/baobab/roachf_1024_bao/sysgen/synth_model/roachf_1024_bao.vhd sub00/vhpl61 1340849987
AR bootstrap_entity_f4ae31524b structural /scratch/zaki/workspace/baobab/roachf_1024_bao/sysgen/synth_model/roachf_1024_bao.vhd sub04/vhpl483 1340850409
EN cnts_entity_20ab13c2d7 NULL /scratch/zaki/workspace/baobab/roachf_1024_bao/sysgen/synth_model/roachf_1024_bao.vhd sub05/vhpl546 1340850472
AR constant_822933f89b behavior /scratch/zaki/workspace/baobab/roachf_1024_bao/sysgen/synth_model/roachf_1024_bao.vhd sub03/vhpl371 1340850297
EN relational_d36fe12c1c NULL /scratch/zaki/workspace/baobab/roachf_1024_bao/sysgen/synth_model/roachf_1024_bao.vhd sub03/vhpl322 1340850248
AR cntr_11_0_56cea93c32f2afe9 cntr_11_0_56cea93c32f2afe9_a /scratch/zaki/workspace/baobab/roachf_1024_bao/sysgen/synth_model/roachf_1024_bao.vhd sub00/vhpl75 1340850001
AR ip_generator_entity_03b2fa9a07 structural /scratch/zaki/workspace/baobab/roachf_1024_bao/sysgen/synth_model/roachf_1024_bao.vhd sub05/vhpl593 1340850519
EN default_clock_driver NULL /scratch/zaki/workspace/baobab/roachf_1024_bao/sysgen/synth_model/roachf_1024_bao_cw.vhd sub06/vhpl638 1340850564
AR xlslice behavior /scratch/zaki/workspace/baobab/roachf_1024_bao/sysgen/synth_model/roachf_1024_bao.vhd sub00/vhpl93 1340850019
AR cntr_11_0_2b657e2d1d4c21af cntr_11_0_2b657e2d1d4c21af_a /scratch/zaki/workspace/baobab/roachf_1024_bao/sysgen/synth_model/roachf_1024_bao.vhd sub00/vhpl57 1340849983
EN sincos_entity_8be6732481 NULL /scratch/zaki/workspace/baobab/roachf_1024_bao/sysgen/synth_model/roachf_1024_bao.vhd sub04/vhpl492 1340850418
EN eq_store0_entity_66fb14fa71 NULL /scratch/zaki/workspace/baobab/roachf_1024_bao/sysgen/synth_model/roachf_1024_bao.vhd sub04/vhpl442 1340850368
EN constant_efdc042771 NULL /scratch/zaki/workspace/baobab/roachf_1024_bao/sysgen/synth_model/roachf_1024_bao.vhd sub01/vhpl178 1340850104
EN relational_47b317dab6 NULL /scratch/zaki/workspace/baobab/roachf_1024_bao/sysgen/synth_model/roachf_1024_bao.vhd sub03/vhpl394 1340850320
AR cntr_11_0_0c416b7970c344c3 cntr_11_0_0c416b7970c344c3_a /scratch/zaki/workspace/baobab/roachf_1024_bao/sysgen/synth_model/roachf_1024_bao.vhd sub00/vhpl77 1340850003
EN cntr_11_0_cbdd499775f6d0d5 NULL /scratch/zaki/workspace/baobab/roachf_1024_bao/sysgen/synth_model/roachf_1024_bao.vhd sub00/vhpl42 1340849968
EN constant_f8d41441cb NULL /scratch/zaki/workspace/baobab/roachf_1024_bao/sysgen/synth_model/roachf_1024_bao.vhd sub02/vhpl218 1340850144
AR constant_b713aad2a7 behavior /scratch/zaki/workspace/baobab/roachf_1024_bao/sysgen/synth_model/roachf_1024_bao.vhd sub01/vhpl173 1340850099
EN synth_reg NULL /scratch/zaki/workspace/baobab/roachf_1024_bao/sysgen/synth_model/roachf_1024_bao.vhd sub00/vhpl82 1340850008
EN constant_91ef1678ca NULL /scratch/zaki/workspace/baobab/roachf_1024_bao/sysgen/synth_model/roachf_1024_bao.vhd sub04/vhpl424 1340850350
AR tt800_uprng_entity_f26ddee7e7 structural /scratch/zaki/workspace/baobab/roachf_1024_bao/sysgen/synth_model/roachf_1024_bao.vhd sub04/vhpl491 1340850417
EN constant_498bc68c14 NULL /scratch/zaki/workspace/baobab/roachf_1024_bao/sysgen/synth_model/roachf_1024_bao.vhd sub04/vhpl414 1340850340
EN srl17e NULL /scratch/zaki/workspace/baobab/roachf_1024_bao/sysgen/synth_model/roachf_1024_bao.vhd sub00/vhpl80 1340850006
AR reinterpret_d9988e3d87 behavior /scratch/zaki/workspace/baobab/roachf_1024_bao/sysgen/synth_model/roachf_1024_bao.vhd sub02/vhpl249 1340850175
EN lfsr_f82dbd1991 NULL /scratch/zaki/workspace/baobab/roachf_1024_bao/sysgen/synth_model/roachf_1024_bao.vhd sub02/vhpl242 1340850168
EN tt800_engine_entity_2098f6d430 NULL /scratch/zaki/workspace/baobab/roachf_1024_bao/sysgen/synth_model/roachf_1024_bao.vhd sub04/vhpl480 1340850406
AR reinterpret_9a0fa0f632 behavior /scratch/zaki/workspace/baobab/roachf_1024_bao/sysgen/synth_model/roachf_1024_bao.vhd sub01/vhpl147 1340850073
EN gbe2_entity_04f1430afd NULL /scratch/zaki/workspace/baobab/roachf_1024_bao/sysgen/synth_model/roachf_1024_bao.vhd sub05/vhpl514 1340850440
AR input_entity_419054c073 structural /scratch/zaki/workspace/baobab/roachf_1024_bao/sysgen/synth_model/roachf_1024_bao.vhd sub05/vhpl523 1340850449
EN bitbasher_a85d9bdfd2 NULL /scratch/zaki/workspace/baobab/roachf_1024_bao/sysgen/synth_model/roachf_1024_bao.vhd sub02/vhpl254 1340850180
AR mux_2af8d8c05a behavior /scratch/zaki/workspace/baobab/roachf_1024_bao/sysgen/synth_model/roachf_1024_bao.vhd sub03/vhpl381 1340850307
AR xladdrsr behavior /scratch/zaki/workspace/baobab/roachf_1024_bao/sysgen/synth_model/roachf_1024_bao.vhd sub02/vhpl277 1340850203
EN concat_09e13b86e0 NULL /scratch/zaki/workspace/baobab/roachf_1024_bao/sysgen/synth_model/roachf_1024_bao.vhd sub03/vhpl302 1340850228
AR mux_eb6266ebdd behavior /scratch/zaki/workspace/baobab/roachf_1024_bao/sysgen/synth_model/roachf_1024_bao.vhd sub02/vhpl261 1340850187
EN bootstrap_entity_f4ae31524b NULL /scratch/zaki/workspace/baobab/roachf_1024_bao/sysgen/synth_model/roachf_1024_bao.vhd sub04/vhpl482 1340850408
EN mult_11_2_d745d7ddd0aa234d NULL /scratch/zaki/workspace/baobab/roachf_1024_bao/sysgen/synth_model/roachf_1024_bao.vhd sub00/vhpl70 1340849996
AR relational_0bd6d8bc7a behavior /scratch/zaki/workspace/baobab/roachf_1024_bao/sysgen/synth_model/roachf_1024_bao.vhd sub03/vhpl301 1340850227
AR addr_entity_e2abd01cbb structural /scratch/zaki/workspace/baobab/roachf_1024_bao/sysgen/synth_model/roachf_1024_bao.vhd sub05/vhpl581 1340850507
AR reinterpret_d51df7ac30 behavior /scratch/zaki/workspace/baobab/roachf_1024_bao/sysgen/synth_model/roachf_1024_bao.vhd sub01/vhpl103 1340850029
EN constant_b437b02512 NULL /scratch/zaki/workspace/baobab/roachf_1024_bao/sysgen/synth_model/roachf_1024_bao.vhd sub04/vhpl426 1340850352
AR posedge_entity_21f484bc47 structural /scratch/zaki/workspace/baobab/roachf_1024_bao/sysgen/synth_model/roachf_1024_bao.vhd sub04/vhpl459 1340850385
AR constant_37567836aa behavior /scratch/zaki/workspace/baobab/roachf_1024_bao/sysgen/synth_model/roachf_1024_bao.vhd sub02/vhpl227 1340850153
AR concat_83e473517e behavior /scratch/zaki/workspace/baobab/roachf_1024_bao/sysgen/synth_model/roachf_1024_bao.vhd sub00/vhpl95 1340850021
AR freeze_cntr_entity_9a746d98f3 structural /scratch/zaki/workspace/baobab/roachf_1024_bao/sysgen/synth_model/roachf_1024_bao.vhd sub05/vhpl511 1340850437
AR delay_672d2b8d1e behavior /scratch/zaki/workspace/baobab/roachf_1024_bao/sysgen/synth_model/roachf_1024_bao.vhd sub00/vhpl91 1340850017
EN xlspram_dist NULL /scratch/zaki/workspace/baobab/roachf_1024_bao/sysgen/synth_model/roachf_1024_bao.vhd sub03/vhpl388 1340850314
EN bmg_62_73edef83fb7839d9 NULL /scratch/zaki/workspace/baobab/roachf_1024_bao/sysgen/synth_model/roachf_1024_bao.vhd sub00/vhpl32 1340849958
AR qdr_entity_37f034c09d structural /scratch/zaki/workspace/baobab/roachf_1024_bao/sysgen/synth_model/roachf_1024_bao.vhd sub06/vhpl619 1340850545
EN reinterpret_df53fd8fe7 NULL /scratch/zaki/workspace/baobab/roachf_1024_bao/sysgen/synth_model/roachf_1024_bao.vhd sub01/vhpl148 1340850074
AR cntr_11_0_9d1193ca144fd60c cntr_11_0_9d1193ca144fd60c_a /scratch/zaki/workspace/baobab/roachf_1024_bao/sysgen/synth_model/roachf_1024_bao.vhd sub00/vhpl47 1340849973
EN relational_80f62ac01d NULL /scratch/zaki/workspace/baobab/roachf_1024_bao/sysgen/synth_model/roachf_1024_bao.vhd sub01/vhpl188 1340850114
AR quant3_entity_26d02fdb0a structural /scratch/zaki/workspace/baobab/roachf_1024_bao/sysgen/synth_model/roachf_1024_bao.vhd sub04/vhpl453 1340850379
AR delay_9f02caa990 behavior /scratch/zaki/workspace/baobab/roachf_1024_bao/sysgen/synth_model/roachf_1024_bao.vhd sub01/vhpl105 1340850031
EN constant_a533fa908a NULL /scratch/zaki/workspace/baobab/roachf_1024_bao/sysgen/synth_model/roachf_1024_bao.vhd sub01/vhpl182 1340850108
AR gpu_entity_053cfe3f50 structural /scratch/zaki/workspace/baobab/roachf_1024_bao/sysgen/synth_model/roachf_1024_bao.vhd sub05/vhpl521 1340850447
AR xlspram behavior /scratch/zaki/workspace/baobab/roachf_1024_bao/sysgen/synth_model/roachf_1024_bao.vhd sub03/vhpl365 1340850291
EN reinterpret_9a0fa0f632 NULL /scratch/zaki/workspace/baobab/roachf_1024_bao/sysgen/synth_model/roachf_1024_bao.vhd sub01/vhpl146 1340850072
EN fft2x_tvg_entity_e8873e41b1 NULL /scratch/zaki/workspace/baobab/roachf_1024_bao/sysgen/synth_model/roachf_1024_bao.vhd sub06/vhpl604 1340850530
AR freeze_cntr_entity_9f90af179c structural /scratch/zaki/workspace/baobab/roachf_1024_bao/sysgen/synth_model/roachf_1024_bao.vhd sub05/vhpl583 1340850509
EN delay15_entity_bf4f957bed NULL /scratch/zaki/workspace/baobab/roachf_1024_bao/sysgen/synth_model/roachf_1024_bao.vhd sub05/vhpl530 1340850456
AR cntr_11_0_38c9cb0851a20d91 cntr_11_0_38c9cb0851a20d91_a /scratch/zaki/workspace/baobab/roachf_1024_bao/sysgen/synth_model/roachf_1024_bao.vhd sub00/vhpl69 1340849995
EN concat_1d98d96b58 NULL /scratch/zaki/workspace/baobab/roachf_1024_bao/sysgen/synth_model/roachf_1024_bao.vhd sub02/vhpl280 1340850206
EN gpu_entity_053cfe3f50 NULL /scratch/zaki/workspace/baobab/roachf_1024_bao/sysgen/synth_model/roachf_1024_bao.vhd sub05/vhpl520 1340850446
EN rx_pkt_fifo_entity_3b8b649db2 NULL /scratch/zaki/workspace/baobab/roachf_1024_bao/sysgen/synth_model/roachf_1024_bao.vhd sub05/vhpl568 1340850494
AR single_reg_w_init structural /scratch/zaki/workspace/baobab/roachf_1024_bao/sysgen/synth_model/roachf_1024_bao.vhd sub00/vhpl87 1340850013
AR addsub_c13097e33e behavior /scratch/zaki/workspace/baobab/roachf_1024_bao/sysgen/synth_model/roachf_1024_bao.vhd sub02/vhpl257 1340850183
EN constant_963ed6358a NULL /scratch/zaki/workspace/baobab/roachf_1024_bao/sysgen/synth_model/roachf_1024_bao.vhd sub01/vhpl112 1340850038
EN mux_c7fc178374 NULL /scratch/zaki/workspace/baobab/roachf_1024_bao/sysgen/synth_model/roachf_1024_bao.vhd sub02/vhpl278 1340850204
AR sincos_entity_8be6732481 structural /scratch/zaki/workspace/baobab/roachf_1024_bao/sysgen/synth_model/roachf_1024_bao.vhd sub04/vhpl493 1340850419
AR fft2x_tvg_entity_e8873e41b1 structural /scratch/zaki/workspace/baobab/roachf_1024_bao/sysgen/synth_model/roachf_1024_bao.vhd sub06/vhpl605 1340850531
EN concat_1a070f1f35 NULL /scratch/zaki/workspace/baobab/roachf_1024_bao/sysgen/synth_model/roachf_1024_bao.vhd sub01/vhpl124 1340850050
EN seed_entity_ed487ed0f0 NULL /scratch/zaki/workspace/baobab/roachf_1024_bao/sysgen/synth_model/roachf_1024_bao.vhd sub05/vhpl576 1340850502
EN relational_b96ef4c7a7 NULL /scratch/zaki/workspace/baobab/roachf_1024_bao/sysgen/synth_model/roachf_1024_bao.vhd sub01/vhpl190 1340850116
AR delay22_entity_131dd68804 structural /scratch/zaki/workspace/baobab/roachf_1024_bao/sysgen/synth_model/roachf_1024_bao.vhd sub05/vhpl537 1340850463
EN qdr_entity_46e41fe4d7 NULL /scratch/zaki/workspace/baobab/roachf_1024_bao/sysgen/synth_model/roachf_1024_bao.vhd sub06/vhpl606 1340850532
AR concat_6f053a7fcf behavior /scratch/zaki/workspace/baobab/roachf_1024_bao/sysgen/synth_model/roachf_1024_bao.vhd sub03/vhpl341 1340850267
AR mux_86a34309e7 behavior /scratch/zaki/workspace/baobab/roachf_1024_bao/sysgen/synth_model/roachf_1024_bao.vhd sub02/vhpl233 1340850159
EN mcnt_entity_b302e6a25d NULL /scratch/zaki/workspace/baobab/roachf_1024_bao/sysgen/synth_model/roachf_1024_bao.vhd sub05/vhpl518 1340850444
EN delay_entity_d3ad252e0c NULL /scratch/zaki/workspace/baobab/roachf_1024_bao/sysgen/synth_model/roachf_1024_bao.vhd sub05/vhpl502 1340850428
AR seed_entity_ed487ed0f0 structural /scratch/zaki/workspace/baobab/roachf_1024_bao/sysgen/synth_model/roachf_1024_bao.vhd sub05/vhpl577 1340850503
AR sync_delay_en_entity_85b0139e89 structural /scratch/zaki/workspace/baobab/roachf_1024_bao/sysgen/synth_model/roachf_1024_bao.vhd sub06/vhpl623 1340850549
AR noise0_entity_e51b957e94 structural /scratch/zaki/workspace/baobab/roachf_1024_bao/sysgen/synth_model/roachf_1024_bao.vhd sub04/vhpl499 1340850425
AR mux_d99e59b6d4 behavior /scratch/zaki/workspace/baobab/roachf_1024_bao/sysgen/synth_model/roachf_1024_bao.vhd sub02/vhpl265 1340850191
EN constant_8dd5e0b380 NULL /scratch/zaki/workspace/baobab/roachf_1024_bao/sysgen/synth_model/roachf_1024_bao.vhd sub03/vhpl398 1340850324
AR concat_83d07cc341 behavior /scratch/zaki/workspace/baobab/roachf_1024_bao/sysgen/synth_model/roachf_1024_bao.vhd sub02/vhpl259 1340850185
EN relational_6ee59656d1 NULL /scratch/zaki/workspace/baobab/roachf_1024_bao/sysgen/synth_model/roachf_1024_bao.vhd sub01/vhpl198 1340850124
EN sync_delay_entity_05a8db3bf6 NULL /scratch/zaki/workspace/baobab/roachf_1024_bao/sysgen/synth_model/roachf_1024_bao.vhd sub04/vhpl470 1340850396
EN roachf_1024_bao_cw NULL /scratch/zaki/workspace/baobab/roachf_1024_bao/sysgen/synth_model/roachf_1024_bao_cw.vhd sub06/vhpl640 1340850566
EN xlcounter_limit NULL /scratch/zaki/workspace/baobab/roachf_1024_bao/sysgen/synth_model/roachf_1024_bao.vhd sub03/vhpl362 1340850288
EN constant_faaf314423 NULL /scratch/zaki/workspace/baobab/roachf_1024_bao/sysgen/synth_model/roachf_1024_bao.vhd sub03/vhpl310 1340850236
EN convert_func_call NULL /scratch/zaki/workspace/baobab/roachf_1024_bao/sysgen/synth_model/roachf_1024_bao.vhd sub01/vhpl136 1340850062
AR reinterpret_f21e7f2ddf behavior /scratch/zaki/workspace/baobab/roachf_1024_bao/sysgen/synth_model/roachf_1024_bao.vhd sub03/vhpl347 1340850273
EN inverter_251f82b86b NULL /scratch/zaki/workspace/baobab/roachf_1024_bao/sysgen/synth_model/roachf_1024_bao.vhd sub01/vhpl192 1340850118
EN freeze_cntr_entity_9f90af179c NULL /scratch/zaki/workspace/baobab/roachf_1024_bao/sysgen/synth_model/roachf_1024_bao.vhd sub05/vhpl582 1340850508
AR lfsr_f82dbd1991 behavior /scratch/zaki/workspace/baobab/roachf_1024_bao/sysgen/synth_model/roachf_1024_bao.vhd sub02/vhpl243 1340850169
EN constant_a629aefb53 NULL /scratch/zaki/workspace/baobab/roachf_1024_bao/sysgen/synth_model/roachf_1024_bao.vhd sub01/vhpl134 1340850060
EN quant1_entity_29594371c6 NULL /scratch/zaki/workspace/baobab/roachf_1024_bao/sysgen/synth_model/roachf_1024_bao.vhd sub04/vhpl448 1340850374
EN logical_a6d07705dd NULL /scratch/zaki/workspace/baobab/roachf_1024_bao/sysgen/synth_model/roachf_1024_bao.vhd sub01/vhpl106 1340850032
AR constant_469094441c behavior /scratch/zaki/workspace/baobab/roachf_1024_bao/sysgen/synth_model/roachf_1024_bao.vhd sub03/vhpl391 1340850317
AR x_entity_5fb5868062 structural /scratch/zaki/workspace/baobab/roachf_1024_bao/sysgen/synth_model/roachf_1024_bao.vhd sub04/vhpl431 1340850357
EN addr_entity_b5022074dd NULL /scratch/zaki/workspace/baobab/roachf_1024_bao/sysgen/synth_model/roachf_1024_bao.vhd sub05/vhpl504 1340850430
AR logical_127a315f20 behavior /scratch/zaki/workspace/baobab/roachf_1024_bao/sysgen/synth_model/roachf_1024_bao.vhd sub01/vhpl141 1340850067
EN qdr_reorder1_entity_727a2c9079 NULL /scratch/zaki/workspace/baobab/roachf_1024_bao/sysgen/synth_model/roachf_1024_bao.vhd sub06/vhpl620 1340850546
AR loopback_mux_entity_c2598f182e structural /scratch/zaki/workspace/baobab/roachf_1024_bao/sysgen/synth_model/roachf_1024_bao.vhd sub05/vhpl553 1340850479
AR constant_0c7d8005f2 behavior /scratch/zaki/workspace/baobab/roachf_1024_bao/sysgen/synth_model/roachf_1024_bao.vhd sub02/vhpl297 1340850223
AR srl17e structural /scratch/zaki/workspace/baobab/roachf_1024_bao/sysgen/synth_model/roachf_1024_bao.vhd sub00/vhpl81 1340850007
AR break_and_reset_entity_b8007708e2 structural /scratch/zaki/workspace/baobab/roachf_1024_bao/sysgen/synth_model/roachf_1024_bao.vhd sub05/vhpl555 1340850481
AR constant_3ee5f91fcf behavior /scratch/zaki/workspace/baobab/roachf_1024_bao/sysgen/synth_model/roachf_1024_bao.vhd sub01/vhpl129 1340850055
EN delay_bram_entity_71a8873683 NULL /scratch/zaki/workspace/baobab/roachf_1024_bao/sysgen/synth_model/roachf_1024_bao.vhd sub06/vhpl602 1340850528
AR constant_75dd29cbe7 behavior /scratch/zaki/workspace/baobab/roachf_1024_bao/sysgen/synth_model/roachf_1024_bao.vhd sub02/vhpl287 1340850213
AR cntr_11_0_92cf1c8e61537910 cntr_11_0_92cf1c8e61537910_a /scratch/zaki/workspace/baobab/roachf_1024_bao/sysgen/synth_model/roachf_1024_bao.vhd sub00/vhpl53 1340849979
EN xlcounter_free NULL /scratch/zaki/workspace/baobab/roachf_1024_bao/sysgen/synth_model/roachf_1024_bao.vhd sub01/vhpl114 1340850040
AR xlpassthrough passthrough_arch /scratch/zaki/workspace/baobab/roachf_1024_bao/sysgen/synth_model/roachf_1024_bao.vhd sub01/vhpl109 1340850035
EN wgns_entity_141b1491ee NULL /scratch/zaki/workspace/baobab/roachf_1024_bao/sysgen/synth_model/roachf_1024_bao.vhd sub05/vhpl500 1340850426
AR tt800_engine_entity_2098f6d430 structural /scratch/zaki/workspace/baobab/roachf_1024_bao/sysgen/synth_model/roachf_1024_bao.vhd sub04/vhpl481 1340850407
AR lsb_entity_efdbd85c26 structural /scratch/zaki/workspace/baobab/roachf_1024_bao/sysgen/synth_model/roachf_1024_bao.vhd sub05/vhpl517 1340850443
AR rollback_fifo_entity_6ec568e1ad structural /scratch/zaki/workspace/baobab/roachf_1024_bao/sysgen/synth_model/roachf_1024_bao.vhd sub05/vhpl563 1340850489
AR delay5_entity_65262209bb structural /scratch/zaki/workspace/baobab/roachf_1024_bao/sysgen/synth_model/roachf_1024_bao.vhd sub06/vhpl601 1340850527
EN constant_79cd191324 NULL /scratch/zaki/workspace/baobab/roachf_1024_bao/sysgen/synth_model/roachf_1024_bao.vhd sub02/vhpl234 1340850160
EN constant_7ea0f2fff7 NULL /scratch/zaki/workspace/baobab/roachf_1024_bao/sysgen/synth_model/roachf_1024_bao.vhd sub03/vhpl308 1340850234
AR delay_cf4f99539f behavior /scratch/zaki/workspace/baobab/roachf_1024_bao/sysgen/synth_model/roachf_1024_bao.vhd sub01/vhpl117 1340850043
EN xlmult NULL /scratch/zaki/workspace/baobab/roachf_1024_bao/sysgen/synth_model/roachf_1024_bao.vhd sub02/vhpl246 1340850172
AR delay_d8eaaced1c behavior /scratch/zaki/workspace/baobab/roachf_1024_bao/sysgen/synth_model/roachf_1024_bao.vhd sub03/vhpl357 1340850283
EN concat_ca389bcebb NULL /scratch/zaki/workspace/baobab/roachf_1024_bao/sysgen/synth_model/roachf_1024_bao.vhd sub03/vhpl368 1340850294
AR concat_31382efd95 behavior /scratch/zaki/workspace/baobab/roachf_1024_bao/sysgen/synth_model/roachf_1024_bao.vhd sub03/vhpl337 1340850263
AR output_entity_96ea4ae0c6 structural /scratch/zaki/workspace/baobab/roachf_1024_bao/sysgen/synth_model/roachf_1024_bao.vhd sub04/vhpl479 1340850405
AR constant_3a5e4c2c66 behavior /scratch/zaki/workspace/baobab/roachf_1024_bao/sysgen/synth_model/roachf_1024_bao.vhd sub03/vhpl397 1340850323
AR constant_6293007044 behavior /scratch/zaki/workspace/baobab/roachf_1024_bao/sysgen/synth_model/roachf_1024_bao.vhd sub01/vhpl185 1340850111
AR delay_din_bram0_entity_e39d1fc4a6 structural /scratch/zaki/workspace/baobab/roachf_1024_bao/sysgen/synth_model/roachf_1024_bao.vhd sub06/vhpl609 1340850535
EN sram_tvg1_entity_14d0098b7a NULL /scratch/zaki/workspace/baobab/roachf_1024_bao/sysgen/synth_model/roachf_1024_bao.vhd sub06/vhpl630 1340850556
AR relational_d36fe12c1c behavior /scratch/zaki/workspace/baobab/roachf_1024_bao/sysgen/synth_model/roachf_1024_bao.vhd sub03/vhpl323 1340850249
EN packetiser1_entity_8e5e7ec95a NULL /scratch/zaki/workspace/baobab/roachf_1024_bao/sysgen/synth_model/roachf_1024_bao.vhd sub05/vhpl596 1340850522
EN cntr_11_0_511daee48ac62764 NULL /scratch/zaki/workspace/baobab/roachf_1024_bao/sysgen/synth_model/roachf_1024_bao.vhd sub00/vhpl12 1340849938
AR dmg_62_29a7fd57730c35e5 dmg_62_29a7fd57730c35e5_a /scratch/zaki/workspace/baobab/roachf_1024_bao/sysgen/synth_model/roachf_1024_bao.vhd sub00/vhpl39 1340849965
EN delay5_entity_65262209bb NULL /scratch/zaki/workspace/baobab/roachf_1024_bao/sysgen/synth_model/roachf_1024_bao.vhd sub06/vhpl600 1340850526
EN armed_trigger_entity_ba55ceb7d8 NULL /scratch/zaki/workspace/baobab/roachf_1024_bao/sysgen/synth_model/roachf_1024_bao.vhd sub05/vhpl574 1340850500
AR logical_f1acd27428 behavior /scratch/zaki/workspace/baobab/roachf_1024_bao/sysgen/synth_model/roachf_1024_bao.vhd sub02/vhpl229 1340850155
EN constant_0c7d8005f2 NULL /scratch/zaki/workspace/baobab/roachf_1024_bao/sysgen/synth_model/roachf_1024_bao.vhd sub02/vhpl296 1340850222
EN ip_generator_entity_03b2fa9a07 NULL /scratch/zaki/workspace/baobab/roachf_1024_bao/sysgen/synth_model/roachf_1024_bao.vhd sub05/vhpl592 1340850518
AR data_lsb_entity_4ee46f026d structural /scratch/zaki/workspace/baobab/roachf_1024_bao/sysgen/synth_model/roachf_1024_bao.vhd sub05/vhpl543 1340850469
AR edge1_entity_213f3f63ba structural /scratch/zaki/workspace/baobab/roachf_1024_bao/sysgen/synth_model/roachf_1024_bao.vhd sub05/vhpl595 1340850521
AR qdr_reorder_entity_1330d48ff5 structural /scratch/zaki/workspace/baobab/roachf_1024_bao/sysgen/synth_model/roachf_1024_bao.vhd sub06/vhpl617 1340850543
EN bmg_62_a60cf5549354b619 NULL /scratch/zaki/workspace/baobab/roachf_1024_bao/sysgen/synth_model/roachf_1024_bao.vhd sub00/vhpl20 1340849946
EN constant_61c6ce8811 NULL /scratch/zaki/workspace/baobab/roachf_1024_bao/sysgen/synth_model/roachf_1024_bao.vhd sub01/vhpl196 1340850122
AR relational_6dfa374756 behavior /scratch/zaki/workspace/baobab/roachf_1024_bao/sysgen/synth_model/roachf_1024_bao.vhd sub03/vhpl325 1340850251
AR mux_4fe5face7f behavior /scratch/zaki/workspace/baobab/roachf_1024_bao/sysgen/synth_model/roachf_1024_bao.vhd sub02/vhpl283 1340850209
AR reinterpret_9306b5127f behavior /scratch/zaki/workspace/baobab/roachf_1024_bao/sysgen/synth_model/roachf_1024_bao.vhd sub01/vhpl119 1340850045
EN tt800_seed_gen_entity_d212a92f8e NULL /scratch/zaki/workspace/baobab/roachf_1024_bao/sysgen/synth_model/roachf_1024_bao.vhd sub04/vhpl488 1340850414
EN mux_c77e20fa3c NULL /scratch/zaki/workspace/baobab/roachf_1024_bao/sysgen/synth_model/roachf_1024_bao.vhd sub04/vhpl420 1340850346
EN cntr_11_0_92cf1c8e61537910 NULL /scratch/zaki/workspace/baobab/roachf_1024_bao/sysgen/synth_model/roachf_1024_bao.vhd sub00/vhpl52 1340849978
EN relational_a4fe5a77f9 NULL /scratch/zaki/workspace/baobab/roachf_1024_bao/sysgen/synth_model/roachf_1024_bao.vhd sub03/vhpl314 1340850240
AR set_cnt_entity_0e6bd3622d structural /scratch/zaki/workspace/baobab/roachf_1024_bao/sysgen/synth_model/roachf_1024_bao.vhd sub05/vhpl561 1340850487
EN constant_1f5cc32f1e NULL /scratch/zaki/workspace/baobab/roachf_1024_bao/sysgen/synth_model/roachf_1024_bao.vhd sub03/vhpl374 1340850300
EN sram_tvg_entity_a991984dd5 NULL /scratch/zaki/workspace/baobab/roachf_1024_bao/sysgen/synth_model/roachf_1024_bao.vhd sub06/vhpl628 1340850554
EN break_and_reset_entity_b8007708e2 NULL /scratch/zaki/workspace/baobab/roachf_1024_bao/sysgen/synth_model/roachf_1024_bao.vhd sub05/vhpl554 1340850480
AR cntr_11_0_30c19e6310bb8df4 cntr_11_0_30c19e6310bb8df4_a /scratch/zaki/workspace/baobab/roachf_1024_bao/sysgen/synth_model/roachf_1024_bao.vhd sub00/vhpl17 1340849943
EN bmg_62_bd93aafb66935d25 NULL /scratch/zaki/workspace/baobab/roachf_1024_bao/sysgen/synth_model/roachf_1024_bao.vhd sub00/vhpl44 1340849970
EN mux_66e06093b2 NULL /scratch/zaki/workspace/baobab/roachf_1024_bao/sysgen/synth_model/roachf_1024_bao.vhd sub03/vhpl304 1340850230
AR edge_detect_entity_61764bf456 structural /scratch/zaki/workspace/baobab/roachf_1024_bao/sysgen/synth_model/roachf_1024_bao.vhd sub05/vhpl573 1340850499
EN relational_502d6cf7c0 NULL /scratch/zaki/workspace/baobab/roachf_1024_bao/sysgen/synth_model/roachf_1024_bao.vhd sub01/vhpl174 1340850100
EN loopback_fifo_pkt_count_entity_1b2606d2ca NULL /scratch/zaki/workspace/baobab/roachf_1024_bao/sysgen/synth_model/roachf_1024_bao.vhd sub05/vhpl558 1340850484
AR relational_47932db5b1 behavior /scratch/zaki/workspace/baobab/roachf_1024_bao/sysgen/synth_model/roachf_1024_bao.vhd sub03/vhpl313 1340850239
EN delay_e18fb31a3d NULL /scratch/zaki/workspace/baobab/roachf_1024_bao/sysgen/synth_model/roachf_1024_bao.vhd sub02/vhpl270 1340850196
AR bitbasher_6b8a394067 behavior /scratch/zaki/workspace/baobab/roachf_1024_bao/sysgen/synth_model/roachf_1024_bao.vhd sub04/vhpl429 1340850355
EN reorder_entity_1809c99170 NULL /scratch/zaki/workspace/baobab/roachf_1024_bao/sysgen/synth_model/roachf_1024_bao.vhd sub06/vhpl624 1340850550
EN relational_f6702ea2f7 NULL /scratch/zaki/workspace/baobab/roachf_1024_bao/sysgen/synth_model/roachf_1024_bao.vhd sub04/vhpl418 1340850344
EN relational_1661032f65 NULL /scratch/zaki/workspace/baobab/roachf_1024_bao/sysgen/synth_model/roachf_1024_bao.vhd sub01/vhpl152 1340850078
AR delay_e2d047c154 behavior /scratch/zaki/workspace/baobab/roachf_1024_bao/sysgen/synth_model/roachf_1024_bao.vhd sub03/vhpl355 1340850281
EN cntr_11_0_b9730cea34623a8b NULL /scratch/zaki/workspace/baobab/roachf_1024_bao/sysgen/synth_model/roachf_1024_bao.vhd sub00/vhpl40 1340849966
EN bmg_62_61722a40b5652b33 NULL /scratch/zaki/workspace/baobab/roachf_1024_bao/sysgen/synth_model/roachf_1024_bao.vhd sub00/vhpl66 1340849992
EN cntr_11_0_0c416b7970c344c3 NULL /scratch/zaki/workspace/baobab/roachf_1024_bao/sysgen/synth_model/roachf_1024_bao.vhd sub00/vhpl76 1340850002
AR switch_entity_e19760fbab structural /scratch/zaki/workspace/baobab/roachf_1024_bao/sysgen/synth_model/roachf_1024_bao.vhd sub05/vhpl599 1340850525
AR relational_47b317dab6 behavior /scratch/zaki/workspace/baobab/roachf_1024_bao/sysgen/synth_model/roachf_1024_bao.vhd sub03/vhpl395 1340850321
EN inverter_e2b989a05e NULL /scratch/zaki/workspace/baobab/roachf_1024_bao/sysgen/synth_model/roachf_1024_bao.vhd sub00/vhpl96 1340850022
EN xladdrsr NULL /scratch/zaki/workspace/baobab/roachf_1024_bao/sysgen/synth_model/roachf_1024_bao.vhd sub02/vhpl276 1340850202
AR bmg_62_a60cf5549354b619 bmg_62_a60cf5549354b619_a /scratch/zaki/workspace/baobab/roachf_1024_bao/sysgen/synth_model/roachf_1024_bao.vhd sub00/vhpl21 1340849947
EN delay_920dce5cac NULL /scratch/zaki/workspace/baobab/roachf_1024_bao/sysgen/synth_model/roachf_1024_bao.vhd sub02/vhpl252 1340850178
EN adc1_entity_1286a9963a NULL /scratch/zaki/workspace/baobab/roachf_1024_bao/sysgen/synth_model/roachf_1024_bao.vhd sub04/vhpl436 1340850362
AR relational_1661032f65 behavior /scratch/zaki/workspace/baobab/roachf_1024_bao/sysgen/synth_model/roachf_1024_bao.vhd sub01/vhpl153 1340850079
AR concat_39a9232e16 behavior /scratch/zaki/workspace/baobab/roachf_1024_bao/sysgen/synth_model/roachf_1024_bao.vhd sub03/vhpl327 1340850253
EN mux_66eab071c1 NULL /scratch/zaki/workspace/baobab/roachf_1024_bao/sysgen/synth_model/roachf_1024_bao.vhd sub04/vhpl410 1340850336
EN adc_entity_bb24f9e134 NULL /scratch/zaki/workspace/baobab/roachf_1024_bao/sysgen/synth_model/roachf_1024_bao.vhd sub04/vhpl434 1340850360
AR expr_c255d1cf74 behavior /scratch/zaki/workspace/baobab/roachf_1024_bao/sysgen/synth_model/roachf_1024_bao.vhd sub02/vhpl239 1340850165
AR logical_9d76333483 behavior /scratch/zaki/workspace/baobab/roachf_1024_bao/sysgen/synth_model/roachf_1024_bao.vhd sub02/vhpl213 1340850139
EN relational_bf28cbdb81 NULL /scratch/zaki/workspace/baobab/roachf_1024_bao/sysgen/synth_model/roachf_1024_bao.vhd sub04/vhpl402 1340850328
PH conv_pkg NULL /scratch/zaki/workspace/baobab/roachf_1024_bao/sysgen/synth_model/roachf_1024_bao.vhd sub00/vhpl78 1340850004
EN inverter_e5b38cca3b NULL /scratch/zaki/workspace/baobab/roachf_1024_bao/sysgen/synth_model/roachf_1024_bao.vhd sub01/vhpl164 1340850090
EN mux_f3924dc817 NULL /scratch/zaki/workspace/baobab/roachf_1024_bao/sysgen/synth_model/roachf_1024_bao.vhd sub03/vhpl378 1340850304
EN constant_3d1b04c74c NULL /scratch/zaki/workspace/baobab/roachf_1024_bao/sysgen/synth_model/roachf_1024_bao.vhd sub01/vhpl130 1340850056
EN posedge_entity_21f484bc47 NULL /scratch/zaki/workspace/baobab/roachf_1024_bao/sysgen/synth_model/roachf_1024_bao.vhd sub04/vhpl458 1340850384
AR delay14_entity_5fd1606dd3 structural /scratch/zaki/workspace/baobab/roachf_1024_bao/sysgen/synth_model/roachf_1024_bao.vhd sub05/vhpl529 1340850455
EN xladdsub NULL /scratch/zaki/workspace/baobab/roachf_1024_bao/sysgen/synth_model/roachf_1024_bao.vhd sub03/vhpl344 1340850270
AR roachf_1024_bao structural /scratch/zaki/workspace/baobab/roachf_1024_bao/sysgen/synth_model/roachf_1024_bao.vhd sub06/vhpl635 1340850561
AR logical_0fa52c7c40 behavior /scratch/zaki/workspace/baobab/roachf_1024_bao/sysgen/synth_model/roachf_1024_bao.vhd sub02/vhpl217 1340850143
AR x10gberxsnap_entity_63dcd88b33 structural /scratch/zaki/workspace/baobab/roachf_1024_bao/sysgen/synth_model/roachf_1024_bao.vhd sub05/vhpl585 1340850511
AR reinterpret_86b044698f behavior /scratch/zaki/workspace/baobab/roachf_1024_bao/sysgen/synth_model/roachf_1024_bao.vhd sub03/vhpl383 1340850309
AR delay_e18fb31a3d behavior /scratch/zaki/workspace/baobab/roachf_1024_bao/sysgen/synth_model/roachf_1024_bao.vhd sub02/vhpl271 1340850197
EN cntr_11_0_38c9cb0851a20d91 NULL /scratch/zaki/workspace/baobab/roachf_1024_bao/sysgen/synth_model/roachf_1024_bao.vhd sub00/vhpl68 1340849994
EN reinterpret_d9988e3d87 NULL /scratch/zaki/workspace/baobab/roachf_1024_bao/sysgen/synth_model/roachf_1024_bao.vhd sub02/vhpl248 1340850174
AR convert_entity_27c790ff6d structural /scratch/zaki/workspace/baobab/roachf_1024_bao/sysgen/synth_model/roachf_1024_bao.vhd sub04/vhpl477 1340850403
EN concat_66f3e02bd3 NULL /scratch/zaki/workspace/baobab/roachf_1024_bao/sysgen/synth_model/roachf_1024_bao.vhd sub02/vhpl202 1340850128
AR tt800_seed_gen_entity_d212a92f8e structural /scratch/zaki/workspace/baobab/roachf_1024_bao/sysgen/synth_model/roachf_1024_bao.vhd sub04/vhpl489 1340850415
AR cntr_11_0_49c9a47affa95a54 cntr_11_0_49c9a47affa95a54_a /scratch/zaki/workspace/baobab/roachf_1024_bao/sysgen/synth_model/roachf_1024_bao.vhd sub00/vhpl05 1340849931
EN sync_gen_entity_5da19c32c5 NULL /scratch/zaki/workspace/baobab/roachf_1024_bao/sysgen/synth_model/roachf_1024_bao.vhd sub04/vhpl472 1340850398
AR synth_reg_w_init structural /scratch/zaki/workspace/baobab/roachf_1024_bao/sysgen/synth_model/roachf_1024_bao.vhd sub00/vhpl89 1340850015
AR constant_4848f0569f behavior /scratch/zaki/workspace/baobab/roachf_1024_bao/sysgen/synth_model/roachf_1024_bao.vhd sub04/vhpl401 1340850327
AR delay_920dce5cac behavior /scratch/zaki/workspace/baobab/roachf_1024_bao/sysgen/synth_model/roachf_1024_bao.vhd sub02/vhpl253 1340850179
AR qdr_reorder1_entity_727a2c9079 structural /scratch/zaki/workspace/baobab/roachf_1024_bao/sysgen/synth_model/roachf_1024_bao.vhd sub06/vhpl621 1340850547
EN single_reg_w_init NULL /scratch/zaki/workspace/baobab/roachf_1024_bao/sysgen/synth_model/roachf_1024_bao.vhd sub00/vhpl86 1340850012
EN calc_add_entity_a259fbaca4 NULL /scratch/zaki/workspace/baobab/roachf_1024_bao/sysgen/synth_model/roachf_1024_bao.vhd sub05/vhpl506 1340850432
AR synth_reg structural /scratch/zaki/workspace/baobab/roachf_1024_bao/sysgen/synth_model/roachf_1024_bao.vhd sub00/vhpl83 1340850009
EN concat_d90e7950ae NULL /scratch/zaki/workspace/baobab/roachf_1024_bao/sysgen/synth_model/roachf_1024_bao.vhd sub03/vhpl366 1340850292
AR concat_51e4631301 behavior /scratch/zaki/workspace/baobab/roachf_1024_bao/sysgen/synth_model/roachf_1024_bao.vhd sub03/vhpl343 1340850269
EN status_entity_862e12a4dd NULL /scratch/zaki/workspace/baobab/roachf_1024_bao/sysgen/synth_model/roachf_1024_bao.vhd sub05/vhpl578 1340850504
AR xlclockdriver behavior /scratch/zaki/workspace/baobab/roachf_1024_bao/sysgen/synth_model/roachf_1024_bao_cw.vhd sub06/vhpl637 1340850563
AR constant_a629aefb53 behavior /scratch/zaki/workspace/baobab/roachf_1024_bao/sysgen/synth_model/roachf_1024_bao.vhd sub01/vhpl135 1340850061
EN concat_6f0047a4a5 NULL /scratch/zaki/workspace/baobab/roachf_1024_bao/sysgen/synth_model/roachf_1024_bao.vhd sub02/vhpl262 1340850188
AR mux_9723c3381b behavior /scratch/zaki/workspace/baobab/roachf_1024_bao/sysgen/synth_model/roachf_1024_bao.vhd sub01/vhpl145 1340850071
AR delay_entity_d3ad252e0c structural /scratch/zaki/workspace/baobab/roachf_1024_bao/sysgen/synth_model/roachf_1024_bao.vhd sub05/vhpl503 1340850429
AR concat_66f3e02bd3 behavior /scratch/zaki/workspace/baobab/roachf_1024_bao/sysgen/synth_model/roachf_1024_bao.vhd sub02/vhpl203 1340850129
AR cntr_11_0_520b146027c1d89b cntr_11_0_520b146027c1d89b_a /scratch/zaki/workspace/baobab/roachf_1024_bao/sysgen/synth_model/roachf_1024_bao.vhd sub00/vhpl73 1340849999
EN bitbasher_5b1e76c782 NULL /scratch/zaki/workspace/baobab/roachf_1024_bao/sysgen/synth_model/roachf_1024_bao.vhd sub03/vhpl334 1340850260
EN loopback_fifo_entity_12efd103ed NULL /scratch/zaki/workspace/baobab/roachf_1024_bao/sysgen/synth_model/roachf_1024_bao.vhd sub05/vhpl564 1340850490
AR logical_954ee29728 behavior /scratch/zaki/workspace/baobab/roachf_1024_bao/sysgen/synth_model/roachf_1024_bao.vhd sub03/vhpl319 1340850245
AR concat_1e5f8fbcb6 behavior /scratch/zaki/workspace/baobab/roachf_1024_bao/sysgen/synth_model/roachf_1024_bao.vhd sub03/vhpl387 1340850313
EN concat_15d98836ad NULL /scratch/zaki/workspace/baobab/roachf_1024_bao/sysgen/synth_model/roachf_1024_bao.vhd sub01/vhpl162 1340850088
EN constant_469094441c NULL /scratch/zaki/workspace/baobab/roachf_1024_bao/sysgen/synth_model/roachf_1024_bao.vhd sub03/vhpl390 1340850316
EN bitbasher_6b8a394067 NULL /scratch/zaki/workspace/baobab/roachf_1024_bao/sysgen/synth_model/roachf_1024_bao.vhd sub04/vhpl428 1340850354
EN constant_0c5228935e NULL /scratch/zaki/workspace/baobab/roachf_1024_bao/sysgen/synth_model/roachf_1024_bao.vhd sub02/vhpl272 1340850198
EN wgn_entity_5ed77cdf43 NULL /scratch/zaki/workspace/baobab/roachf_1024_bao/sysgen/synth_model/roachf_1024_bao.vhd sub04/vhpl496 1340850422
EN scale_b42effccbc NULL /scratch/zaki/workspace/baobab/roachf_1024_bao/sysgen/synth_model/roachf_1024_bao.vhd sub02/vhpl250 1340850176
AR constant_498bc68c14 behavior /scratch/zaki/workspace/baobab/roachf_1024_bao/sysgen/synth_model/roachf_1024_bao.vhd sub04/vhpl415 1340850341
AR bmg_62_8b6902f70206a636 bmg_62_8b6902f70206a636_a /scratch/zaki/workspace/baobab/roachf_1024_bao/sysgen/synth_model/roachf_1024_bao.vhd sub00/vhpl25 1340849951
EN concat_eab913768e NULL /scratch/zaki/workspace/baobab/roachf_1024_bao/sysgen/synth_model/roachf_1024_bao.vhd sub03/vhpl306 1340850232
EN qdr_entity_37f034c09d NULL /scratch/zaki/workspace/baobab/roachf_1024_bao/sysgen/synth_model/roachf_1024_bao.vhd sub06/vhpl618 1340850544
EN constant_37567836aa NULL /scratch/zaki/workspace/baobab/roachf_1024_bao/sysgen/synth_model/roachf_1024_bao.vhd sub02/vhpl226 1340850152
EN logical_9d76333483 NULL /scratch/zaki/workspace/baobab/roachf_1024_bao/sysgen/synth_model/roachf_1024_bao.vhd sub02/vhpl212 1340850138
EN fir_core NULL /scratch/zaki/workspace/baobab/roachf_1024_bao/sysgen/synth_model/roachf_1024_bao.vhd sub01/vhpl177 1340850103
AR sync_gen_entity_5da19c32c5 structural /scratch/zaki/workspace/baobab/roachf_1024_bao/sysgen/synth_model/roachf_1024_bao.vhd sub04/vhpl473 1340850399
AR concat_94bc27a9d6 behavior /scratch/zaki/workspace/baobab/roachf_1024_bao/sysgen/synth_model/roachf_1024_bao.vhd sub03/vhpl349 1340850275
EN adc_s_entity_f0dd80136b NULL /scratch/zaki/workspace/baobab/roachf_1024_bao/sysgen/synth_model/roachf_1024_bao.vhd sub04/vhpl440 1340850366
AR scale_b42effccbc behavior /scratch/zaki/workspace/baobab/roachf_1024_bao/sysgen/synth_model/roachf_1024_bao.vhd sub02/vhpl251 1340850177
AR constant_b437b02512 behavior /scratch/zaki/workspace/baobab/roachf_1024_bao/sysgen/synth_model/roachf_1024_bao.vhd sub04/vhpl427 1340850353
AR constant_7a5a41eeb1 behavior /scratch/zaki/workspace/baobab/roachf_1024_bao/sysgen/synth_model/roachf_1024_bao.vhd sub02/vhpl221 1340850147
AR muxin0_entity_3eb0ba2729 structural /scratch/zaki/workspace/baobab/roachf_1024_bao/sysgen/synth_model/roachf_1024_bao.vhd sub05/vhpl525 1340850451
EN cntr_11_0_7ca694f8efe8d963 NULL /scratch/zaki/workspace/baobab/roachf_1024_bao/sysgen/synth_model/roachf_1024_bao.vhd sub00/vhpl54 1340849980
EN roachf_1024_bao NULL /scratch/zaki/workspace/baobab/roachf_1024_bao/sysgen/synth_model/roachf_1024_bao.vhd sub06/vhpl634 1340850560
EN delay22_entity_131dd68804 NULL /scratch/zaki/workspace/baobab/roachf_1024_bao/sysgen/synth_model/roachf_1024_bao.vhd sub05/vhpl536 1340850462
