PB conv_pkg conv_pkg /scratch/zaki/workspace/baobab/pfb_fir_real_core/synth_model/pfb_fir_real_core.vhd sub00/vhpl41 1335225196
EN pfb_coeff_gen_entity_c3d4908339 NULL /scratch/zaki/workspace/baobab/pfb_fir_real_core/synth_model/pfb_fir_real_core.vhd sub01/vhpl110 1335225265
EN adder_1_2_entity_22508bb0bb NULL /scratch/zaki/workspace/baobab/pfb_fir_real_core/synth_model/pfb_fir_real_core.vhd sub01/vhpl106 1335225261
AR pol1_in1_first_tap_entity_48bba19602 structural /scratch/zaki/workspace/baobab/pfb_fir_real_core/synth_model/pfb_fir_real_core.vhd sub01/vhpl115 1335225270
AR xlregister behavior /scratch/zaki/workspace/baobab/pfb_fir_real_core/synth_model/pfb_fir_real_core.vhd sub00/vhpl73 1335225228
AR pfb_coeff_gen_entity_6fa8d0eed9 structural /scratch/zaki/workspace/baobab/pfb_fir_real_core/synth_model/pfb_fir_real_core.vhd sub01/vhpl137 1335225292
AR mux_1bef4ba0e4 behavior /scratch/zaki/workspace/baobab/pfb_fir_real_core/synth_model/pfb_fir_real_core.vhd sub00/vhpl85 1335225240
EN addsb_11_0_2b8a9ccb489abd02 NULL /scratch/zaki/workspace/baobab/pfb_fir_real_core/synth_model/pfb_fir_real_core.vhd sub00/vhpl00 1335225155
AR pol1_in1_tap3_entity_092eff0612 structural /scratch/zaki/workspace/baobab/pfb_fir_real_core/synth_model/pfb_fir_real_core.vhd sub01/vhpl121 1335225276
EN pol1_in1_first_tap_entity_48bba19602 NULL /scratch/zaki/workspace/baobab/pfb_fir_real_core/synth_model/pfb_fir_real_core.vhd sub01/vhpl114 1335225269
EN bmg_62_5f21d4ff216b1fd0 NULL /scratch/zaki/workspace/baobab/pfb_fir_real_core/synth_model/pfb_fir_real_core.vhd sub00/vhpl28 1335225183
AR xldelay behavior /scratch/zaki/workspace/baobab/pfb_fir_real_core/synth_model/pfb_fir_real_core.vhd sub00/vhpl69 1335225224
AR constant_498bc68c14 behavior /scratch/zaki/workspace/baobab/pfb_fir_real_core/synth_model/pfb_fir_real_core.vhd sub00/vhpl79 1335225234
EN delay_e18fb31a3d NULL /scratch/zaki/workspace/baobab/pfb_fir_real_core/synth_model/pfb_fir_real_core.vhd sub00/vhpl56 1335225211
EN pfb_coeff_gen_entity_5f9207c886 NULL /scratch/zaki/workspace/baobab/pfb_fir_real_core/synth_model/pfb_fir_real_core.vhd sub01/vhpl132 1335225287
EN bmg_62_c9b13a26e1c976ed NULL /scratch/zaki/workspace/baobab/pfb_fir_real_core/synth_model/pfb_fir_real_core.vhd sub00/vhpl04 1335225159
EN relational_0ffd72e037 NULL /scratch/zaki/workspace/baobab/pfb_fir_real_core/synth_model/pfb_fir_real_core.vhd sub00/vhpl86 1335225241
EN pol1_in3_first_tap_entity_8f34d19142 NULL /scratch/zaki/workspace/baobab/pfb_fir_real_core/synth_model/pfb_fir_real_core.vhd sub01/vhpl134 1335225289
AR scale_f01f7ce486 behavior /scratch/zaki/workspace/baobab/pfb_fir_real_core/synth_model/pfb_fir_real_core.vhd sub01/vhpl103 1335225258
EN bmg_62_745dba485f20f896 NULL /scratch/zaki/workspace/baobab/pfb_fir_real_core/synth_model/pfb_fir_real_core.vhd sub00/vhpl30 1335225185
EN xldelay NULL /scratch/zaki/workspace/baobab/pfb_fir_real_core/synth_model/pfb_fir_real_core.vhd sub00/vhpl68 1335225223
AR pfb_fir_real_entity_3a8ee1fb73 structural /scratch/zaki/workspace/baobab/pfb_fir_real_core/synth_model/pfb_fir_real_core.vhd sub01/vhpl141 1335225296
EN relational_f6702ea2f7 NULL /scratch/zaki/workspace/baobab/pfb_fir_real_core/synth_model/pfb_fir_real_core.vhd sub00/vhpl88 1335225243
EN constant_fbc2f0cce1 NULL /scratch/zaki/workspace/baobab/pfb_fir_real_core/synth_model/pfb_fir_real_core.vhd sub00/vhpl80 1335225235
AR addsb_11_0_2b8a9ccb489abd02 addsb_11_0_2b8a9ccb489abd02_a /scratch/zaki/workspace/baobab/pfb_fir_real_core/synth_model/pfb_fir_real_core.vhd sub00/vhpl01 1335225156
AR adder_1_1_entity_0c43e56af3 structural /scratch/zaki/workspace/baobab/pfb_fir_real_core/synth_model/pfb_fir_real_core.vhd sub01/vhpl105 1335225260
EN bmg_62_d5b7eb23678de10c NULL /scratch/zaki/workspace/baobab/pfb_fir_real_core/synth_model/pfb_fir_real_core.vhd sub00/vhpl16 1335225171
EN pol1_in1_tap2_entity_514e98c1c4 NULL /scratch/zaki/workspace/baobab/pfb_fir_real_core/synth_model/pfb_fir_real_core.vhd sub01/vhpl118 1335225273
AR bmg_62_5f21d4ff216b1fd0 bmg_62_5f21d4ff216b1fd0_a /scratch/zaki/workspace/baobab/pfb_fir_real_core/synth_model/pfb_fir_real_core.vhd sub00/vhpl29 1335225184
EN bmg_62_d20d0ec823fdec4a NULL /scratch/zaki/workspace/baobab/pfb_fir_real_core/synth_model/pfb_fir_real_core.vhd sub00/vhpl14 1335225169
AR bmg_62_f849e107d1112fef bmg_62_f849e107d1112fef_a /scratch/zaki/workspace/baobab/pfb_fir_real_core/synth_model/pfb_fir_real_core.vhd sub00/vhpl33 1335225188
AR default_clock_driver structural /scratch/zaki/workspace/baobab/pfb_fir_real_core/synth_model/pfb_fir_real_core_cw.vhd sub01/vhpl147 1335225302
AR pol1_in1_tap2_entity_514e98c1c4 structural /scratch/zaki/workspace/baobab/pfb_fir_real_core/synth_model/pfb_fir_real_core.vhd sub01/vhpl119 1335225274
AR pol1_in2_first_tap_entity_9b3cc2de14 structural /scratch/zaki/workspace/baobab/pfb_fir_real_core/synth_model/pfb_fir_real_core.vhd sub01/vhpl125 1335225280
AR sync_delay_entity_20a0faa6ba structural /scratch/zaki/workspace/baobab/pfb_fir_real_core/synth_model/pfb_fir_real_core.vhd sub01/vhpl113 1335225268
EN xlconvert_pipeline NULL /scratch/zaki/workspace/baobab/pfb_fir_real_core/synth_model/pfb_fir_real_core.vhd sub01/vhpl100 1335225255
AR pfb_fir_real_core_cw structural /scratch/zaki/workspace/baobab/pfb_fir_real_core/synth_model/pfb_fir_real_core_cw.vhd sub01/vhpl149 1335225304
EN bmg_62_7efdd451ec9ecd90 NULL /scratch/zaki/workspace/baobab/pfb_fir_real_core/synth_model/pfb_fir_real_core.vhd sub00/vhpl12 1335225167
EN bmg_62_1aa0829514e8ac73 NULL /scratch/zaki/workspace/baobab/pfb_fir_real_core/synth_model/pfb_fir_real_core.vhd sub00/vhpl22 1335225177
EN bmg_62_87538d1b92b16ce1 NULL /scratch/zaki/workspace/baobab/pfb_fir_real_core/synth_model/pfb_fir_real_core.vhd sub00/vhpl06 1335225161
AR reinterpret_d9988e3d87 behavior /scratch/zaki/workspace/baobab/pfb_fir_real_core/synth_model/pfb_fir_real_core.vhd sub00/vhpl95 1335225250
EN pol1_in4_first_tap_entity_98624d1168 NULL /scratch/zaki/workspace/baobab/pfb_fir_real_core/synth_model/pfb_fir_real_core.vhd sub01/vhpl138 1335225293
EN pol1_in2_tap2_entity_f7d5ed298b NULL /scratch/zaki/workspace/baobab/pfb_fir_real_core/synth_model/pfb_fir_real_core.vhd sub01/vhpl128 1335225283
EN constant_498bc68c14 NULL /scratch/zaki/workspace/baobab/pfb_fir_real_core/synth_model/pfb_fir_real_core.vhd sub00/vhpl78 1335225233
AR bmg_62_c9b13a26e1c976ed bmg_62_c9b13a26e1c976ed_a /scratch/zaki/workspace/baobab/pfb_fir_real_core/synth_model/pfb_fir_real_core.vhd sub00/vhpl05 1335225160
EN xladdsub NULL /scratch/zaki/workspace/baobab/pfb_fir_real_core/synth_model/pfb_fir_real_core.vhd sub00/vhpl54 1335225209
EN pol1_in2_first_tap_entity_9b3cc2de14 NULL /scratch/zaki/workspace/baobab/pfb_fir_real_core/synth_model/pfb_fir_real_core.vhd sub01/vhpl124 1335225279
AR pol1_in2_last_tap_entity_84112ff003 structural /scratch/zaki/workspace/baobab/pfb_fir_real_core/synth_model/pfb_fir_real_core.vhd sub01/vhpl127 1335225282
EN bmg_62_83fe0806cdc0420f NULL /scratch/zaki/workspace/baobab/pfb_fir_real_core/synth_model/pfb_fir_real_core.vhd sub00/vhpl20 1335225175
AR addsub_14e4f27748 behavior /scratch/zaki/workspace/baobab/pfb_fir_real_core/synth_model/pfb_fir_real_core.vhd sub00/vhpl53 1335225208
AR pol1_in3_first_tap_entity_8f34d19142 structural /scratch/zaki/workspace/baobab/pfb_fir_real_core/synth_model/pfb_fir_real_core.vhd sub01/vhpl135 1335225290
AR constant_fbc2f0cce1 behavior /scratch/zaki/workspace/baobab/pfb_fir_real_core/synth_model/pfb_fir_real_core.vhd sub00/vhpl81 1335225236
EN mult_124cfbcd07 NULL /scratch/zaki/workspace/baobab/pfb_fir_real_core/synth_model/pfb_fir_real_core.vhd sub00/vhpl90 1335225245
EN reinterpret_d9988e3d87 NULL /scratch/zaki/workspace/baobab/pfb_fir_real_core/synth_model/pfb_fir_real_core.vhd sub00/vhpl94 1335225249
EN xlcounter_free NULL /scratch/zaki/workspace/baobab/pfb_fir_real_core/synth_model/pfb_fir_real_core.vhd sub00/vhpl66 1335225221
EN bmg_62_69de893a5337e413 NULL /scratch/zaki/workspace/baobab/pfb_fir_real_core/synth_model/pfb_fir_real_core.vhd sub00/vhpl02 1335225157
AR bmg_62_9dec88cb108e8ea0 bmg_62_9dec88cb108e8ea0_a /scratch/zaki/workspace/baobab/pfb_fir_real_core/synth_model/pfb_fir_real_core.vhd sub00/vhpl37 1335225192
AR cntr_11_0_7ca694f8efe8d963 cntr_11_0_7ca694f8efe8d963_a /scratch/zaki/workspace/baobab/pfb_fir_real_core/synth_model/pfb_fir_real_core.vhd sub00/vhpl35 1335225190
AR constant_6293007044 behavior /scratch/zaki/workspace/baobab/pfb_fir_real_core/synth_model/pfb_fir_real_core.vhd sub00/vhpl59 1335225214
AR constant_f1ac4bddff behavior /scratch/zaki/workspace/baobab/pfb_fir_real_core/synth_model/pfb_fir_real_core.vhd sub00/vhpl77 1335225232
AR pol1_in2_tap3_entity_9a81e295a6 structural /scratch/zaki/workspace/baobab/pfb_fir_real_core/synth_model/pfb_fir_real_core.vhd sub01/vhpl131 1335225286
AR xlconvert_pipeline behavior /scratch/zaki/workspace/baobab/pfb_fir_real_core/synth_model/pfb_fir_real_core.vhd sub01/vhpl101 1335225256
AR bmg_62_d5b7eb23678de10c bmg_62_d5b7eb23678de10c_a /scratch/zaki/workspace/baobab/pfb_fir_real_core/synth_model/pfb_fir_real_core.vhd sub00/vhpl17 1335225172
EN bmg_62_f849e107d1112fef NULL /scratch/zaki/workspace/baobab/pfb_fir_real_core/synth_model/pfb_fir_real_core.vhd sub00/vhpl32 1335225187
AR bmg_62_c427435888f01a9f bmg_62_c427435888f01a9f_a /scratch/zaki/workspace/baobab/pfb_fir_real_core/synth_model/pfb_fir_real_core.vhd sub00/vhpl09 1335225164
EN single_reg_w_init NULL /scratch/zaki/workspace/baobab/pfb_fir_real_core/synth_model/pfb_fir_real_core.vhd sub00/vhpl48 1335225203
AR adder_1_2_entity_22508bb0bb structural /scratch/zaki/workspace/baobab/pfb_fir_real_core/synth_model/pfb_fir_real_core.vhd sub01/vhpl107 1335225262
AR srl17e structural /scratch/zaki/workspace/baobab/pfb_fir_real_core/synth_model/pfb_fir_real_core.vhd sub00/vhpl43 1335225198
EN pol1_in1_tap3_entity_092eff0612 NULL /scratch/zaki/workspace/baobab/pfb_fir_real_core/synth_model/pfb_fir_real_core.vhd sub01/vhpl120 1335225275
PH conv_pkg NULL /scratch/zaki/workspace/baobab/pfb_fir_real_core/synth_model/pfb_fir_real_core.vhd sub00/vhpl40 1335225195
AR xlcounter_free behavior /scratch/zaki/workspace/baobab/pfb_fir_real_core/synth_model/pfb_fir_real_core.vhd sub00/vhpl67 1335225222
EN bmg_62_23ab077301fa4682 NULL /scratch/zaki/workspace/baobab/pfb_fir_real_core/synth_model/pfb_fir_real_core.vhd sub00/vhpl38 1335225193
AR convert_pipeline behavior /scratch/zaki/workspace/baobab/pfb_fir_real_core/synth_model/pfb_fir_real_core.vhd sub00/vhpl99 1335225254
AR bmg_62_199e98588d9c0a81 bmg_62_199e98588d9c0a81_a /scratch/zaki/workspace/baobab/pfb_fir_real_core/synth_model/pfb_fir_real_core.vhd sub00/vhpl27 1335225182
EN srl17e NULL /scratch/zaki/workspace/baobab/pfb_fir_real_core/synth_model/pfb_fir_real_core.vhd sub00/vhpl42 1335225197
EN pol1_in2_tap3_entity_9a81e295a6 NULL /scratch/zaki/workspace/baobab/pfb_fir_real_core/synth_model/pfb_fir_real_core.vhd sub01/vhpl130 1335225285
AR single_reg_w_init structural /scratch/zaki/workspace/baobab/pfb_fir_real_core/synth_model/pfb_fir_real_core.vhd sub00/vhpl49 1335225204
EN logical_aacf6e1b0e NULL /scratch/zaki/workspace/baobab/pfb_fir_real_core/synth_model/pfb_fir_real_core.vhd sub00/vhpl82 1335225237
AR reinterpret_9a0fa0f632 behavior /scratch/zaki/workspace/baobab/pfb_fir_real_core/synth_model/pfb_fir_real_core.vhd sub00/vhpl93 1335225248
EN convert_pipeline NULL /scratch/zaki/workspace/baobab/pfb_fir_real_core/synth_model/pfb_fir_real_core.vhd sub00/vhpl98 1335225253
EN constant_6293007044 NULL /scratch/zaki/workspace/baobab/pfb_fir_real_core/synth_model/pfb_fir_real_core.vhd sub00/vhpl58 1335225213
EN xlspram NULL /scratch/zaki/workspace/baobab/pfb_fir_real_core/synth_model/pfb_fir_real_core.vhd sub00/vhpl62 1335225217
AR pol1_in2_tap2_entity_f7d5ed298b structural /scratch/zaki/workspace/baobab/pfb_fir_real_core/synth_model/pfb_fir_real_core.vhd sub01/vhpl129 1335225284
AR pol1_in1_last_tap_entity_12a21b52a5 structural /scratch/zaki/workspace/baobab/pfb_fir_real_core/synth_model/pfb_fir_real_core.vhd sub01/vhpl117 1335225272
AR xlspram behavior /scratch/zaki/workspace/baobab/pfb_fir_real_core/synth_model/pfb_fir_real_core.vhd sub00/vhpl63 1335225218
EN synth_reg_w_init NULL /scratch/zaki/workspace/baobab/pfb_fir_real_core/synth_model/pfb_fir_real_core.vhd sub00/vhpl50 1335225205
EN scale_f01f7ce486 NULL /scratch/zaki/workspace/baobab/pfb_fir_real_core/synth_model/pfb_fir_real_core.vhd sub01/vhpl102 1335225257
EN sync_delay_entity_20a0faa6ba NULL /scratch/zaki/workspace/baobab/pfb_fir_real_core/synth_model/pfb_fir_real_core.vhd sub01/vhpl112 1335225267
EN concat_a246e373e7 NULL /scratch/zaki/workspace/baobab/pfb_fir_real_core/synth_model/pfb_fir_real_core.vhd sub00/vhpl64 1335225219
AR synth_reg structural /scratch/zaki/workspace/baobab/pfb_fir_real_core/synth_model/pfb_fir_real_core.vhd sub00/vhpl45 1335225200
EN bmg_62_b6e6c9b59ce4fadf NULL /scratch/zaki/workspace/baobab/pfb_fir_real_core/synth_model/pfb_fir_real_core.vhd sub00/vhpl10 1335225165
EN bmg_62_c427435888f01a9f NULL /scratch/zaki/workspace/baobab/pfb_fir_real_core/synth_model/pfb_fir_real_core.vhd sub00/vhpl08 1335225163
AR synth_reg_reg behav /scratch/zaki/workspace/baobab/pfb_fir_real_core/synth_model/pfb_fir_real_core.vhd sub00/vhpl47 1335225202
EN cntr_11_0_7ca694f8efe8d963 NULL /scratch/zaki/workspace/baobab/pfb_fir_real_core/synth_model/pfb_fir_real_core.vhd sub00/vhpl34 1335225189
AR bmg_62_091470bf207d9593 bmg_62_091470bf207d9593_a /scratch/zaki/workspace/baobab/pfb_fir_real_core/synth_model/pfb_fir_real_core.vhd sub00/vhpl25 1335225180
EN bmg_62_9dec88cb108e8ea0 NULL /scratch/zaki/workspace/baobab/pfb_fir_real_core/synth_model/pfb_fir_real_core.vhd sub00/vhpl36 1335225191
AR pfb_coeff_gen_entity_5f9207c886 structural /scratch/zaki/workspace/baobab/pfb_fir_real_core/synth_model/pfb_fir_real_core.vhd sub01/vhpl133 1335225288
AR xlclockdriver behavior /scratch/zaki/workspace/baobab/pfb_fir_real_core/synth_model/pfb_fir_real_core_cw.vhd sub01/vhpl145 1335225300
AR xlslice behavior /scratch/zaki/workspace/baobab/pfb_fir_real_core/synth_model/pfb_fir_real_core.vhd sub00/vhpl97 1335225252
AR pfb_coeff_gen_entity_eff6b25f8f structural /scratch/zaki/workspace/baobab/pfb_fir_real_core/synth_model/pfb_fir_real_core.vhd sub01/vhpl123 1335225278
EN synth_reg NULL /scratch/zaki/workspace/baobab/pfb_fir_real_core/synth_model/pfb_fir_real_core.vhd sub00/vhpl44 1335225199
EN xlclockdriver NULL /scratch/zaki/workspace/baobab/pfb_fir_real_core/synth_model/pfb_fir_real_core_cw.vhd sub01/vhpl144 1335225299
EN delay_bram_entity_97267907c1 NULL /scratch/zaki/workspace/baobab/pfb_fir_real_core/synth_model/pfb_fir_real_core.vhd sub01/vhpl108 1335225263
AR bmg_62_d20d0ec823fdec4a bmg_62_d20d0ec823fdec4a_a /scratch/zaki/workspace/baobab/pfb_fir_real_core/synth_model/pfb_fir_real_core.vhd sub00/vhpl15 1335225170
EN pfb_coeff_gen_entity_eff6b25f8f NULL /scratch/zaki/workspace/baobab/pfb_fir_real_core/synth_model/pfb_fir_real_core.vhd sub01/vhpl122 1335225277
AR bmg_62_1aa0829514e8ac73 bmg_62_1aa0829514e8ac73_a /scratch/zaki/workspace/baobab/pfb_fir_real_core/synth_model/pfb_fir_real_core.vhd sub00/vhpl23 1335225178
AR cntr_11_0_b9730cea34623a8b cntr_11_0_b9730cea34623a8b_a /scratch/zaki/workspace/baobab/pfb_fir_real_core/synth_model/pfb_fir_real_core.vhd sub00/vhpl19 1335225174
AR concat_a246e373e7 behavior /scratch/zaki/workspace/baobab/pfb_fir_real_core/synth_model/pfb_fir_real_core.vhd sub00/vhpl65 1335225220
EN constant_f1ac4bddff NULL /scratch/zaki/workspace/baobab/pfb_fir_real_core/synth_model/pfb_fir_real_core.vhd sub00/vhpl76 1335225231
AR bmg_62_b6e6c9b59ce4fadf bmg_62_b6e6c9b59ce4fadf_a /scratch/zaki/workspace/baobab/pfb_fir_real_core/synth_model/pfb_fir_real_core.vhd sub00/vhpl11 1335225166
EN pfb_fir_real_entity_3a8ee1fb73 NULL /scratch/zaki/workspace/baobab/pfb_fir_real_core/synth_model/pfb_fir_real_core.vhd sub01/vhpl140 1335225295
EN addsub_14e4f27748 NULL /scratch/zaki/workspace/baobab/pfb_fir_real_core/synth_model/pfb_fir_real_core.vhd sub00/vhpl52 1335225207
AR bmg_62_87538d1b92b16ce1 bmg_62_87538d1b92b16ce1_a /scratch/zaki/workspace/baobab/pfb_fir_real_core/synth_model/pfb_fir_real_core.vhd sub00/vhpl07 1335225162
EN pol1_in2_last_tap_entity_84112ff003 NULL /scratch/zaki/workspace/baobab/pfb_fir_real_core/synth_model/pfb_fir_real_core.vhd sub01/vhpl126 1335225281
AR xlcounter_limit behavior /scratch/zaki/workspace/baobab/pfb_fir_real_core/synth_model/pfb_fir_real_core.vhd sub00/vhpl61 1335225216
EN reinterpret_9a0fa0f632 NULL /scratch/zaki/workspace/baobab/pfb_fir_real_core/synth_model/pfb_fir_real_core.vhd sub00/vhpl92 1335225247
EN xlslice NULL /scratch/zaki/workspace/baobab/pfb_fir_real_core/synth_model/pfb_fir_real_core.vhd sub00/vhpl96 1335225251
AR bmg_62_69de893a5337e413 bmg_62_69de893a5337e413_a /scratch/zaki/workspace/baobab/pfb_fir_real_core/synth_model/pfb_fir_real_core.vhd sub00/vhpl03 1335225158
EN pfb_fir_real_core NULL /scratch/zaki/workspace/baobab/pfb_fir_real_core/synth_model/pfb_fir_real_core.vhd sub01/vhpl142 1335225297
EN reinterpret_580feec131 NULL /scratch/zaki/workspace/baobab/pfb_fir_real_core/synth_model/pfb_fir_real_core.vhd sub00/vhpl74 1335225229
EN cntr_11_0_b9730cea34623a8b NULL /scratch/zaki/workspace/baobab/pfb_fir_real_core/synth_model/pfb_fir_real_core.vhd sub00/vhpl18 1335225173
AR mult_124cfbcd07 behavior /scratch/zaki/workspace/baobab/pfb_fir_real_core/synth_model/pfb_fir_real_core.vhd sub00/vhpl91 1335225246
AR bmg_62_745dba485f20f896 bmg_62_745dba485f20f896_a /scratch/zaki/workspace/baobab/pfb_fir_real_core/synth_model/pfb_fir_real_core.vhd sub00/vhpl31 1335225186
AR logical_aacf6e1b0e behavior /scratch/zaki/workspace/baobab/pfb_fir_real_core/synth_model/pfb_fir_real_core.vhd sub00/vhpl83 1335225238
AR bmg_62_7efdd451ec9ecd90 bmg_62_7efdd451ec9ecd90_a /scratch/zaki/workspace/baobab/pfb_fir_real_core/synth_model/pfb_fir_real_core.vhd sub00/vhpl13 1335225168
AR delay_bram_entity_97267907c1 structural /scratch/zaki/workspace/baobab/pfb_fir_real_core/synth_model/pfb_fir_real_core.vhd sub01/vhpl109 1335225264
AR xlsprom behavior /scratch/zaki/workspace/baobab/pfb_fir_real_core/synth_model/pfb_fir_real_core.vhd sub00/vhpl71 1335225226
AR pfb_fir_real_core structural /scratch/zaki/workspace/baobab/pfb_fir_real_core/synth_model/pfb_fir_real_core.vhd sub01/vhpl143 1335225298
AR delay_e18fb31a3d behavior /scratch/zaki/workspace/baobab/pfb_fir_real_core/synth_model/pfb_fir_real_core.vhd sub00/vhpl57 1335225212
AR relational_f6702ea2f7 behavior /scratch/zaki/workspace/baobab/pfb_fir_real_core/synth_model/pfb_fir_real_core.vhd sub00/vhpl89 1335225244
EN bmg_62_091470bf207d9593 NULL /scratch/zaki/workspace/baobab/pfb_fir_real_core/synth_model/pfb_fir_real_core.vhd sub00/vhpl24 1335225179
EN xlsprom NULL /scratch/zaki/workspace/baobab/pfb_fir_real_core/synth_model/pfb_fir_real_core.vhd sub00/vhpl70 1335225225
AR xladdsub behavior /scratch/zaki/workspace/baobab/pfb_fir_real_core/synth_model/pfb_fir_real_core.vhd sub00/vhpl55 1335225210
AR pfb_coeff_gen_entity_c3d4908339 structural /scratch/zaki/workspace/baobab/pfb_fir_real_core/synth_model/pfb_fir_real_core.vhd sub01/vhpl111 1335225266
EN default_clock_driver NULL /scratch/zaki/workspace/baobab/pfb_fir_real_core/synth_model/pfb_fir_real_core_cw.vhd sub01/vhpl146 1335225301
AR pol1_in4_first_tap_entity_98624d1168 structural /scratch/zaki/workspace/baobab/pfb_fir_real_core/synth_model/pfb_fir_real_core.vhd sub01/vhpl139 1335225294
EN pol1_in1_last_tap_entity_12a21b52a5 NULL /scratch/zaki/workspace/baobab/pfb_fir_real_core/synth_model/pfb_fir_real_core.vhd sub01/vhpl116 1335225271
EN pfb_coeff_gen_entity_6fa8d0eed9 NULL /scratch/zaki/workspace/baobab/pfb_fir_real_core/synth_model/pfb_fir_real_core.vhd sub01/vhpl136 1335225291
EN pfb_fir_real_core_cw NULL /scratch/zaki/workspace/baobab/pfb_fir_real_core/synth_model/pfb_fir_real_core_cw.vhd sub01/vhpl148 1335225303
AR bmg_62_83fe0806cdc0420f bmg_62_83fe0806cdc0420f_a /scratch/zaki/workspace/baobab/pfb_fir_real_core/synth_model/pfb_fir_real_core.vhd sub00/vhpl21 1335225176
EN bmg_62_199e98588d9c0a81 NULL /scratch/zaki/workspace/baobab/pfb_fir_real_core/synth_model/pfb_fir_real_core.vhd sub00/vhpl26 1335225181
AR bmg_62_23ab077301fa4682 bmg_62_23ab077301fa4682_a /scratch/zaki/workspace/baobab/pfb_fir_real_core/synth_model/pfb_fir_real_core.vhd sub00/vhpl39 1335225194
AR reinterpret_580feec131 behavior /scratch/zaki/workspace/baobab/pfb_fir_real_core/synth_model/pfb_fir_real_core.vhd sub00/vhpl75 1335225230
EN synth_reg_reg NULL /scratch/zaki/workspace/baobab/pfb_fir_real_core/synth_model/pfb_fir_real_core.vhd sub00/vhpl46 1335225201
AR synth_reg_w_init structural /scratch/zaki/workspace/baobab/pfb_fir_real_core/synth_model/pfb_fir_real_core.vhd sub00/vhpl51 1335225206
EN adder_1_1_entity_0c43e56af3 NULL /scratch/zaki/workspace/baobab/pfb_fir_real_core/synth_model/pfb_fir_real_core.vhd sub01/vhpl104 1335225259
AR relational_0ffd72e037 behavior /scratch/zaki/workspace/baobab/pfb_fir_real_core/synth_model/pfb_fir_real_core.vhd sub00/vhpl87 1335225242
EN xlcounter_limit NULL /scratch/zaki/workspace/baobab/pfb_fir_real_core/synth_model/pfb_fir_real_core.vhd sub00/vhpl60 1335225215
EN xlregister NULL /scratch/zaki/workspace/baobab/pfb_fir_real_core/synth_model/pfb_fir_real_core.vhd sub00/vhpl72 1335225227
EN mux_1bef4ba0e4 NULL /scratch/zaki/workspace/baobab/pfb_fir_real_core/synth_model/pfb_fir_real_core.vhd sub00/vhpl84 1335225239
