V3 232
FL /scratch/zaki/workspace/baobab/pfb_fir_real_core/synth_model/pfb_fir_real_core.vhd 2012/04/23.16:52:25 O.76xd
EN work/addsb_11_0_2b8a9ccb489abd02 1335225155 \
      FL /scratch/zaki/workspace/baobab/pfb_fir_real_core/synth_model/pfb_fir_real_core.vhd \
      PB ieee/std_logic_1164 1317710503
AR work/addsb_11_0_2b8a9ccb489abd02/addsb_11_0_2b8a9ccb489abd02_a 1335225156 \
      FL /scratch/zaki/workspace/baobab/pfb_fir_real_core/synth_model/pfb_fir_real_core.vhd \
      EN work/addsb_11_0_2b8a9ccb489abd02 1335225155
EN work/bmg_62_69de893a5337e413 1335225157 \
      FL /scratch/zaki/workspace/baobab/pfb_fir_real_core/synth_model/pfb_fir_real_core.vhd \
      PB ieee/std_logic_1164 1317710503
AR work/bmg_62_69de893a5337e413/bmg_62_69de893a5337e413_a 1335225158 \
      FL /scratch/zaki/workspace/baobab/pfb_fir_real_core/synth_model/pfb_fir_real_core.vhd \
      EN work/bmg_62_69de893a5337e413 1335225157
EN work/bmg_62_c9b13a26e1c976ed 1335225159 \
      FL /scratch/zaki/workspace/baobab/pfb_fir_real_core/synth_model/pfb_fir_real_core.vhd \
      PB ieee/std_logic_1164 1317710503
AR work/bmg_62_c9b13a26e1c976ed/bmg_62_c9b13a26e1c976ed_a 1335225160 \
      FL /scratch/zaki/workspace/baobab/pfb_fir_real_core/synth_model/pfb_fir_real_core.vhd \
      EN work/bmg_62_c9b13a26e1c976ed 1335225159
EN work/bmg_62_87538d1b92b16ce1 1335225161 \
      FL /scratch/zaki/workspace/baobab/pfb_fir_real_core/synth_model/pfb_fir_real_core.vhd \
      PB ieee/std_logic_1164 1317710503
AR work/bmg_62_87538d1b92b16ce1/bmg_62_87538d1b92b16ce1_a 1335225162 \
      FL /scratch/zaki/workspace/baobab/pfb_fir_real_core/synth_model/pfb_fir_real_core.vhd \
      EN work/bmg_62_87538d1b92b16ce1 1335225161
EN work/bmg_62_c427435888f01a9f 1335225163 \
      FL /scratch/zaki/workspace/baobab/pfb_fir_real_core/synth_model/pfb_fir_real_core.vhd \
      PB ieee/std_logic_1164 1317710503
AR work/bmg_62_c427435888f01a9f/bmg_62_c427435888f01a9f_a 1335225164 \
      FL /scratch/zaki/workspace/baobab/pfb_fir_real_core/synth_model/pfb_fir_real_core.vhd \
      EN work/bmg_62_c427435888f01a9f 1335225163
EN work/bmg_62_b6e6c9b59ce4fadf 1335225165 \
      FL /scratch/zaki/workspace/baobab/pfb_fir_real_core/synth_model/pfb_fir_real_core.vhd \
      PB ieee/std_logic_1164 1317710503
AR work/bmg_62_b6e6c9b59ce4fadf/bmg_62_b6e6c9b59ce4fadf_a 1335225166 \
      FL /scratch/zaki/workspace/baobab/pfb_fir_real_core/synth_model/pfb_fir_real_core.vhd \
      EN work/bmg_62_b6e6c9b59ce4fadf 1335225165
EN work/bmg_62_7efdd451ec9ecd90 1335225167 \
      FL /scratch/zaki/workspace/baobab/pfb_fir_real_core/synth_model/pfb_fir_real_core.vhd \
      PB ieee/std_logic_1164 1317710503
AR work/bmg_62_7efdd451ec9ecd90/bmg_62_7efdd451ec9ecd90_a 1335225168 \
      FL /scratch/zaki/workspace/baobab/pfb_fir_real_core/synth_model/pfb_fir_real_core.vhd \
      EN work/bmg_62_7efdd451ec9ecd90 1335225167
EN work/bmg_62_d20d0ec823fdec4a 1335225169 \
      FL /scratch/zaki/workspace/baobab/pfb_fir_real_core/synth_model/pfb_fir_real_core.vhd \
      PB ieee/std_logic_1164 1317710503
AR work/bmg_62_d20d0ec823fdec4a/bmg_62_d20d0ec823fdec4a_a 1335225170 \
      FL /scratch/zaki/workspace/baobab/pfb_fir_real_core/synth_model/pfb_fir_real_core.vhd \
      EN work/bmg_62_d20d0ec823fdec4a 1335225169
EN work/bmg_62_d5b7eb23678de10c 1335225171 \
      FL /scratch/zaki/workspace/baobab/pfb_fir_real_core/synth_model/pfb_fir_real_core.vhd \
      PB ieee/std_logic_1164 1317710503
AR work/bmg_62_d5b7eb23678de10c/bmg_62_d5b7eb23678de10c_a 1335225172 \
      FL /scratch/zaki/workspace/baobab/pfb_fir_real_core/synth_model/pfb_fir_real_core.vhd \
      EN work/bmg_62_d5b7eb23678de10c 1335225171
EN work/cntr_11_0_b9730cea34623a8b 1335225173 \
      FL /scratch/zaki/workspace/baobab/pfb_fir_real_core/synth_model/pfb_fir_real_core.vhd \
      PB ieee/std_logic_1164 1317710503
AR work/cntr_11_0_b9730cea34623a8b/cntr_11_0_b9730cea34623a8b_a 1335225174 \
      FL /scratch/zaki/workspace/baobab/pfb_fir_real_core/synth_model/pfb_fir_real_core.vhd \
      EN work/cntr_11_0_b9730cea34623a8b 1335225173
EN work/bmg_62_83fe0806cdc0420f 1335225175 \
      FL /scratch/zaki/workspace/baobab/pfb_fir_real_core/synth_model/pfb_fir_real_core.vhd \
      PB ieee/std_logic_1164 1317710503
AR work/bmg_62_83fe0806cdc0420f/bmg_62_83fe0806cdc0420f_a 1335225176 \
      FL /scratch/zaki/workspace/baobab/pfb_fir_real_core/synth_model/pfb_fir_real_core.vhd \
      EN work/bmg_62_83fe0806cdc0420f 1335225175
EN work/bmg_62_1aa0829514e8ac73 1335225177 \
      FL /scratch/zaki/workspace/baobab/pfb_fir_real_core/synth_model/pfb_fir_real_core.vhd \
      PB ieee/std_logic_1164 1317710503
AR work/bmg_62_1aa0829514e8ac73/bmg_62_1aa0829514e8ac73_a 1335225178 \
      FL /scratch/zaki/workspace/baobab/pfb_fir_real_core/synth_model/pfb_fir_real_core.vhd \
      EN work/bmg_62_1aa0829514e8ac73 1335225177
EN work/bmg_62_091470bf207d9593 1335225179 \
      FL /scratch/zaki/workspace/baobab/pfb_fir_real_core/synth_model/pfb_fir_real_core.vhd \
      PB ieee/std_logic_1164 1317710503
AR work/bmg_62_091470bf207d9593/bmg_62_091470bf207d9593_a 1335225180 \
      FL /scratch/zaki/workspace/baobab/pfb_fir_real_core/synth_model/pfb_fir_real_core.vhd \
      EN work/bmg_62_091470bf207d9593 1335225179
EN work/bmg_62_199e98588d9c0a81 1335225181 \
      FL /scratch/zaki/workspace/baobab/pfb_fir_real_core/synth_model/pfb_fir_real_core.vhd \
      PB ieee/std_logic_1164 1317710503
AR work/bmg_62_199e98588d9c0a81/bmg_62_199e98588d9c0a81_a 1335225182 \
      FL /scratch/zaki/workspace/baobab/pfb_fir_real_core/synth_model/pfb_fir_real_core.vhd \
      EN work/bmg_62_199e98588d9c0a81 1335225181
EN work/bmg_62_5f21d4ff216b1fd0 1335225183 \
      FL /scratch/zaki/workspace/baobab/pfb_fir_real_core/synth_model/pfb_fir_real_core.vhd \
      PB ieee/std_logic_1164 1317710503
AR work/bmg_62_5f21d4ff216b1fd0/bmg_62_5f21d4ff216b1fd0_a 1335225184 \
      FL /scratch/zaki/workspace/baobab/pfb_fir_real_core/synth_model/pfb_fir_real_core.vhd \
      EN work/bmg_62_5f21d4ff216b1fd0 1335225183
EN work/bmg_62_745dba485f20f896 1335225185 \
      FL /scratch/zaki/workspace/baobab/pfb_fir_real_core/synth_model/pfb_fir_real_core.vhd \
      PB ieee/std_logic_1164 1317710503
AR work/bmg_62_745dba485f20f896/bmg_62_745dba485f20f896_a 1335225186 \
      FL /scratch/zaki/workspace/baobab/pfb_fir_real_core/synth_model/pfb_fir_real_core.vhd \
      EN work/bmg_62_745dba485f20f896 1335225185
EN work/bmg_62_f849e107d1112fef 1335225187 \
      FL /scratch/zaki/workspace/baobab/pfb_fir_real_core/synth_model/pfb_fir_real_core.vhd \
      PB ieee/std_logic_1164 1317710503
AR work/bmg_62_f849e107d1112fef/bmg_62_f849e107d1112fef_a 1335225188 \
      FL /scratch/zaki/workspace/baobab/pfb_fir_real_core/synth_model/pfb_fir_real_core.vhd \
      EN work/bmg_62_f849e107d1112fef 1335225187
EN work/cntr_11_0_7ca694f8efe8d963 1335225189 \
      FL /scratch/zaki/workspace/baobab/pfb_fir_real_core/synth_model/pfb_fir_real_core.vhd \
      PB ieee/std_logic_1164 1317710503
AR work/cntr_11_0_7ca694f8efe8d963/cntr_11_0_7ca694f8efe8d963_a 1335225190 \
      FL /scratch/zaki/workspace/baobab/pfb_fir_real_core/synth_model/pfb_fir_real_core.vhd \
      EN work/cntr_11_0_7ca694f8efe8d963 1335225189
EN work/bmg_62_9dec88cb108e8ea0 1335225191 \
      FL /scratch/zaki/workspace/baobab/pfb_fir_real_core/synth_model/pfb_fir_real_core.vhd \
      PB ieee/std_logic_1164 1317710503
AR work/bmg_62_9dec88cb108e8ea0/bmg_62_9dec88cb108e8ea0_a 1335225192 \
      FL /scratch/zaki/workspace/baobab/pfb_fir_real_core/synth_model/pfb_fir_real_core.vhd \
      EN work/bmg_62_9dec88cb108e8ea0 1335225191
EN work/bmg_62_23ab077301fa4682 1335225193 \
      FL /scratch/zaki/workspace/baobab/pfb_fir_real_core/synth_model/pfb_fir_real_core.vhd \
      PB ieee/std_logic_1164 1317710503
AR work/bmg_62_23ab077301fa4682/bmg_62_23ab077301fa4682_a 1335225194 \
      FL /scratch/zaki/workspace/baobab/pfb_fir_real_core/synth_model/pfb_fir_real_core.vhd \
      EN work/bmg_62_23ab077301fa4682 1335225193
PH work/conv_pkg 1335225195 \
      FL /scratch/zaki/workspace/baobab/pfb_fir_real_core/synth_model/pfb_fir_real_core.vhd \
      PB ieee/std_logic_1164 1317710503 PB ieee/NUMERIC_STD 1317710508
PB work/conv_pkg 1335225196 \
      FL /scratch/zaki/workspace/baobab/pfb_fir_real_core/synth_model/pfb_fir_real_core.vhd \
      PH work/conv_pkg 1335225195
EN work/srl17e 1335225197 \
      FL /scratch/zaki/workspace/baobab/pfb_fir_real_core/synth_model/pfb_fir_real_core.vhd \
      PB ieee/std_logic_1164 1317710503 PB work/conv_pkg 1335225196
AR work/srl17e/structural 1335225198 \
      FL /scratch/zaki/workspace/baobab/pfb_fir_real_core/synth_model/pfb_fir_real_core.vhd \
      EN work/srl17e 1335225197 CP srl16e CP fde
EN work/synth_reg 1335225199 \
      FL /scratch/zaki/workspace/baobab/pfb_fir_real_core/synth_model/pfb_fir_real_core.vhd \
      PB ieee/std_logic_1164 1317710503 PB work/conv_pkg 1335225196
AR work/synth_reg/structural 1335225200 \
      FL /scratch/zaki/workspace/baobab/pfb_fir_real_core/synth_model/pfb_fir_real_core.vhd \
      EN work/synth_reg 1335225199 CP srl17e
EN work/synth_reg_reg 1335225201 \
      FL /scratch/zaki/workspace/baobab/pfb_fir_real_core/synth_model/pfb_fir_real_core.vhd \
      PB ieee/std_logic_1164 1317710503 PB work/conv_pkg 1335225196
AR work/synth_reg_reg/behav 1335225202 \
      FL /scratch/zaki/workspace/baobab/pfb_fir_real_core/synth_model/pfb_fir_real_core.vhd \
      EN work/synth_reg_reg 1335225201
EN work/single_reg_w_init 1335225203 \
      FL /scratch/zaki/workspace/baobab/pfb_fir_real_core/synth_model/pfb_fir_real_core.vhd \
      PB ieee/std_logic_1164 1317710503 PB work/conv_pkg 1335225196
AR work/single_reg_w_init/structural 1335225204 \
      FL /scratch/zaki/workspace/baobab/pfb_fir_real_core/synth_model/pfb_fir_real_core.vhd \
      EN work/single_reg_w_init 1335225203 CP fdre CP fdse
EN work/synth_reg_w_init 1335225205 \
      FL /scratch/zaki/workspace/baobab/pfb_fir_real_core/synth_model/pfb_fir_real_core.vhd \
      PB ieee/std_logic_1164 1317710503 PB work/conv_pkg 1335225196
AR work/synth_reg_w_init/structural 1335225206 \
      FL /scratch/zaki/workspace/baobab/pfb_fir_real_core/synth_model/pfb_fir_real_core.vhd \
      EN work/synth_reg_w_init 1335225205 CP single_reg_w_init
EN work/addsub_14e4f27748 1335225207 \
      FL /scratch/zaki/workspace/baobab/pfb_fir_real_core/synth_model/pfb_fir_real_core.vhd \
      PB ieee/std_logic_1164 1317710503 PB ieee/NUMERIC_STD 1317710508 \
      PB work/conv_pkg 1335225196
AR work/addsub_14e4f27748/behavior 1335225208 \
      FL /scratch/zaki/workspace/baobab/pfb_fir_real_core/synth_model/pfb_fir_real_core.vhd \
      EN work/addsub_14e4f27748 1335225207 CP work/synth_reg_w_init
EN work/xladdsub 1335225209 \
      FL /scratch/zaki/workspace/baobab/pfb_fir_real_core/synth_model/pfb_fir_real_core.vhd \
      PB ieee/std_logic_1164 1317710503 PB ieee/std_logic_arith 1317710504 \
      PB work/conv_pkg 1335225196
AR work/xladdsub/behavior 1335225210 \
      FL /scratch/zaki/workspace/baobab/pfb_fir_real_core/synth_model/pfb_fir_real_core.vhd \
      EN work/xladdsub 1335225209 CP addsb_11_0_2b8a9ccb489abd02 CP synth_reg
EN work/delay_e18fb31a3d 1335225211 \
      FL /scratch/zaki/workspace/baobab/pfb_fir_real_core/synth_model/pfb_fir_real_core.vhd \
      PB ieee/std_logic_1164 1317710503 PB ieee/NUMERIC_STD 1317710508 \
      PB work/conv_pkg 1335225196
AR work/delay_e18fb31a3d/behavior 1335225212 \
      FL /scratch/zaki/workspace/baobab/pfb_fir_real_core/synth_model/pfb_fir_real_core.vhd \
      EN work/delay_e18fb31a3d 1335225211
EN work/constant_6293007044 1335225213 \
      FL /scratch/zaki/workspace/baobab/pfb_fir_real_core/synth_model/pfb_fir_real_core.vhd \
      PB ieee/std_logic_1164 1317710503 PB ieee/NUMERIC_STD 1317710508 \
      PB work/conv_pkg 1335225196
AR work/constant_6293007044/behavior 1335225214 \
      FL /scratch/zaki/workspace/baobab/pfb_fir_real_core/synth_model/pfb_fir_real_core.vhd \
      EN work/constant_6293007044 1335225213
EN work/xlcounter_limit 1335225215 \
      FL /scratch/zaki/workspace/baobab/pfb_fir_real_core/synth_model/pfb_fir_real_core.vhd \
      PB ieee/std_logic_1164 1317710503 PB ieee/NUMERIC_STD 1317710508 \
      PB work/conv_pkg 1335225196
AR work/xlcounter_limit/behavior 1335225216 \
      FL /scratch/zaki/workspace/baobab/pfb_fir_real_core/synth_model/pfb_fir_real_core.vhd \
      EN work/xlcounter_limit 1335225215 CP cntr_11_0_b9730cea34623a8b
EN work/xlspram 1335225217 \
      FL /scratch/zaki/workspace/baobab/pfb_fir_real_core/synth_model/pfb_fir_real_core.vhd \
      PB ieee/std_logic_1164 1317710503 PB work/conv_pkg 1335225196
AR work/xlspram/behavior 1335225218 \
      FL /scratch/zaki/workspace/baobab/pfb_fir_real_core/synth_model/pfb_fir_real_core.vhd \
      EN work/xlspram 1335225217 CP bmg_62_b6e6c9b59ce4fadf CP synth_reg
EN work/concat_a246e373e7 1335225219 \
      FL /scratch/zaki/workspace/baobab/pfb_fir_real_core/synth_model/pfb_fir_real_core.vhd \
      PB ieee/std_logic_1164 1317710503 PB ieee/NUMERIC_STD 1317710508 \
      PB work/conv_pkg 1335225196
AR work/concat_a246e373e7/behavior 1335225220 \
      FL /scratch/zaki/workspace/baobab/pfb_fir_real_core/synth_model/pfb_fir_real_core.vhd \
      EN work/concat_a246e373e7 1335225219
EN work/xlcounter_free 1335225221 \
      FL /scratch/zaki/workspace/baobab/pfb_fir_real_core/synth_model/pfb_fir_real_core.vhd \
      PB ieee/std_logic_1164 1317710503 PB work/conv_pkg 1335225196
AR work/xlcounter_free/behavior 1335225222 \
      FL /scratch/zaki/workspace/baobab/pfb_fir_real_core/synth_model/pfb_fir_real_core.vhd \
      EN work/xlcounter_free 1335225221 CP cntr_11_0_b9730cea34623a8b \
      CP cntr_11_0_7ca694f8efe8d963
EN work/xldelay 1335225223 \
      FL /scratch/zaki/workspace/baobab/pfb_fir_real_core/synth_model/pfb_fir_real_core.vhd \
      PB ieee/std_logic_1164 1317710503 PB work/conv_pkg 1335225196
AR work/xldelay/behavior 1335225224 \
      FL /scratch/zaki/workspace/baobab/pfb_fir_real_core/synth_model/pfb_fir_real_core.vhd \
      EN work/xldelay 1335225223 CP synth_reg CP synth_reg_reg
EN work/xlsprom 1335225225 \
      FL /scratch/zaki/workspace/baobab/pfb_fir_real_core/synth_model/pfb_fir_real_core.vhd \
      PB ieee/std_logic_1164 1317710503 PB ieee/std_logic_arith 1317710504 \
      PB work/conv_pkg 1335225196
AR work/xlsprom/behavior 1335225226 \
      FL /scratch/zaki/workspace/baobab/pfb_fir_real_core/synth_model/pfb_fir_real_core.vhd \
      EN work/xlsprom 1335225225 CP bmg_62_d20d0ec823fdec4a \
      CP bmg_62_c9b13a26e1c976ed CP bmg_62_9dec88cb108e8ea0 \
      CP bmg_62_091470bf207d9593 CP bmg_62_d5b7eb23678de10c \
      CP bmg_62_5f21d4ff216b1fd0 CP bmg_62_745dba485f20f896 \
      CP bmg_62_23ab077301fa4682 CP bmg_62_1aa0829514e8ac73 \
      CP bmg_62_83fe0806cdc0420f CP bmg_62_87538d1b92b16ce1 \
      CP bmg_62_69de893a5337e413 CP bmg_62_199e98588d9c0a81 \
      CP bmg_62_c427435888f01a9f CP bmg_62_f849e107d1112fef \
      CP bmg_62_7efdd451ec9ecd90 CP synth_reg
EN work/xlregister 1335225227 \
      FL /scratch/zaki/workspace/baobab/pfb_fir_real_core/synth_model/pfb_fir_real_core.vhd \
      PB ieee/std_logic_1164 1317710503 PB work/conv_pkg 1335225196
AR work/xlregister/behavior 1335225228 \
      FL /scratch/zaki/workspace/baobab/pfb_fir_real_core/synth_model/pfb_fir_real_core.vhd \
      EN work/xlregister 1335225227 CP synth_reg_w_init
EN work/reinterpret_580feec131 1335225229 \
      FL /scratch/zaki/workspace/baobab/pfb_fir_real_core/synth_model/pfb_fir_real_core.vhd \
      PB ieee/std_logic_1164 1317710503 PB ieee/NUMERIC_STD 1317710508 \
      PB work/conv_pkg 1335225196
AR work/reinterpret_580feec131/behavior 1335225230 \
      FL /scratch/zaki/workspace/baobab/pfb_fir_real_core/synth_model/pfb_fir_real_core.vhd \
      EN work/reinterpret_580feec131 1335225229
EN work/constant_f1ac4bddff 1335225231 \
      FL /scratch/zaki/workspace/baobab/pfb_fir_real_core/synth_model/pfb_fir_real_core.vhd \
      PB ieee/std_logic_1164 1317710503 PB ieee/NUMERIC_STD 1317710508 \
      PB work/conv_pkg 1335225196
AR work/constant_f1ac4bddff/behavior 1335225232 \
      FL /scratch/zaki/workspace/baobab/pfb_fir_real_core/synth_model/pfb_fir_real_core.vhd \
      EN work/constant_f1ac4bddff 1335225231
EN work/constant_498bc68c14 1335225233 \
      FL /scratch/zaki/workspace/baobab/pfb_fir_real_core/synth_model/pfb_fir_real_core.vhd \
      PB ieee/std_logic_1164 1317710503 PB ieee/NUMERIC_STD 1317710508 \
      PB work/conv_pkg 1335225196
AR work/constant_498bc68c14/behavior 1335225234 \
      FL /scratch/zaki/workspace/baobab/pfb_fir_real_core/synth_model/pfb_fir_real_core.vhd \
      EN work/constant_498bc68c14 1335225233
EN work/constant_fbc2f0cce1 1335225235 \
      FL /scratch/zaki/workspace/baobab/pfb_fir_real_core/synth_model/pfb_fir_real_core.vhd \
      PB ieee/std_logic_1164 1317710503 PB ieee/NUMERIC_STD 1317710508 \
      PB work/conv_pkg 1335225196
AR work/constant_fbc2f0cce1/behavior 1335225236 \
      FL /scratch/zaki/workspace/baobab/pfb_fir_real_core/synth_model/pfb_fir_real_core.vhd \
      EN work/constant_fbc2f0cce1 1335225235
EN work/logical_aacf6e1b0e 1335225237 \
      FL /scratch/zaki/workspace/baobab/pfb_fir_real_core/synth_model/pfb_fir_real_core.vhd \
      PB ieee/std_logic_1164 1317710503 PB ieee/NUMERIC_STD 1317710508 \
      PB work/conv_pkg 1335225196
AR work/logical_aacf6e1b0e/behavior 1335225238 \
      FL /scratch/zaki/workspace/baobab/pfb_fir_real_core/synth_model/pfb_fir_real_core.vhd \
      EN work/logical_aacf6e1b0e 1335225237
EN work/mux_1bef4ba0e4 1335225239 \
      FL /scratch/zaki/workspace/baobab/pfb_fir_real_core/synth_model/pfb_fir_real_core.vhd \
      PB ieee/std_logic_1164 1317710503 PB ieee/NUMERIC_STD 1317710508 \
      PB work/conv_pkg 1335225196
AR work/mux_1bef4ba0e4/behavior 1335225240 \
      FL /scratch/zaki/workspace/baobab/pfb_fir_real_core/synth_model/pfb_fir_real_core.vhd \
      EN work/mux_1bef4ba0e4 1335225239
EN work/relational_0ffd72e037 1335225241 \
      FL /scratch/zaki/workspace/baobab/pfb_fir_real_core/synth_model/pfb_fir_real_core.vhd \
      PB ieee/std_logic_1164 1317710503 PB ieee/NUMERIC_STD 1317710508 \
      PB work/conv_pkg 1335225196
AR work/relational_0ffd72e037/behavior 1335225242 \
      FL /scratch/zaki/workspace/baobab/pfb_fir_real_core/synth_model/pfb_fir_real_core.vhd \
      EN work/relational_0ffd72e037 1335225241
EN work/relational_f6702ea2f7 1335225243 \
      FL /scratch/zaki/workspace/baobab/pfb_fir_real_core/synth_model/pfb_fir_real_core.vhd \
      PB ieee/std_logic_1164 1317710503 PB ieee/NUMERIC_STD 1317710508 \
      PB work/conv_pkg 1335225196
AR work/relational_f6702ea2f7/behavior 1335225244 \
      FL /scratch/zaki/workspace/baobab/pfb_fir_real_core/synth_model/pfb_fir_real_core.vhd \
      EN work/relational_f6702ea2f7 1335225243
EN work/mult_124cfbcd07 1335225245 \
      FL /scratch/zaki/workspace/baobab/pfb_fir_real_core/synth_model/pfb_fir_real_core.vhd \
      PB ieee/std_logic_1164 1317710503 PB ieee/NUMERIC_STD 1317710508 \
      PB work/conv_pkg 1335225196
AR work/mult_124cfbcd07/behavior 1335225246 \
      FL /scratch/zaki/workspace/baobab/pfb_fir_real_core/synth_model/pfb_fir_real_core.vhd \
      EN work/mult_124cfbcd07 1335225245
EN work/reinterpret_9a0fa0f632 1335225247 \
      FL /scratch/zaki/workspace/baobab/pfb_fir_real_core/synth_model/pfb_fir_real_core.vhd \
      PB ieee/std_logic_1164 1317710503 PB ieee/NUMERIC_STD 1317710508 \
      PB work/conv_pkg 1335225196
AR work/reinterpret_9a0fa0f632/behavior 1335225248 \
      FL /scratch/zaki/workspace/baobab/pfb_fir_real_core/synth_model/pfb_fir_real_core.vhd \
      EN work/reinterpret_9a0fa0f632 1335225247
EN work/reinterpret_d9988e3d87 1335225249 \
      FL /scratch/zaki/workspace/baobab/pfb_fir_real_core/synth_model/pfb_fir_real_core.vhd \
      PB ieee/std_logic_1164 1317710503 PB ieee/NUMERIC_STD 1317710508 \
      PB work/conv_pkg 1335225196
AR work/reinterpret_d9988e3d87/behavior 1335225250 \
      FL /scratch/zaki/workspace/baobab/pfb_fir_real_core/synth_model/pfb_fir_real_core.vhd \
      EN work/reinterpret_d9988e3d87 1335225249
EN work/xlslice 1335225251 \
      FL /scratch/zaki/workspace/baobab/pfb_fir_real_core/synth_model/pfb_fir_real_core.vhd \
      PB ieee/std_logic_1164 1317710503 PB ieee/std_logic_arith 1317710504 \
      PB work/conv_pkg 1335225196
AR work/xlslice/behavior 1335225252 \
      FL /scratch/zaki/workspace/baobab/pfb_fir_real_core/synth_model/pfb_fir_real_core.vhd \
      EN work/xlslice 1335225251
EN work/convert_pipeline 1335225253 \
      FL /scratch/zaki/workspace/baobab/pfb_fir_real_core/synth_model/pfb_fir_real_core.vhd \
      PB ieee/std_logic_1164 1317710503 PB work/conv_pkg 1335225196
AR work/convert_pipeline/behavior 1335225254 \
      FL /scratch/zaki/workspace/baobab/pfb_fir_real_core/synth_model/pfb_fir_real_core.vhd \
      EN work/convert_pipeline 1335225253 CP synth_reg
EN work/xlconvert_pipeline 1335225255 \
      FL /scratch/zaki/workspace/baobab/pfb_fir_real_core/synth_model/pfb_fir_real_core.vhd \
      PB ieee/std_logic_1164 1317710503 PB work/conv_pkg 1335225196
AR work/xlconvert_pipeline/behavior 1335225256 \
      FL /scratch/zaki/workspace/baobab/pfb_fir_real_core/synth_model/pfb_fir_real_core.vhd \
      EN work/xlconvert_pipeline 1335225255 CP convert_pipeline
EN work/scale_f01f7ce486 1335225257 \
      FL /scratch/zaki/workspace/baobab/pfb_fir_real_core/synth_model/pfb_fir_real_core.vhd \
      PB ieee/std_logic_1164 1317710503 PB ieee/NUMERIC_STD 1317710508 \
      PB work/conv_pkg 1335225196
AR work/scale_f01f7ce486/behavior 1335225258 \
      FL /scratch/zaki/workspace/baobab/pfb_fir_real_core/synth_model/pfb_fir_real_core.vhd \
      EN work/scale_f01f7ce486 1335225257
EN work/adder_1_1_entity_0c43e56af3 1335225259 \
      FL /scratch/zaki/workspace/baobab/pfb_fir_real_core/synth_model/pfb_fir_real_core.vhd \
      PB ieee/std_logic_1164 1317710503 PB work/conv_pkg 1335225196
AR work/adder_1_1_entity_0c43e56af3/structural 1335225260 \
      FL /scratch/zaki/workspace/baobab/pfb_fir_real_core/synth_model/pfb_fir_real_core.vhd \
      EN work/adder_1_1_entity_0c43e56af3 1335225259 CP work/addsub_14e4f27748 \
      CP work/xladdsub CP work/delay_e18fb31a3d
EN work/adder_1_2_entity_22508bb0bb 1335225261 \
      FL /scratch/zaki/workspace/baobab/pfb_fir_real_core/synth_model/pfb_fir_real_core.vhd \
      PB ieee/std_logic_1164 1317710503 PB work/conv_pkg 1335225196
AR work/adder_1_2_entity_22508bb0bb/structural 1335225262 \
      FL /scratch/zaki/workspace/baobab/pfb_fir_real_core/synth_model/pfb_fir_real_core.vhd \
      EN work/adder_1_2_entity_22508bb0bb 1335225261 CP work/addsub_14e4f27748 \
      CP work/xladdsub
EN work/delay_bram_entity_97267907c1 1335225263 \
      FL /scratch/zaki/workspace/baobab/pfb_fir_real_core/synth_model/pfb_fir_real_core.vhd \
      PB ieee/std_logic_1164 1317710503 PB work/conv_pkg 1335225196
AR work/delay_bram_entity_97267907c1/structural 1335225264 \
      FL /scratch/zaki/workspace/baobab/pfb_fir_real_core/synth_model/pfb_fir_real_core.vhd \
      EN work/delay_bram_entity_97267907c1 1335225263 CP work/constant_6293007044 \
      CP work/xlcounter_limit CP work/xlspram
EN work/pfb_coeff_gen_entity_c3d4908339 1335225265 \
      FL /scratch/zaki/workspace/baobab/pfb_fir_real_core/synth_model/pfb_fir_real_core.vhd \
      PB ieee/std_logic_1164 1317710503 PB work/conv_pkg 1335225196
AR work/pfb_coeff_gen_entity_c3d4908339/structural 1335225266 \
      FL /scratch/zaki/workspace/baobab/pfb_fir_real_core/synth_model/pfb_fir_real_core.vhd \
      EN work/pfb_coeff_gen_entity_c3d4908339 1335225265 \
      CP work/concat_a246e373e7 CP work/xlcounter_free CP work/xldelay \
      CP work/xlregister CP work/reinterpret_580feec131 CP work/xlsprom
EN work/sync_delay_entity_20a0faa6ba 1335225267 \
      FL /scratch/zaki/workspace/baobab/pfb_fir_real_core/synth_model/pfb_fir_real_core.vhd \
      PB ieee/std_logic_1164 1317710503 PB work/conv_pkg 1335225196
AR work/sync_delay_entity_20a0faa6ba/structural 1335225268 \
      FL /scratch/zaki/workspace/baobab/pfb_fir_real_core/synth_model/pfb_fir_real_core.vhd \
      EN work/sync_delay_entity_20a0faa6ba 1335225267 CP work/constant_498bc68c14 \
      CP work/constant_fbc2f0cce1 CP work/constant_6293007044 \
      CP work/constant_f1ac4bddff CP work/xlcounter_free \
      CP work/logical_aacf6e1b0e CP work/mux_1bef4ba0e4 \
      CP work/relational_0ffd72e037 CP work/relational_f6702ea2f7
EN work/pol1_in1_first_tap_entity_48bba19602 1335225269 \
      FL /scratch/zaki/workspace/baobab/pfb_fir_real_core/synth_model/pfb_fir_real_core.vhd \
      PB ieee/std_logic_1164 1317710503 PB work/conv_pkg 1335225196
AR work/pol1_in1_first_tap_entity_48bba19602/structural 1335225270 \
      FL /scratch/zaki/workspace/baobab/pfb_fir_real_core/synth_model/pfb_fir_real_core.vhd \
      EN work/pol1_in1_first_tap_entity_48bba19602 1335225269 \
      CP work/delay_bram_entity_97267907c1 CP work/mult_124cfbcd07 \
      CP work/pfb_coeff_gen_entity_c3d4908339 CP work/reinterpret_9a0fa0f632 \
      CP work/reinterpret_d9988e3d87 CP work/xlslice \
      CP work/sync_delay_entity_20a0faa6ba
EN work/pol1_in1_last_tap_entity_12a21b52a5 1335225271 \
      FL /scratch/zaki/workspace/baobab/pfb_fir_real_core/synth_model/pfb_fir_real_core.vhd \
      PB ieee/std_logic_1164 1317710503 PB work/conv_pkg 1335225196
AR work/pol1_in1_last_tap_entity_12a21b52a5/structural 1335225272 \
      FL /scratch/zaki/workspace/baobab/pfb_fir_real_core/synth_model/pfb_fir_real_core.vhd \
      EN work/pol1_in1_last_tap_entity_12a21b52a5 1335225271 CP work/xldelay \
      CP work/mult_124cfbcd07 CP work/reinterpret_9a0fa0f632 \
      CP work/reinterpret_d9988e3d87
EN work/pol1_in1_tap2_entity_514e98c1c4 1335225273 \
      FL /scratch/zaki/workspace/baobab/pfb_fir_real_core/synth_model/pfb_fir_real_core.vhd \
      PB ieee/std_logic_1164 1317710503 PB work/conv_pkg 1335225196
AR work/pol1_in1_tap2_entity_514e98c1c4/structural 1335225274 \
      FL /scratch/zaki/workspace/baobab/pfb_fir_real_core/synth_model/pfb_fir_real_core.vhd \
      EN work/pol1_in1_tap2_entity_514e98c1c4 1335225273 \
      CP work/delay_bram_entity_97267907c1 CP work/mult_124cfbcd07 \
      CP work/reinterpret_9a0fa0f632 CP work/reinterpret_d9988e3d87 \
      CP work/xlslice CP work/sync_delay_entity_20a0faa6ba
EN work/pol1_in1_tap3_entity_092eff0612 1335225275 \
      FL /scratch/zaki/workspace/baobab/pfb_fir_real_core/synth_model/pfb_fir_real_core.vhd \
      PB ieee/std_logic_1164 1317710503 PB work/conv_pkg 1335225196
AR work/pol1_in1_tap3_entity_092eff0612/structural 1335225276 \
      FL /scratch/zaki/workspace/baobab/pfb_fir_real_core/synth_model/pfb_fir_real_core.vhd \
      EN work/pol1_in1_tap3_entity_092eff0612 1335225275 \
      CP work/delay_bram_entity_97267907c1 CP work/mult_124cfbcd07 \
      CP work/reinterpret_9a0fa0f632 CP work/reinterpret_d9988e3d87 \
      CP work/xlslice CP work/sync_delay_entity_20a0faa6ba
EN work/pfb_coeff_gen_entity_eff6b25f8f 1335225277 \
      FL /scratch/zaki/workspace/baobab/pfb_fir_real_core/synth_model/pfb_fir_real_core.vhd \
      PB ieee/std_logic_1164 1317710503 PB work/conv_pkg 1335225196
AR work/pfb_coeff_gen_entity_eff6b25f8f/structural 1335225278 \
      FL /scratch/zaki/workspace/baobab/pfb_fir_real_core/synth_model/pfb_fir_real_core.vhd \
      EN work/pfb_coeff_gen_entity_eff6b25f8f 1335225277 \
      CP work/concat_a246e373e7 CP work/xlcounter_free CP work/xldelay \
      CP work/xlregister CP work/reinterpret_580feec131 CP work/xlsprom
EN work/pol1_in2_first_tap_entity_9b3cc2de14 1335225279 \
      FL /scratch/zaki/workspace/baobab/pfb_fir_real_core/synth_model/pfb_fir_real_core.vhd \
      PB ieee/std_logic_1164 1317710503 PB work/conv_pkg 1335225196
AR work/pol1_in2_first_tap_entity_9b3cc2de14/structural 1335225280 \
      FL /scratch/zaki/workspace/baobab/pfb_fir_real_core/synth_model/pfb_fir_real_core.vhd \
      EN work/pol1_in2_first_tap_entity_9b3cc2de14 1335225279 \
      CP work/delay_bram_entity_97267907c1 CP work/mult_124cfbcd07 \
      CP work/pfb_coeff_gen_entity_eff6b25f8f CP work/reinterpret_9a0fa0f632 \
      CP work/reinterpret_d9988e3d87 CP work/xlslice
EN work/pol1_in2_last_tap_entity_84112ff003 1335225281 \
      FL /scratch/zaki/workspace/baobab/pfb_fir_real_core/synth_model/pfb_fir_real_core.vhd \
      PB ieee/std_logic_1164 1317710503 PB work/conv_pkg 1335225196
AR work/pol1_in2_last_tap_entity_84112ff003/structural 1335225282 \
      FL /scratch/zaki/workspace/baobab/pfb_fir_real_core/synth_model/pfb_fir_real_core.vhd \
      EN work/pol1_in2_last_tap_entity_84112ff003 1335225281 \
      CP work/mult_124cfbcd07 CP work/reinterpret_9a0fa0f632 \
      CP work/reinterpret_d9988e3d87
EN work/pol1_in2_tap2_entity_f7d5ed298b 1335225283 \
      FL /scratch/zaki/workspace/baobab/pfb_fir_real_core/synth_model/pfb_fir_real_core.vhd \
      PB ieee/std_logic_1164 1317710503 PB work/conv_pkg 1335225196
AR work/pol1_in2_tap2_entity_f7d5ed298b/structural 1335225284 \
      FL /scratch/zaki/workspace/baobab/pfb_fir_real_core/synth_model/pfb_fir_real_core.vhd \
      EN work/pol1_in2_tap2_entity_f7d5ed298b 1335225283 \
      CP work/delay_bram_entity_97267907c1 CP work/mult_124cfbcd07 \
      CP work/reinterpret_9a0fa0f632 CP work/reinterpret_d9988e3d87 \
      CP work/xlslice
EN work/pol1_in2_tap3_entity_9a81e295a6 1335225285 \
      FL /scratch/zaki/workspace/baobab/pfb_fir_real_core/synth_model/pfb_fir_real_core.vhd \
      PB ieee/std_logic_1164 1317710503 PB work/conv_pkg 1335225196
AR work/pol1_in2_tap3_entity_9a81e295a6/structural 1335225286 \
      FL /scratch/zaki/workspace/baobab/pfb_fir_real_core/synth_model/pfb_fir_real_core.vhd \
      EN work/pol1_in2_tap3_entity_9a81e295a6 1335225285 \
      CP work/delay_bram_entity_97267907c1 CP work/mult_124cfbcd07 \
      CP work/reinterpret_9a0fa0f632 CP work/reinterpret_d9988e3d87 \
      CP work/xlslice
EN work/pfb_coeff_gen_entity_5f9207c886 1335225287 \
      FL /scratch/zaki/workspace/baobab/pfb_fir_real_core/synth_model/pfb_fir_real_core.vhd \
      PB ieee/std_logic_1164 1317710503 PB work/conv_pkg 1335225196
AR work/pfb_coeff_gen_entity_5f9207c886/structural 1335225288 \
      FL /scratch/zaki/workspace/baobab/pfb_fir_real_core/synth_model/pfb_fir_real_core.vhd \
      EN work/pfb_coeff_gen_entity_5f9207c886 1335225287 \
      CP work/concat_a246e373e7 CP work/xlcounter_free CP work/xldelay \
      CP work/xlregister CP work/reinterpret_580feec131 CP work/xlsprom
EN work/pol1_in3_first_tap_entity_8f34d19142 1335225289 \
      FL /scratch/zaki/workspace/baobab/pfb_fir_real_core/synth_model/pfb_fir_real_core.vhd \
      PB ieee/std_logic_1164 1317710503 PB work/conv_pkg 1335225196
AR work/pol1_in3_first_tap_entity_8f34d19142/structural 1335225290 \
      FL /scratch/zaki/workspace/baobab/pfb_fir_real_core/synth_model/pfb_fir_real_core.vhd \
      EN work/pol1_in3_first_tap_entity_8f34d19142 1335225289 \
      CP work/delay_bram_entity_97267907c1 CP work/mult_124cfbcd07 \
      CP work/pfb_coeff_gen_entity_5f9207c886 CP work/reinterpret_9a0fa0f632 \
      CP work/reinterpret_d9988e3d87 CP work/xlslice
EN work/pfb_coeff_gen_entity_6fa8d0eed9 1335225291 \
      FL /scratch/zaki/workspace/baobab/pfb_fir_real_core/synth_model/pfb_fir_real_core.vhd \
      PB ieee/std_logic_1164 1317710503 PB work/conv_pkg 1335225196
AR work/pfb_coeff_gen_entity_6fa8d0eed9/structural 1335225292 \
      FL /scratch/zaki/workspace/baobab/pfb_fir_real_core/synth_model/pfb_fir_real_core.vhd \
      EN work/pfb_coeff_gen_entity_6fa8d0eed9 1335225291 \
      CP work/concat_a246e373e7 CP work/xlcounter_free CP work/xldelay \
      CP work/xlregister CP work/reinterpret_580feec131 CP work/xlsprom
EN work/pol1_in4_first_tap_entity_98624d1168 1335225293 \
      FL /scratch/zaki/workspace/baobab/pfb_fir_real_core/synth_model/pfb_fir_real_core.vhd \
      PB ieee/std_logic_1164 1317710503 PB work/conv_pkg 1335225196
AR work/pol1_in4_first_tap_entity_98624d1168/structural 1335225294 \
      FL /scratch/zaki/workspace/baobab/pfb_fir_real_core/synth_model/pfb_fir_real_core.vhd \
      EN work/pol1_in4_first_tap_entity_98624d1168 1335225293 \
      CP work/delay_bram_entity_97267907c1 CP work/mult_124cfbcd07 \
      CP work/pfb_coeff_gen_entity_6fa8d0eed9 CP work/reinterpret_9a0fa0f632 \
      CP work/reinterpret_d9988e3d87 CP work/xlslice
EN work/pfb_fir_real_entity_3a8ee1fb73 1335225295 \
      FL /scratch/zaki/workspace/baobab/pfb_fir_real_core/synth_model/pfb_fir_real_core.vhd \
      PB ieee/std_logic_1164 1317710503 PB work/conv_pkg 1335225196
AR work/pfb_fir_real_entity_3a8ee1fb73/structural 1335225296 \
      FL /scratch/zaki/workspace/baobab/pfb_fir_real_core/synth_model/pfb_fir_real_core.vhd \
      EN work/pfb_fir_real_entity_3a8ee1fb73 1335225295 \
      CP work/adder_1_1_entity_0c43e56af3 CP work/adder_1_2_entity_22508bb0bb \
      CP work/xlconvert_pipeline CP work/xldelay \
      CP work/pol1_in1_first_tap_entity_48bba19602 \
      CP work/pol1_in1_last_tap_entity_12a21b52a5 \
      CP work/pol1_in1_tap2_entity_514e98c1c4 \
      CP work/pol1_in1_tap3_entity_092eff0612 \
      CP work/pol1_in2_first_tap_entity_9b3cc2de14 \
      CP work/pol1_in2_last_tap_entity_84112ff003 \
      CP work/pol1_in2_tap2_entity_f7d5ed298b \
      CP work/pol1_in2_tap3_entity_9a81e295a6 \
      CP work/pol1_in3_first_tap_entity_8f34d19142 \
      CP work/pol1_in4_first_tap_entity_98624d1168 CP work/scale_f01f7ce486
EN work/pfb_fir_real_core 1335225297 \
      FL /scratch/zaki/workspace/baobab/pfb_fir_real_core/synth_model/pfb_fir_real_core.vhd \
      PB ieee/std_logic_1164 1317710503 PB work/conv_pkg 1335225196
AR work/pfb_fir_real_core/structural 1335225298 \
      FL /scratch/zaki/workspace/baobab/pfb_fir_real_core/synth_model/pfb_fir_real_core.vhd \
      EN work/pfb_fir_real_core 1335225297 CP work/pfb_fir_real_entity_3a8ee1fb73
FL /scratch/zaki/workspace/baobab/pfb_fir_real_core/synth_model/pfb_fir_real_core_cw.vhd 2012/04/23.16:52:25 O.76xd
EN work/xlclockdriver 1335225299 \
      FL /scratch/zaki/workspace/baobab/pfb_fir_real_core/synth_model/pfb_fir_real_core_cw.vhd \
      PB ieee/std_logic_1164 1317710503 PB ieee/NUMERIC_STD 1317710508 \
      PB work/conv_pkg 1335225196
AR work/xlclockdriver/behavior 1335225300 \
      FL /scratch/zaki/workspace/baobab/pfb_fir_real_core/synth_model/pfb_fir_real_core_cw.vhd \
      EN work/xlclockdriver 1335225299 CP synth_reg_w_init CP bufg
EN work/default_clock_driver 1335225301 \
      FL /scratch/zaki/workspace/baobab/pfb_fir_real_core/synth_model/pfb_fir_real_core_cw.vhd \
      PB ieee/std_logic_1164 1317710503 PB work/conv_pkg 1335225196
AR work/default_clock_driver/structural 1335225302 \
      FL /scratch/zaki/workspace/baobab/pfb_fir_real_core/synth_model/pfb_fir_real_core_cw.vhd \
      EN work/default_clock_driver 1335225301 CP work/xlclockdriver
EN work/pfb_fir_real_core_cw 1335225303 \
      FL /scratch/zaki/workspace/baobab/pfb_fir_real_core/synth_model/pfb_fir_real_core_cw.vhd \
      PB ieee/std_logic_1164 1317710503 PB work/conv_pkg 1335225196
AR work/pfb_fir_real_core_cw/structural 1335225304 \
      FL /scratch/zaki/workspace/baobab/pfb_fir_real_core/synth_model/pfb_fir_real_core_cw.vhd \
      EN work/pfb_fir_real_core_cw 1335225303 CP work/default_clock_driver \
      CP xlpersistentdff CP work/pfb_fir_real_core
